{"kind":"baseline","name":"control-known","passed":true}
{"kind":"baseline","name":"control-unknown","passed":true}
{"kind":"baseline","name":"pending-engine-date-edit","passed":false,"error":"AssertionError [ERR_ASSERTION]: Expected values to be strictly equal:"}
{"kind":"baseline","name":"pending-receipt-place-clear","passed":false,"error":"AssertionError [ERR_ASSERTION]: Expected values to be strictly equal:"}
{"kind":"baseline","name":"signature-rejection-while-engine-pending","passed":false,"error":"AssertionError [ERR_ASSERTION]: Expected values to be strictly deep-equal:"}
{"kind":"baseline","name":"late-signature-after-edit","passed":false,"error":"AssertionError [ERR_ASSERTION]: Expected values to be strictly equal:"}
{"kind":"baseline","name":"late-share-preparation-after-edit","passed":false,"error":"AssertionError [ERR_ASSERTION]: Expected values to be strictly equal:"}
{"kind":"baseline","name":"late-context-match-after-edit","passed":false,"error":"AssertionError [ERR_ASSERTION]: Expected values to be strictly equal:"}
{"kind":"baseline","name":"old-share-completion-newer-result","passed":false,"error":"AssertionError [ERR_ASSERTION]: Card saved↗"}
{"kind":"baseline","name":"old-dialog-intent-after-edit","passed":false,"error":"AssertionError [ERR_ASSERTION]: Expected values to be strictly equal:"}
{"kind":"baseline","name":"current-failure-clears-old-result","passed":false,"error":"AssertionError [ERR_ASSERTION]: Expected values to be strictly equal:"}
{"kind":"baseline","name":"positions-only-control","passed":true}
{"kind":"baseline","name":"pending-valid-positions-after-new-run","passed":false,"error":"AssertionError [ERR_ASSERTION]: Expected values to be strictly equal:"}
{"kind":"baseline","name":"pending-invalid-positions-after-new-run","passed":false,"error":"AssertionError [ERR_ASSERTION]: Expected values to be strictly equal:"}
{"kind":"baseline","name":"pending-conflicting-positions-after-new-run","passed":false,"error":"AssertionError [ERR_ASSERTION]: Expected values to be strictly equal:"}
{"kind":"baseline","name":"stale-controls-retry-focus","passed":false,"error":"AssertionError [ERR_ASSERTION]: Expected values to be strictly equal:"}
{"kind":"baseline","name":"unmount-pending-receipt","passed":true}
{"kind":"candidate","name":"control-known","passed":true}
{"kind":"candidate","name":"control-unknown","passed":true}
{"kind":"candidate","name":"pending-engine-date-edit","passed":true}
{"kind":"candidate","name":"pending-receipt-place-clear","passed":true}
{"kind":"candidate","name":"signature-rejection-while-engine-pending","passed":true}
{"kind":"candidate","name":"late-signature-after-edit","passed":true}
{"kind":"candidate","name":"late-share-preparation-after-edit","passed":true}
{"kind":"candidate","name":"late-context-match-after-edit","passed":true}
{"kind":"candidate","name":"old-share-completion-newer-result","passed":true}
{"kind":"candidate","name":"old-dialog-intent-after-edit","passed":true}
{"kind":"candidate","name":"current-failure-clears-old-result","passed":true}
{"kind":"candidate","name":"positions-only-control","passed":true}
{"kind":"candidate","name":"pending-valid-positions-after-new-run","passed":true}
{"kind":"candidate","name":"pending-invalid-positions-after-new-run","passed":true}
{"kind":"candidate","name":"pending-conflicting-positions-after-new-run","passed":true}
{"kind":"candidate","name":"stale-controls-retry-focus","passed":false,"error":"AssertionError [ERR_ASSERTION]: Expected values to be strictly equal:"}
{"kind":"candidate","name":"unmount-pending-receipt","passed":true}
{"baselinePass":4,"candidatePass":16,"candidateFail":["stale-controls-retry-focus"]}
