HTTP/2 200 
cache-control: max-age=300
content-security-policy: default-src 'none'; style-src 'unsafe-inline'; sandbox
content-type: application/octet-stream
etag: "75a221cd5ddbacf0c3adb8217ec402634e715c5b6ad0180dd9613638522e33d3"
strict-transport-security: max-age=31536000
x-content-type-options: nosniff
x-frame-options: deny
x-xss-protection: 1; mode=block
x-github-request-id: 882A:0BAA:6AE455:B67415:6A9F4D8F
x-github-edge-region: southeastasia
accept-ranges: bytes
date: Mon, 07 Sep 2026 23:54:18 GMT
via: 1.1 varnish
x-served-by: cache-bkk2280026-BKK
x-cache: HIT
x-cache-hits: 0
x-timer: S1788825259.770028,VS0,VE1
vary: Authorization,Accept-Encoding
access-control-allow-origin: *
cross-origin-resource-policy: cross-origin
x-fastly-request-id: a29bb3980d6dcfe645c85fbfa877a6161ba916b2
expires: Mon, 07 Sep 2026 23:59:18 GMT
source-age: 282
content-length: 36065

