{
  "remoteHeadBefore": "f803d2543ad81343b22d49326b8b46d0e2ea03a0",
  "remoteHeadAfter": "f803d2543ad81343b22d49326b8b46d0e2ea03a0",
  "remoteBaseBefore": "3845a04bcea822da3c30a18848ef3d8d133b7b66",
  "remoteBaseAfter": "3845a04bcea822da3c30a18848ef3d8d133b7b66",
  "pageLengths": [
    100,
    100,
    100,
    14
  ],
  "totalChangedFiles": 314,
  "statuses": {
    "modified": 21,
    "added": 293
  },
  "documentationPathCount": 298,
  "nonDocumentationCount": 16,
  "allChangedBlobIdentitiesMatch": true,
  "ci": {
    "exactFourLineAddition": true,
    "workflowHeadSha256": "5574577652bc6002884647804e6b99fa45c05840accbb3ce442620f5d32732a0",
    "existingPermissionsAndTriggersUnchanged": true,
    "dependenciesAndBrowserPinsUnchanged": true,
    "artifactDirectoriesWithinExistingAlwaysUpload": true,
    "timeoutMinutes": 5
  }
}
