{"name":"clear-propagates-and-preserves-fields","passed":true}
{"name":"clear-before-session-read","passed":true}
{"name":"clear-during-session-read","passed":true}
{"name":"profile-sync-cannot-certify-an-unknown-session-as-signed-out","passed":true}
{"name":"session-cache-unknown-after-clear","passed":true}
{"name":"session-cache-explicit-auth-null","passed":true}
{"name":"session-cache-observed-session-null","passed":true}
{"name":"clear-during-preference-read","passed":true}
{"name":"submitted-resend-clears-without-retry","passed":true}
{"name":"resend-frame-cannot-focus-replacement","passed":true}
{"name":"current-resend-retains-success-busy-and-focus","passed":true}
{"name":"resend-context-republish","passed":true}
{"name":"resend-session-replacement","passed":true}
{"name":"resend-profile-refresh","passed":true}
{"name":"resend-session-clone","passed":true}
{"name":"resend-allowed-access-refresh","passed":true}
{"name":"submitted-capture-clear","passed":true}
{"name":"submitted-capture-replacement","passed":true}
{"name":"unrelated-footer-request-completes","passed":true}
{"name":"sign-focus-frame-cannot-escape-clear","passed":true}
{"name":"capture-markup-with-lifecycle-off","passed":true}
{"passed":21,"failed":0}
