✘ [ERROR] Invalid define value (must be an entity name or JS literal): {SSR:true,DEV:false}

/private/tmp/zodiacs-platform-local-date-catalog-count-independent-review/site/node_modules/esbuild/lib/main.js:1748
  let error = new Error(text);
              ^

Error: Build failed with 1 error:
error: Invalid define value (must be an entity name or JS literal): {SSR:true,DEV:false}
    at failureErrorWithLog (/private/tmp/zodiacs-platform-local-date-catalog-count-independent-review/site/node_modules/esbuild/lib/main.js:1748:15)
    at /private/tmp/zodiacs-platform-local-date-catalog-count-independent-review/site/node_modules/esbuild/lib/main.js:1207:25
    at /private/tmp/zodiacs-platform-local-date-catalog-count-independent-review/site/node_modules/esbuild/lib/main.js:1159:52
    at buildResponseToResult (/private/tmp/zodiacs-platform-local-date-catalog-count-independent-review/site/node_modules/esbuild/lib/main.js:1205:7)
    at /private/tmp/zodiacs-platform-local-date-catalog-count-independent-review/site/node_modules/esbuild/lib/main.js:1232:16
    at responseCallbacks.<computed> (/private/tmp/zodiacs-platform-local-date-catalog-count-independent-review/site/node_modules/esbuild/lib/main.js:884:9)
    at handleIncomingPacket (/private/tmp/zodiacs-platform-local-date-catalog-count-independent-review/site/node_modules/esbuild/lib/main.js:939:12)
    at Socket.readFromStdout (/private/tmp/zodiacs-platform-local-date-catalog-count-independent-review/site/node_modules/esbuild/lib/main.js:862:7)
    at Socket.emit (node:events:519:28)
    at addChunk (node:internal/streams/readable:561:12) {
  errors: [Getter/Setter],
  warnings: [Getter/Setter]
}

Node.js v22.23.2
