diff --git a/private/tmp/zodiacs-platform-site-seconds-adoption/package-lock.json b/package-lock.json
index f5e7eda0..c3057fdd 100644
--- a/private/tmp/zodiacs-platform-site-seconds-adoption/package-lock.json
+++ b/package-lock.json
@@ -401,51 +401,6 @@
         }
       }
     },
-    "node_modules/@astrojs/markdown-remark": {
-      "version": "7.2.4",
-      "resolved": "https://registry.npmjs.org/@astrojs/markdown-remark/-/markdown-remark-7.2.4.tgz",
-      "integrity": "sha512-MvspGMynWKAjTe4/lTUdmBPHIFKNVLTCF6UlyWGogTGzNrTvjD+D4n48k7h8swxsEPKHK2TwxkZO7uoaCv1Pow==",
-      "license": "MIT",
-      "optional": true,
-      "peer": true,
-      "dependencies": {
-        "@astrojs/internal-helpers": "0.10.4",
-        "@astrojs/prism": "4.0.2",
-        "github-slugger": "^2.0.0",
-        "hast-util-from-html": "^2.0.3",
-        "hast-util-to-text": "^4.0.2",
-        "mdast-util-definitions": "^6.0.0",
-        "rehype-raw": "^7.0.0",
-        "rehype-stringify": "^10.0.1",
-        "remark-gfm": "^4.0.1",
-        "remark-parse": "^11.0.0",
-        "remark-rehype": "^11.1.2",
-        "remark-smartypants": "^3.0.2",
-        "unified": "^11.0.5",
-        "unist-util-remove-position": "^5.0.0",
-        "unist-util-visit": "^5.1.0",
-        "unist-util-visit-parents": "^6.0.2",
-        "vfile": "^6.0.3"
-      }
-    },
-    "node_modules/@astrojs/markdown-remark/node_modules/@astrojs/internal-helpers": {
-      "version": "0.10.4",
-      "resolved": "https://registry.npmjs.org/@astrojs/internal-helpers/-/internal-helpers-0.10.4.tgz",
-      "integrity": "sha512-nozZSy/mKYLqe4YrqbKtdOszedAfXYCtw3wZ0d+CAjz4GqQ4L9rl1ltIL5BlgwmYVinJg/RZ0MgGuWOdlyRZlA==",
-      "license": "MIT",
-      "optional": true,
-      "peer": true,
-      "dependencies": {
-        "@types/hast": "^3.0.4",
-        "@types/mdast": "^4.0.4",
-        "js-yaml": "^4.3.0",
-        "picomatch": "^4.0.4",
-        "retext-smartypants": "^6.2.0",
-        "shiki": "^4.0.2",
-        "smol-toml": "^1.6.0",
-        "unified": "^11.0.5"
-      }
-    },
     "node_modules/@astrojs/markdown-satteri": {
       "version": "0.3.7",
       "resolved": "https://registry.npmjs.org/@astrojs/markdown-satteri/-/markdown-satteri-0.3.7.tgz",
@@ -1789,7 +1744,6 @@
       "cpu": [
         "arm64"
       ],
-      "dev": true,
       "license": "Apache-2.0",
       "optional": true,
       "os": [
@@ -1812,7 +1766,6 @@
       "cpu": [
         "x64"
       ],
-      "dev": true,
       "license": "Apache-2.0",
       "optional": true,
       "os": [
@@ -1832,7 +1785,6 @@
       "version": "0.35.3",
       "resolved": "https://registry.npmjs.org/@img/sharp-freebsd-wasm32/-/sharp-freebsd-wasm32-0.35.3.tgz",
       "integrity": "sha512-lUxcqWIj2wMQ9BrwNjngcr1gWUr5xgaGThBRqPPalIC2n67Cqj1uPh8NnA/ZhAg8hUbKl+kVHKwgUIwe6ZYPrg==",
-      "dev": true,
       "license": "Apache-2.0",
       "optional": true,
       "os": [
@@ -1855,7 +1807,6 @@
       "cpu": [
         "arm64"
       ],
-      "dev": true,
       "license": "LGPL-3.0-or-later",
       "optional": true,
       "os": [
@@ -1872,7 +1823,6 @@
       "cpu": [
         "x64"
       ],
-      "dev": true,
       "license": "LGPL-3.0-or-later",
       "optional": true,
       "os": [
@@ -1889,7 +1839,6 @@
       "cpu": [
         "arm"
       ],
-      "dev": true,
       "license": "LGPL-3.0-or-later",
       "optional": true,
       "os": [
@@ -1906,7 +1855,6 @@
       "cpu": [
         "arm64"
       ],
-      "dev": true,
       "license": "LGPL-3.0-or-later",
       "optional": true,
       "os": [
@@ -1923,7 +1871,6 @@
       "cpu": [
         "ppc64"
       ],
-      "dev": true,
       "license": "LGPL-3.0-or-later",
       "optional": true,
       "os": [
@@ -1940,7 +1887,6 @@
       "cpu": [
         "riscv64"
       ],
-      "dev": true,
       "license": "LGPL-3.0-or-later",
       "optional": true,
       "os": [
@@ -1957,7 +1903,6 @@
       "cpu": [
         "s390x"
       ],
-      "dev": true,
       "license": "LGPL-3.0-or-later",
       "optional": true,
       "os": [
@@ -1974,7 +1919,6 @@
       "cpu": [
         "x64"
       ],
-      "dev": true,
       "license": "LGPL-3.0-or-later",
       "optional": true,
       "os": [
@@ -1991,7 +1935,6 @@
       "cpu": [
         "arm64"
       ],
-      "dev": true,
       "license": "LGPL-3.0-or-later",
       "optional": true,
       "os": [
@@ -2008,7 +1951,6 @@
       "cpu": [
         "x64"
       ],
-      "dev": true,
       "license": "LGPL-3.0-or-later",
       "optional": true,
       "os": [
@@ -2025,7 +1967,6 @@
       "cpu": [
         "arm"
       ],
-      "dev": true,
       "license": "Apache-2.0",
       "optional": true,
       "os": [
@@ -2048,7 +1989,6 @@
       "cpu": [
         "arm64"
       ],
-      "dev": true,
       "license": "Apache-2.0",
       "optional": true,
       "os": [
@@ -2071,7 +2011,6 @@
       "cpu": [
         "ppc64"
       ],
-      "dev": true,
       "license": "Apache-2.0",
       "optional": true,
       "os": [
@@ -2094,7 +2033,6 @@
       "cpu": [
         "riscv64"
       ],
-      "dev": true,
       "license": "Apache-2.0",
       "optional": true,
       "os": [
@@ -2117,7 +2055,6 @@
       "cpu": [
         "s390x"
       ],
-      "dev": true,
       "license": "Apache-2.0",
       "optional": true,
       "os": [
@@ -2140,7 +2077,6 @@
       "cpu": [
         "x64"
       ],
-      "dev": true,
       "license": "Apache-2.0",
       "optional": true,
       "os": [
@@ -2163,7 +2099,6 @@
       "cpu": [
         "arm64"
       ],
-      "dev": true,
       "license": "Apache-2.0",
       "optional": true,
       "os": [
@@ -2186,7 +2121,6 @@
       "cpu": [
         "x64"
       ],
-      "dev": true,
       "license": "Apache-2.0",
       "optional": true,
       "os": [
@@ -2206,7 +2140,6 @@
       "version": "0.35.3",
       "resolved": "https://registry.npmjs.org/@img/sharp-wasm32/-/sharp-wasm32-0.35.3.tgz",
       "integrity": "sha512-cZ0XkcYGpHZkqW6iCkqTcmUC0CD9DhD5d/qeZlZkfRBn6GnHniZXLUo5+9xw8Iv76YE6LQFN9YNBlKREcCG76w==",
-      "dev": true,
       "license": "Apache-2.0 AND LGPL-3.0-or-later AND MIT",
       "optional": true,
       "dependencies": {
@@ -2226,7 +2159,6 @@
       "cpu": [
         "wasm32"
       ],
-      "dev": true,
       "license": "Apache-2.0",
       "optional": true,
       "dependencies": {
@@ -2246,7 +2178,6 @@
       "cpu": [
         "arm64"
       ],
-      "dev": true,
       "license": "Apache-2.0 AND LGPL-3.0-or-later",
       "optional": true,
       "os": [
@@ -2266,7 +2197,6 @@
       "cpu": [
         "ia32"
       ],
-      "dev": true,
       "license": "Apache-2.0 AND LGPL-3.0-or-later",
       "optional": true,
       "os": [
@@ -2286,7 +2216,6 @@
       "cpu": [
         "x64"
       ],
-      "dev": true,
       "license": "Apache-2.0 AND LGPL-3.0-or-later",
       "optional": true,
       "os": [
