{"name":"en-tool-1280","passed":true}
{"name":"en-tool-390","passed":true}
{"name":"en-moon-mode-1280","passed":true}
{"name":"en-moon-mode-390","passed":true}
{"name":"es-tool-1280","passed":true}
{"name":"es-tool-390","passed":true}
{"name":"es-moon-mode-1280","passed":true}
{"name":"es-moon-mode-390","passed":true}
{"name":"fr-tool-1280","passed":true}
{"name":"fr-tool-390","passed":true}
{"name":"fr-moon-mode-1280","passed":true}
{"name":"fr-moon-mode-390","passed":true}
{"name":"it-tool-1280","passed":true}
{"name":"it-tool-390","passed":true}
{"name":"it-moon-mode-1280","passed":true}
{"name":"it-moon-mode-390","passed":true}
{"name":"pt-tool-1280","passed":true}
{"name":"pt-tool-390","passed":true}
{"name":"pt-moon-mode-1280","passed":true}
{"name":"pt-moon-mode-390","passed":true}
{"name":"ru-tool-1280","passed":true}
{"name":"ru-tool-390","passed":true}
{"name":"ru-moon-mode-1280","passed":true}
{"name":"ru-moon-mode-390","passed":true}
{"outcome":"passed","passed":24,"failed":0}
