{"kind":"candidate","name":"control-known","passed":true}
{"kind":"candidate","name":"control-unknown","passed":true}
{"kind":"candidate","name":"pending-engine-date-edit","passed":true}
{"kind":"candidate","name":"pending-receipt-place-clear","passed":true}
{"kind":"candidate","name":"signature-rejection-while-engine-pending","passed":true}
{"kind":"candidate","name":"late-signature-after-edit","passed":true}
{"kind":"candidate","name":"late-share-preparation-after-edit","passed":true}
{"kind":"candidate","name":"late-context-match-after-edit","passed":true}
{"kind":"candidate","name":"old-share-completion-newer-result","passed":true}
{"kind":"candidate","name":"old-dialog-intent-after-edit","passed":true}
{"kind":"candidate","name":"current-failure-clears-old-result","passed":true}
{"kind":"candidate","name":"positions-only-control","passed":true}
{"kind":"candidate","name":"pending-valid-positions-after-new-run","passed":true}
{"kind":"candidate","name":"pending-invalid-positions-after-new-run","passed":true}
{"kind":"candidate","name":"pending-conflicting-positions-after-new-run","passed":true}
{"kind":"candidate","name":"stale-controls-retry-focus","passed":true}
{"kind":"candidate","name":"pending-positions-mine-revoke","passed":true}
{"kind":"candidate","name":"pending-positions-unchanged-profile","passed":true}
{"kind":"candidate","name":"pending-positions-regrant-profile","passed":true}
{"kind":"candidate","name":"pending-positions-revoked-public-id","passed":true}
{"kind":"candidate","name":"pending-positions-revoked-public-input","passed":true}
{"kind":"candidate","name":"unmount-pending-receipt","passed":true}
{"baselinePass":0,"candidatePass":22,"candidateFail":[]}
