{
  "recordedAt": "2026-09-08T04:31:10.226547+00:00",
  "baseSource": "8ee0e0183a3c4437af902858b1d76678d3e961a3",
  "implementationPatchSha256": "69a5fa55efbf961bb2760bffec4edfdc16ee6df575a84045961fe4e9ee5bbb45",
  "originalVisualGate": "FAIL: all three existing dimension mismatches reproduced; no baseline updated",
  "cases": [
    {
      "case": "birth-chart-kahlo-desktop-reduced-motion.actual.png",
      "currentSha256": "6485a2f54de2f8c14acf300ca36008c4d55631bdf7c8bb1a35ae221120094553",
      "baseSha256": "6485a2f54de2f8c14acf300ca36008c4d55631bdf7c8bb1a35ae221120094553",
      "byteIdentical": true,
      "width": 1440,
      "height": 9502,
      "rawDifferentPixels": 0,
      "maxChannelDifference": 0,
      "scoredDifferentPixels": 0,
      "scoredDiffRatio": 0
    },
    {
      "case": "birth-chart-kahlo-desktop.actual.png",
      "currentSha256": "b55f7ba96d2c253a34b644e0096967619ce01e29a5eb55edc4d5ea08071a4d40",
      "baseSha256": "506af433a1b3f05d4f7399a4395c4ea2bdc4c113a44beda5b95a658ee0cbb99a",
      "byteIdentical": false,
      "width": 1440,
      "height": 9502,
      "rawDifferentPixels": 53050,
      "maxChannelDifference": 24,
      "scoredDifferentPixels": 0,
      "scoredDiffRatio": 0
    },
    {
      "case": "birth-chart-kahlo-mobile.actual.png",
      "currentSha256": "fe433c1ed2871de2749d1c7fd3b2b00e77bbad736177b9ebc1d7df8b18821d35",
      "baseSha256": "fe433c1ed2871de2749d1c7fd3b2b00e77bbad736177b9ebc1d7df8b18821d35",
      "byteIdentical": true,
      "width": 390,
      "height": 14011,
      "rawDifferentPixels": 0,
      "maxChannelDifference": 0,
      "scoredDifferentPixels": 0,
      "scoredDiffRatio": 0
    }
  ],
  "originalPixelmatchThreshold": 0.1,
  "originalMaxDiffRatio": 0.001,
  "newMasks": 0,
  "originalBaselineUpdated": false
}
