{
  "schemaVersion": 1,
  "name": "@zodiacs/engine",
  "version": "0.1.1-rc.5",
  "releaseStatus": "unpublished-candidate",
  "releaseLabel": "Unpublished candidate",
  "artifactPath": "vendor/zodiacs-engine-0.1.1-rc.5.tgz",
  "artifactUrl": "https://raw.githubusercontent.com/ZodiacsOfficial/sdk/333369256af683c560603dd1e6411dd7a07adb1f/artifacts/zodiacs-engine-0.1.1-rc.5.tgz",
  "sha256": "1809c1686843a6be148eb185535e32059a20c35896e29ccfc7583a6b2738da65",
  "sourceRepository": "https://github.com/ZodiacsOfficial/sdk",
  "sourceCommit": "97f5e8d01828f4b85ffa845825dee9acff4695e4",
  "sourcePackagePath": "packages/engine",
  "evidenceRepository": "https://github.com/ZodiacsOfficial/site",
  "evidenceCommit": "d63773a3be2b4d40ff28a1075b9aaa9cb6c10793",
  "evidencePaths": {
    "ledger": "docs/platform/evidence/site-engine-rc5/README.md",
    "node22": "docs/platform/evidence/site-engine-rc5/independent-node-polar-node22.json",
    "node24": "docs/platform/evidence/site-engine-rc5/independent-node-polar-node24.json",
    "publicConsumer": "docs/platform/evidence/site-engine-rc5/public-candidate-consumer.log"
  },
  "artifactRepository": "https://github.com/ZodiacsOfficial/sdk",
  "artifactCommit": "333369256af683c560603dd1e6411dd7a07adb1f",
  "artifactRepositoryPath": "artifacts/zodiacs-engine-0.1.1-rc.5.tgz"
}
