HTTP/2 200 
cache-control: max-age=300
content-security-policy: default-src 'none'; style-src 'unsafe-inline'; sandbox
content-type: text/plain; charset=utf-8
etag: "f3a1930f5316533c863aebb32b161cd9227198fa64709f1787040cc1419ab38d"
strict-transport-security: max-age=31536000
x-content-type-options: nosniff
x-frame-options: deny
x-xss-protection: 1; mode=block
x-github-request-id: 5CA6:B0B21:80406D:F89D29:6A9F8866
x-github-edge-region: southeastasia
accept-ranges: bytes
date: Tue, 08 Sep 2026 04:00:40 GMT
via: 1.1 varnish
x-served-by: cache-bkk2280023-BKK
x-cache: MISS
x-cache-hits: 0
x-timer: S1788840040.923204,VS0,VE309
vary: Authorization,Accept-Encoding
access-control-allow-origin: *
cross-origin-resource-policy: cross-origin
x-fastly-request-id: fb2afc91b24529dd8b6c3063e60ac3b963ec5da1
expires: Tue, 08 Sep 2026 04:05:40 GMT
source-age: 0
content-length: 20310

