HTTP/2 200 
cache-control: max-age=300
content-security-policy: default-src 'none'; style-src 'unsafe-inline'; sandbox
content-type: application/octet-stream
etag: "75a221cd5ddbacf0c3adb8217ec402634e715c5b6ad0180dd9613638522e33d3"
strict-transport-security: max-age=31536000
x-content-type-options: nosniff
x-frame-options: deny
x-xss-protection: 1; mode=block
x-github-request-id: 283E:78274:814950:F9AE60:6A9F884E
x-github-edge-region: southeastasia
accept-ranges: bytes
date: Tue, 08 Sep 2026 04:00:15 GMT
via: 1.1 varnish
x-served-by: cache-bkk2280039-BKK
x-cache: MISS
x-cache-hits: 0
x-timer: S1788840015.636441,VS0,VE672
vary: Authorization,Accept-Encoding
access-control-allow-origin: *
cross-origin-resource-policy: cross-origin
x-fastly-request-id: 1c5e76536357515cecf1d594de01d03e8af5dbcd
expires: Tue, 08 Sep 2026 04:05:15 GMT
source-age: 0
content-length: 36065

