{
  "startedAt": "2026-09-08T04:00:16.510Z",
  "runtime": {
    "node": "v22.23.2",
    "icu": "78.2",
    "tz": "2026a"
  },
  "checks": [
    "exports/public",
    "exports/internal",
    "exports/math",
    "exports/full",
    "exports/houses",
    "exports/aspects",
    "exports/types",
    "graph/0.1.1-rc.1/site-full",
    "graph/0.1.1-rc.1/site-houses",
    "graph/0.1.1-rc.1/site-aspects",
    "graph/0.1.1-rc.1/site-types",
    "graph/0.1.1-rc.1/package-.",
    "graph/0.1.1-rc.1/package-./geo",
    "graph/0.1.1-rc.1/package-./internal",
    "graph/0.1.1-rc.1/package-./internal/math",
    "graph/0.1.1-rc.5/site-full",
    "graph/0.1.1-rc.5/site-houses",
    "graph/0.1.1-rc.5/site-aspects",
    "graph/0.1.1-rc.5/site-types",
    "graph/0.1.1-rc.5/package-.",
    "graph/0.1.1-rc.5/package-./geo",
    "graph/0.1.1-rc.5/package-./internal",
    "graph/0.1.1-rc.5/package-./internal/math",
    "graph/0.1.1-rc.5/package-./receipt",
    "chart/0004-02-29T08:30:00.000Z/0/whole",
    "chart/0004-02-29T08:30:00.000Z/0/placidus",
    "chart/0004-02-29T08:30:00.000Z/51.5074/whole",
    "chart/0004-02-29T08:30:00.000Z/51.5074/placidus",
    "chart/0004-02-29T08:30:00.000Z/-33.8688/whole",
    "chart/0004-02-29T08:30:00.000Z/-33.8688/placidus",
    "chart/0004-02-29T08:30:00.000Z/66/whole",
    "chart/0004-02-29T08:30:00.000Z/66/placidus",
    "chart/0004-02-29T08:30:00.000Z/66.00001/whole",
    "chart/0004-02-29T08:30:00.000Z/66.00001/placidus",
    "chart/0004-02-29T08:30:00.000Z/78.2232/whole",
    "chart/0004-02-29T08:30:00.000Z/78.2232/placidus",
    "chart/0004-02-29T08:30:00.000Z/-78.2232/whole",
    "chart/0004-02-29T08:30:00.000Z/-78.2232/placidus",
    "chart/0004-02-29T08:30:00.000Z/89.9999/whole",
    "chart/0004-02-29T08:30:00.000Z/89.9999/placidus",
    "chart/0099-12-31T23:59:59.999Z/0/whole",
    "chart/0099-12-31T23:59:59.999Z/0/placidus",
    "chart/0099-12-31T23:59:59.999Z/51.5074/whole",
    "chart/0099-12-31T23:59:59.999Z/51.5074/placidus",
    "chart/0099-12-31T23:59:59.999Z/-33.8688/whole",
    "chart/0099-12-31T23:59:59.999Z/-33.8688/placidus",
    "chart/0099-12-31T23:59:59.999Z/66/whole",
    "chart/0099-12-31T23:59:59.999Z/66/placidus",
    "chart/0099-12-31T23:59:59.999Z/66.00001/whole",
    "chart/0099-12-31T23:59:59.999Z/66.00001/placidus",
    "chart/0099-12-31T23:59:59.999Z/78.2232/whole",
    "chart/0099-12-31T23:59:59.999Z/78.2232/placidus",
    "chart/0099-12-31T23:59:59.999Z/-78.2232/whole",
    "chart/0099-12-31T23:59:59.999Z/-78.2232/placidus",
    "chart/0099-12-31T23:59:59.999Z/89.9999/whole",
    "chart/0099-12-31T23:59:59.999Z/89.9999/placidus",
    "chart/1600-03-01T00:00:00.000Z/0/whole",
    "chart/1600-03-01T00:00:00.000Z/0/placidus",
    "chart/1600-03-01T00:00:00.000Z/51.5074/whole",
    "chart/1600-03-01T00:00:00.000Z/51.5074/placidus",
    "chart/1600-03-01T00:00:00.000Z/-33.8688/whole",
    "chart/1600-03-01T00:00:00.000Z/-33.8688/placidus",
    "chart/1600-03-01T00:00:00.000Z/66/whole",
    "chart/1600-03-01T00:00:00.000Z/66/placidus",
    "chart/1600-03-01T00:00:00.000Z/66.00001/whole",
    "chart/1600-03-01T00:00:00.000Z/66.00001/placidus",
    "chart/1600-03-01T00:00:00.000Z/78.2232/whole",
    "chart/1600-03-01T00:00:00.000Z/78.2232/placidus",
    "chart/1600-03-01T00:00:00.000Z/-78.2232/whole",
    "chart/1600-03-01T00:00:00.000Z/-78.2232/placidus",
    "chart/1600-03-01T00:00:00.000Z/89.9999/whole",
    "chart/1600-03-01T00:00:00.000Z/89.9999/placidus",
    "chart/1900-01-01T00:00:00.000Z/0/whole",
    "chart/1900-01-01T00:00:00.000Z/0/placidus",
    "chart/1900-01-01T00:00:00.000Z/51.5074/whole",
    "chart/1900-01-01T00:00:00.000Z/51.5074/placidus",
    "chart/1900-01-01T00:00:00.000Z/-33.8688/whole",
    "chart/1900-01-01T00:00:00.000Z/-33.8688/placidus",
    "chart/1900-01-01T00:00:00.000Z/66/whole",
    "chart/1900-01-01T00:00:00.000Z/66/placidus",
    "chart/1900-01-01T00:00:00.000Z/66.00001/whole",
    "chart/1900-01-01T00:00:00.000Z/66.00001/placidus",
    "chart/1900-01-01T00:00:00.000Z/78.2232/whole",
    "chart/1900-01-01T00:00:00.000Z/78.2232/placidus",
    "chart/1900-01-01T00:00:00.000Z/-78.2232/whole",
    "chart/1900-01-01T00:00:00.000Z/-78.2232/placidus",
    "chart/1900-01-01T00:00:00.000Z/89.9999/whole",
    "chart/1900-01-01T00:00:00.000Z/89.9999/placidus",
    "chart/2000-01-01T12:00:00.000Z/0/whole",
    "chart/2000-01-01T12:00:00.000Z/0/placidus",
    "chart/2000-01-01T12:00:00.000Z/51.5074/whole",
    "chart/2000-01-01T12:00:00.000Z/51.5074/placidus",
    "chart/2000-01-01T12:00:00.000Z/-33.8688/whole",
    "chart/2000-01-01T12:00:00.000Z/-33.8688/placidus",
    "chart/2000-01-01T12:00:00.000Z/66/whole",
    "chart/2000-01-01T12:00:00.000Z/66/placidus",
    "chart/2000-01-01T12:00:00.000Z/66.00001/whole",
    "chart/2000-01-01T12:00:00.000Z/66.00001/placidus",
    "chart/2000-01-01T12:00:00.000Z/78.2232/whole",
    "chart/2000-01-01T12:00:00.000Z/78.2232/placidus",
    "chart/2000-01-01T12:00:00.000Z/-78.2232/whole",
    "chart/2000-01-01T12:00:00.000Z/-78.2232/placidus",
    "chart/2000-01-01T12:00:00.000Z/89.9999/whole",
    "chart/2000-01-01T12:00:00.000Z/89.9999/placidus",
    "chart/2024-02-29T08:30:00.000Z/0/whole",
    "chart/2024-02-29T08:30:00.000Z/0/placidus",
    "chart/2024-02-29T08:30:00.000Z/51.5074/whole",
    "chart/2024-02-29T08:30:00.000Z/51.5074/placidus",
    "chart/2024-02-29T08:30:00.000Z/-33.8688/whole",
    "chart/2024-02-29T08:30:00.000Z/-33.8688/placidus",
    "chart/2024-02-29T08:30:00.000Z/66/whole",
    "chart/2024-02-29T08:30:00.000Z/66/placidus",
    "chart/2024-02-29T08:30:00.000Z/66.00001/whole",
    "chart/2024-02-29T08:30:00.000Z/66.00001/placidus",
    "chart/2024-02-29T08:30:00.000Z/78.2232/whole",
    "chart/2024-02-29T08:30:00.000Z/78.2232/placidus",
    "chart/2024-02-29T08:30:00.000Z/-78.2232/whole",
    "chart/2024-02-29T08:30:00.000Z/-78.2232/placidus",
    "chart/2024-02-29T08:30:00.000Z/89.9999/whole",
    "chart/2024-02-29T08:30:00.000Z/89.9999/placidus",
    "chart/2026-09-08T00:00:00.000Z/0/whole",
    "chart/2026-09-08T00:00:00.000Z/0/placidus",
    "chart/2026-09-08T00:00:00.000Z/51.5074/whole",
    "chart/2026-09-08T00:00:00.000Z/51.5074/placidus",
    "chart/2026-09-08T00:00:00.000Z/-33.8688/whole",
    "chart/2026-09-08T00:00:00.000Z/-33.8688/placidus",
    "chart/2026-09-08T00:00:00.000Z/66/whole",
    "chart/2026-09-08T00:00:00.000Z/66/placidus",
    "chart/2026-09-08T00:00:00.000Z/66.00001/whole",
    "chart/2026-09-08T00:00:00.000Z/66.00001/placidus",
    "chart/2026-09-08T00:00:00.000Z/78.2232/whole",
    "chart/2026-09-08T00:00:00.000Z/78.2232/placidus",
    "chart/2026-09-08T00:00:00.000Z/-78.2232/whole",
    "chart/2026-09-08T00:00:00.000Z/-78.2232/placidus",
    "chart/2026-09-08T00:00:00.000Z/89.9999/whole",
    "chart/2026-09-08T00:00:00.000Z/89.9999/placidus",
    "chart/2199-12-31T23:59:00.000Z/0/whole",
    "chart/2199-12-31T23:59:00.000Z/0/placidus",
    "chart/2199-12-31T23:59:00.000Z/51.5074/whole",
    "chart/2199-12-31T23:59:00.000Z/51.5074/placidus",
    "chart/2199-12-31T23:59:00.000Z/-33.8688/whole",
    "chart/2199-12-31T23:59:00.000Z/-33.8688/placidus",
    "chart/2199-12-31T23:59:00.000Z/66/whole",
    "chart/2199-12-31T23:59:00.000Z/66/placidus",
    "chart/2199-12-31T23:59:00.000Z/66.00001/whole",
    "chart/2199-12-31T23:59:00.000Z/66.00001/placidus",
    "chart/2199-12-31T23:59:00.000Z/78.2232/whole",
    "chart/2199-12-31T23:59:00.000Z/78.2232/placidus",
    "chart/2199-12-31T23:59:00.000Z/-78.2232/whole",
    "chart/2199-12-31T23:59:00.000Z/-78.2232/placidus",
    "chart/2199-12-31T23:59:00.000Z/89.9999/whole",
    "chart/2199-12-31T23:59:00.000Z/89.9999/placidus",
    "chart/special/152",
    "chart/special/153",
    "chart/special/154",
    "chart/special/155",
    "chart/special/156",
    "bodies-aspects/0004-02-29T08:30:00.000Z",
    "bodies-aspects/0099-12-31T23:59:59.999Z",
    "bodies-aspects/1600-03-01T00:00:00.000Z",
    "bodies-aspects/1900-01-01T00:00:00.000Z",
    "bodies-aspects/2000-01-01T12:00:00.000Z",
    "bodies-aspects/2024-02-29T08:30:00.000Z",
    "bodies-aspects/2026-09-08T00:00:00.000Z",
    "bodies-aspects/2199-12-31T23:59:00.000Z",
    "houses/-89.9999/0",
    "houses/-89.9999/6",
    "houses/-89.9999/12",
    "houses/-89.9999/18",
    "houses/-78/0",
    "houses/-78/6",
    "houses/-78/12",
    "houses/-78/18",
    "houses/-66.00001/0",
    "houses/-66.00001/6",
    "houses/-66.00001/12",
    "houses/-66.00001/18",
    "houses/-66/0",
    "houses/-66/6",
    "houses/-66/12",
    "houses/-66/18",
    "houses/0/0",
    "houses/0/6",
    "houses/0/12",
    "houses/0/18",
    "houses/66/0",
    "houses/66/6",
    "houses/66/12",
    "houses/66/18",
    "houses/66.00001/0",
    "houses/66.00001/6",
    "houses/66.00001/12",
    "houses/66.00001/18",
    "houses/78/0",
    "houses/78/6",
    "houses/78/12",
    "houses/78/18",
    "houses/89.9999/0",
    "houses/89.9999/6",
    "houses/89.9999/12",
    "houses/89.9999/18",
    "metadata/valid-original",
    "metadata/reject/missing/schemaVersion",
    "metadata/reject/null/schemaVersion",
    "metadata/reject/missing/name",
    "metadata/reject/null/name",
    "metadata/reject/missing/version",
    "metadata/reject/null/version",
    "metadata/reject/missing/releaseStatus",
    "metadata/reject/null/releaseStatus",
    "metadata/reject/missing/releaseLabel",
    "metadata/reject/null/releaseLabel",
    "metadata/reject/missing/artifactPath",
    "metadata/reject/null/artifactPath",
    "metadata/reject/missing/artifactUrl",
    "metadata/reject/null/artifactUrl",
    "metadata/reject/missing/sha256",
    "metadata/reject/null/sha256",
    "metadata/reject/missing/sourceRepository",
    "metadata/reject/null/sourceRepository",
    "metadata/reject/missing/sourceCommit",
    "metadata/reject/null/sourceCommit",
    "metadata/reject/missing/sourcePackagePath",
    "metadata/reject/null/sourcePackagePath",
    "metadata/reject/missing/evidenceRepository",
    "metadata/reject/null/evidenceRepository",
    "metadata/reject/missing/evidenceCommit",
    "metadata/reject/null/evidenceCommit",
    "metadata/reject/missing/evidencePaths",
    "metadata/reject/null/evidencePaths",
    "metadata/reject/missing/artifactRepository",
    "metadata/reject/null/artifactRepository",
    "metadata/reject/missing/artifactCommit",
    "metadata/reject/null/artifactCommit",
    "metadata/reject/missing/artifactRepositoryPath",
    "metadata/reject/null/artifactRepositoryPath",
    "metadata/reject/artifactCommit/\"main\"",
    "metadata/reject/artifactCommit/\"aaaaaaaaaaaaaaaaaaaaaaaaaaaaaaaaaaaaaaa\"",
    "metadata/reject/artifactCommit/\"aaaaaaaaaaaaaaaaaaaaaaaaaaaaaaaaaaaaaaaa\\n\"",
    "metadata/reject/artifactCommit/\"AAAAAAAAAAAAAAAAAAAAAAAAAAAAAAAAAAAAAAAA\"",
    "metadata/reject/artifactCommit/[\"aaaaaaaaaaaaaaaaaaaaaaaaaaaaaaaaaaaaaaaa\"]",
    "metadata/reject/sourceCommit/\"main\"",
    "metadata/reject/sourceCommit/\"aaaaaaaaaaaaaaaaaaaaaaaaaaaaaaaaaaaaaaa\"",
    "metadata/reject/sourceCommit/\"aaaaaaaaaaaaaaaaaaaaaaaaaaaaaaaaaaaaaaaa\\n\"",
    "metadata/reject/sourceCommit/\"AAAAAAAAAAAAAAAAAAAAAAAAAAAAAAAAAAAAAAAA\"",
    "metadata/reject/sourceCommit/[\"aaaaaaaaaaaaaaaaaaaaaaaaaaaaaaaaaaaaaaaa\"]",
    "metadata/reject/evidenceCommit/\"main\"",
    "metadata/reject/evidenceCommit/\"aaaaaaaaaaaaaaaaaaaaaaaaaaaaaaaaaaaaaaa\"",
    "metadata/reject/evidenceCommit/\"aaaaaaaaaaaaaaaaaaaaaaaaaaaaaaaaaaaaaaaa\\n\"",
    "metadata/reject/evidenceCommit/\"AAAAAAAAAAAAAAAAAAAAAAAAAAAAAAAAAAAAAAAA\"",
    "metadata/reject/evidenceCommit/[\"aaaaaaaaaaaaaaaaaaaaaaaaaaaaaaaaaaaaaaaa\"]",
    "metadata/reject/version/0.1.1",
    "metadata/reject/version/00.1.1-rc.5",
    "metadata/reject/version/0.1.1-rc.05",
    "metadata/reject/version/0.1.1-rc.5\r",
    "metadata/reject/version/0.1.1-rc.5\n",
    "metadata/reject/version/0.1.1-rc.5/path",
    "metadata/reject/version/0.1.1-rc.5?x",
    "metadata/reject/artifactUrl/suffix/\"?secret=synthetic\"",
    "metadata/reject/artifactUrl/suffix/\"#fragment\"",
    "metadata/reject/artifactUrl/suffix/\"/\"",
    "metadata/reject/artifactUrl/suffix/\"\\n\"",
    "metadata/reject/artifactRepository/suffix/\"?secret=synthetic\"",
    "metadata/reject/artifactRepository/suffix/\"#fragment\"",
    "metadata/reject/artifactRepository/suffix/\"/\"",
    "metadata/reject/artifactRepository/suffix/\"\\n\"",
    "metadata/reject/sourceRepository/suffix/\"?secret=synthetic\"",
    "metadata/reject/sourceRepository/suffix/\"#fragment\"",
    "metadata/reject/sourceRepository/suffix/\"/\"",
    "metadata/reject/sourceRepository/suffix/\"\\n\"",
    "metadata/reject/evidenceRepository/suffix/\"?secret=synthetic\"",
    "metadata/reject/evidenceRepository/suffix/\"#fragment\"",
    "metadata/reject/evidenceRepository/suffix/\"/\"",
    "metadata/reject/evidenceRepository/suffix/\"\\n\"",
    "metadata/reject/evidence/path/\"docs/platform/../secret.json\"",
    "metadata/reject/evidence/path/\"docs/platform/%2e%2e/secret.json\"",
    "metadata/reject/evidence/path/\"docs/platform/a.json\\n\"",
    "metadata/reject/evidence/path/\"/docs/platform/a.json\"",
    "metadata/reject/evidence/path/\"docs/platform/a.json?x\"",
    "metadata/reject/evidence/path/\"docs/platform/a\\\\b.json\"",
    "metadata/reject/evidence/path/\"docs/platform/a.json/other\"",
    "metadata/reject/evidence/path/\"docs/platform/a.js\"",
    "metadata/reject/extra-key",
    "metadata/reject/extra-evidence",
    "metadata/reject/path-mismatch",
    "metadata/reject/identity-mismatch",
    "metadata/reject/hash-uppercase",
    "metadata/owned-site-carrier-supported",
    "public-receipt/true",
    "public-receipt/false",
    "compact-site-chart-is-not-full-receipt-input"
  ],
  "observations": [
    "Compact site body records intentionally omit full public Chart sign/degree metadata; they cannot be fed directly into the draft receipt constructor. This adoption does not integrate receipt storage.",
    "Internal site adapter behavior remains unchanged; stricter public input validation in rc.5 does not automatically harden the site-only internal boundary.",
    "Finite compatibility comparisons do not authenticate historical timezone claims or prove numerical accuracy across the JavaScript Date range."
  ],
  "completedAt": "2026-09-08T04:00:16.860Z",
  "passed": 291
}
