{
  "schemaVersion": 1,
  "result": "passed",
  "mode": "offline",
  "starter": {
    "schemaVersion": 1,
    "name": "zodiacs-platform-starter",
    "version": "0.1.0-rc.3",
    "file": "zodiacs-platform-starter-0.1.0-rc.3.tgz",
    "sha256": "08b19f4cd3071a127260a21d100797e031ed5014537f7e5910251c66388ebb4d",
    "artifactCommit": "0000000000000000000000000000000000000000"
  },
  "engine": {
    "name": "@zodiacs/engine",
    "version": "0.1.1-rc.3",
    "sha256": "aeab68793129517abe7498c5f5a17197d387eed7cbdaa9614f3b8cd939b11a17",
    "ephemeris": {
      "name": "astronomy-engine",
      "version": "2.1.19"
    }
  },
  "filesVerified": 21,
  "runtime": {
    "node": "v22.23.2",
    "platform": "darwin",
    "arch": "arm64"
  },
  "consumer": null,
  "elapsedSeconds": 0.01
}
