--- a/.github/phase1-scope-allowance.json
+++ b/.github/phase1-scope-allowance.json
@@ -1,16 +1,14 @@
 {
   "version": 1,
-  "id": "platform-calculation-receipt-localized-action",
-  "baseCommit": "c761a49c55d125bca48ff38d81b0a9ff6fd5adcf",
-  "authorization": "Owner-authorized Zodiacs Platform implementation mandate, C02 explicit portable calculation receipt download. Only the eight named locale catalog/test files add and verify the localized download, sensitive birth details, failure and unavailable copy. Approved layout, global navigation/styles, Registry, disclosure and Astrofolio sources remain untouched. This exact-base one-time allowance does not authorize publication or future protected edits. See docs/platform/evidence/receipt-export/.",
+  "id": "platform-unknown-time-local-date-reference",
+  "baseCommit": "<FINAL_CHART_OWNERSHIP_SOURCE_SHA>",
+  "authorization": "Owner-authorized Zodiacs Platform implementation mandate, C-014 unknown-time local date reference guard. Only the six named locale catalogs add the dedicated error for a calculation time that could not be established within the requested local date. Conservative refusal does not claim an empty date or whole-date coverage. Approved design, global navigation/styles, Registry, SDK, Learn/sign guides and Astrofolio remain untouched. This exact-base one-time allowance does not authorize publication or future protected edits. See docs/platform/evidence/local-date-reference/.",
   "protectedPaths": [
-    "src/lib/i18n/index.test.ts",
     "src/lib/i18n/ui/en.ts",
     "src/lib/i18n/ui/es.ts",
     "src/lib/i18n/ui/fr.ts",
     "src/lib/i18n/ui/it.ts",
     "src/lib/i18n/ui/pt.ts",
-    "src/lib/i18n/ui/ru.test.ts",
     "src/lib/i18n/ui/ru.ts"
   ]
 }
