{
  "observedRootHead": "295bbfbe3728b3d6f57ff665dc0b08feb765bc41",
  "qualification": "Root has uncommitted, accepted C012 product source and workflow. Final chart source commit does not yet exist; no claim that the placeholder is releasable.",
  "c012FreezeSha256": "fc22bd7c2c6d3efa44022f49f42427545a35915afd49ee66fee6b4d7b6a09cbc",
  "c012FilesUnchanged": [
    {
      "path": "src/components/EmailCaptureEnhancement.astro",
      "bytes": 10545,
      "sha256": "173f5ec0452cc25c4c9e4279fe203a9fabd79e965302ecab02990e1a070f2deb"
    },
    {
      "path": "src/islands/PostChartDailyBrief.tsx",
      "bytes": 14534,
      "sha256": "3dd16171ac8f19d47d380ed9ec22d51fcfc6f8284697c27f0418a68a1be66158"
    },
    {
      "path": "src/lib/profile/post-chart-context.test.ts",
      "bytes": 1993,
      "sha256": "1d8476ed9ced6990adf339e85b44d2a70e0813033065eb82647ab1dab72e2b7e"
    },
    {
      "path": "src/lib/profile/post-chart-context.ts",
      "bytes": 1676,
      "sha256": "4250e0ff73c93a1dd211ddfca2cd2291e018455ea2c22c67e29baf1353eb341a"
    },
    {
      "path": "tests/post-chart-context-clear-drive.mjs",
      "bytes": 23894,
      "sha256": "3e98393b5ce53e0f15d9ccc6a49fd6da199186da7076e35f9a22938daec9ccfe"
    },
    {
      "path": "tests/post-chart-daily-drive.mjs",
      "bytes": 44367,
      "sha256": "36bc9d6fa176f38d35c521bd71364c153e1605e6a28842533a77ce4c81848654"
    }
  ],
  "c014FreezeSha256": "328ea15bd192573894639dab699058cb83185e0c61e907dde7f275305cfe48c2",
  "c014PatchSha256": "41d49812595e81a56ae1194a598bab65faa6c047806480cbb4438ed6be1bf13e",
  "c014AppliedFilesUnchanged": [
    {
      "path": "src/islands/ChartCalculator.ownership.test.ts",
      "bytes": 20636,
      "sha256": "f3de3156ac4c8420084c282d259a4f656f8fe5899dd0f8217947fa3e8e0ec4f9"
    },
    {
      "path": "src/islands/ChartCalculator.tsx",
      "bytes": 120926,
      "sha256": "b1e293351add28ece576d95ccfec5fb84a54bc92097528076acfb78da02dc263"
    },
    {
      "path": "src/islands/MoonPhaseTool.tsx",
      "bytes": 12032,
      "sha256": "7ce6b5683b7d00c4aa1bfc9aeee1d0de593b500df55b988690cb2062a8f5730f"
    },
    {
      "path": "src/lib/i18n/ui/en.ts",
      "bytes": 21989,
      "sha256": "6068bb4f1145e44b0c580288ff08d52dbc86fac4f6f7bbfe39a8420370915bd9"
    },
    {
      "path": "src/lib/i18n/ui/es.ts",
      "bytes": 23999,
      "sha256": "35fe4b28652f4c82a37f699f62ef0d1dc665a83fcccbdee98122cabb50cf3464"
    },
    {
      "path": "src/lib/i18n/ui/fr.ts",
      "bytes": 27691,
      "sha256": "f98d148397dad96a2d58a5f76aadc4e31b52e56d938f8481206bbb70efa39162"
    },
    {
      "path": "src/lib/i18n/ui/it.ts",
      "bytes": 26517,
      "sha256": "be2940c9917652218a53c5bd96825d7883dfebdf6daae2b75ece4e6d28924bbf"
    },
    {
      "path": "src/lib/i18n/ui/pt.ts",
      "bytes": 25626,
      "sha256": "f569c95ad79a9983d02621a38f21176e3c00761b280ad38c117bd22db089ebcc"
    },
    {
      "path": "src/lib/i18n/ui/ru.ts",
      "bytes": 38328,
      "sha256": "fb24674394e753a14fa515474a619c2db4611c85dcbc83364fa4898f5cd37828"
    },
    {
      "path": "src/lib/time/localDateContainsUtc.test.ts",
      "bytes": 6475,
      "sha256": "0aa0d52d82f86f832ba4f1dae9a5c0e9a828c78c6d13fe27549333d4a46a5707"
    },
    {
      "path": "src/lib/time/localToUtc.ts",
      "bytes": 7916,
      "sha256": "c6d0b218d90810f88403d677a65980440e9bcb9ec2e0032f7ecffe45ea92c1bb"
    },
    {
      "path": "tests/local-date-reference-drive.mjs",
      "bytes": 22003,
      "sha256": "2ea7036618df0451ee087e902296d4bff8b8d086ceb75b62c107bcd0d9eb15dd"
    }
  ],
  "workflowInputSha256": "286ca48156fb294f2af629fdf973d921565c5601142396a4d31fe5f1d95633a9",
  "workflowProposedSha256": "5574577652bc6002884647804e6b99fa45c05840accbb3ce442620f5d32732a0",
  "workflowPatchSha256": "1f26431e837a4cbb73e689f31313f59316431259fa9f8d3b227891f9b7818eed",
  "allowanceInputSha256": "13ad105085414839848b0059c4597e612ecc7e0e4aedc0441c918fe4f791b152",
  "allowanceTemplateSha256": "b6f6d98c39184a2110c06bf1f4e8d11527c35b82c7e165c1663f85eb24cf8d85",
  "allowanceTemplatePatchSha256": "aa1526ee88beb117b1c5d4fe74541a8a5865b410adb699817c3b61ecbae09583",
  "guardSha256": "53c8452a2350eda3fb6541066846a88ad2111df46c803db807e91212c02c282d"
}
