{
  "remoteHeadBefore": "3845a04bcea822da3c30a18848ef3d8d133b7b66",
  "remoteHeadAfter": "3845a04bcea822da3c30a18848ef3d8d133b7b66",
  "remoteBaseBefore": "abcf1a44e52040db79a369b49bc9b55d78099b22",
  "remoteBaseAfter": "abcf1a44e52040db79a369b49bc9b55d78099b22",
  "pageLengths": [
    100,
    100,
    100,
    100,
    100,
    100,
    23
  ],
  "totalChangedFiles": 623,
  "statuses": {
    "modified": 13,
    "added": 610
  },
  "documentationPathCount": 612,
  "nonDocumentationCount": 11,
  "allChangedBlobIdentitiesMatch": true,
  "ci": {
    "exactEightLineAddition": true,
    "workflowHeadSha256": "286ca48156fb294f2af629fdf973d921565c5601142396a4d31fe5f1d95633a9",
    "existingPermissionsAndTriggersUnchanged": true,
    "dependenciesAndBrowserPinsUnchanged": true,
    "artifactDirectoriesWithinExistingAlwaysUpload": true,
    "timeoutsMinutes": [
      5,
      5
    ]
  }
}
