{"name":"no-label-roundtrip","status":"passed","detail":{"created":true,"read":true,"exported":true,"missing":true},"milliseconds":92.69999999925494,"pageErrors":[],"externalRequests":[]}
{"name":"authority-reentrant-revoke","status":"passed","detail":{"result":{"ok":false,"code":"access-denied","mayHaveCommitted":false},"calls":1,"openCount":0},"milliseconds":14.800000000745058,"pageErrors":[],"externalRequests":[]}
{"name":"authority-getter-revoke","status":"passed","detail":{"result":{"ok":false,"code":"access-denied","mayHaveCommitted":false},"openCount":0},"milliseconds":0.40000000037252903,"pageErrors":[],"externalRequests":[]}
{"name":"epoch-ABA","status":"passed","detail":{"result":{"ok":false,"code":"access-denied","mayHaveCommitted":false}},"milliseconds":0.40000000037252903,"pageErrors":[],"externalRequests":[]}
{"name":"revoke-before-native-commit","status":"passed","detail":{"result":{"ok":false,"code":"stale","mayHaveCommitted":false},"rows":0},"milliseconds":18.399999999441206,"pageErrors":[],"externalRequests":[]}
{"name":"stale-after-native-commit","status":"passed","detail":{"result":{"ok":false,"code":"stale","mayHaveCommitted":true},"committedRows":1},"milliseconds":27.100000000558794,"pageErrors":[],"externalRequests":[]}
{"name":"late-native-open-success-after-revoke","status":"passed","detail":{"result":{"ok":false,"code":"stale","mayHaveCommitted":false},"lateSuccessClosed":true},"milliseconds":3.3999999994412065,"pageErrors":[],"externalRequests":[]}
{"name":"future-database-version","status":"passed","detail":{"result":{"ok":false,"code":"unsupported-storage","mayHaveCommitted":false}},"milliseconds":2.1000000005587935,"pageErrors":[],"externalRequests":[]}
{"name":"wrong-native-index-schema","status":"passed","detail":{"result":{"ok":false,"code":"unsupported-storage","mayHaveCommitted":false}},"milliseconds":2.5,"pageErrors":[],"externalRequests":[]}
{"name":"queued-open-revocation","status":"passed","detail":{"result":{"ok":false,"code":"stale","mayHaveCommitted":false},"settledWhileBlocked":{"settled":true,"result":{"ok":false,"code":"stale","mayHaveCommitted":false}},"lateConnectionClosed":true},"milliseconds":34.799999999813735,"pageErrors":[],"externalRequests":[]}
{"name":"native-abort-rolls-back","status":"passed","detail":{"result":{"ok":false,"code":"aborted","mayHaveCommitted":false}},"milliseconds":18.40000000037253,"pageErrors":[],"externalRequests":[]}
{"name":"native-cap-two-connections","status":"passed","detail":{"outcomes":["saved","full"],"count":40},"milliseconds":326.80000000074506,"pageErrors":[],"externalRequests":[]}
{"name":"owner-isolation-same-id","status":"passed","detail":{"sameIdPartitioned":true},"milliseconds":23,"pageErrors":[],"externalRequests":[]}
{"name":"corrupt-future-rows","status":"passed","detail":{"observations":[{"name":"future-v2","result":{"ok":false,"code":"unsupported-record","mayHaveCommitted":false}},{"name":"future-v10","result":{"ok":false,"code":"unsupported-record","mayHaveCommitted":false}},{"name":"bad-envelope","result":{"ok":false,"code":"corrupt-record","mayHaveCommitted":false}},{"name":"future-inner-version","result":{"ok":false,"code":"unsupported-record","mayHaveCommitted":false}},{"name":"future-required-feature","result":{"ok":false,"code":"unsupported-record","mayHaveCommitted":false}}]},"milliseconds":20.40000000037253,"pageErrors":[],"externalRequests":[]}
{"name":"over-cap-corruption-and-explicit-clear","status":"passed","detail":{"read":{"ok":false,"code":"corrupt-record","mayHaveCommitted":false},"create":{"ok":false,"code":"corrupt-record","mayHaveCommitted":false},"remaining":0},"milliseconds":35.200000000186265,"pageErrors":[],"externalRequests":[]}
{"name":"two-permitted-concurrent-creates","status":"passed","detail":{"created":2,"retained":2},"milliseconds":18.200000000186265,"pageErrors":[],"externalRequests":[]}
{"name":"failed-clear-consumes-handle","status":"passed","detail":{"result":{"ok":false,"code":"unsupported-storage","mayHaveCommitted":false},"later":{"ok":false,"code":"access-denied","mayHaveCommitted":false},"closed":true},"milliseconds":2.800000000745058,"pageErrors":[],"externalRequests":[]}
{"name":"noncanonical-identifiers","status":"passed","detail":{"observations":[{"field":"owner","suffix":"\n","result":{"ok":false,"code":"access-denied","mayHaveCommitted":false}},{"field":"id","suffix":"\n","result":{"ok":false,"code":"invalid-input","mayHaveCommitted":false}},{"field":"owner","suffix":"\r","result":{"ok":false,"code":"access-denied","mayHaveCommitted":false}},{"field":"id","suffix":"\r","result":{"ok":false,"code":"invalid-input","mayHaveCommitted":false}},{"field":"owner","suffix":"\r\n","result":{"ok":false,"code":"access-denied","mayHaveCommitted":false}},{"field":"id","suffix":"\r\n","result":{"ok":false,"code":"invalid-input","mayHaveCommitted":false}}]},"milliseconds":18.799999999813735,"pageErrors":[],"externalRequests":[]}
{"name":"consumptive-clear-closes-handle","status":"passed","detail":{"cleared":true,"consumed":true,"closed":true},"milliseconds":16.399999999441206,"pageErrors":[],"externalRequests":[]}
{"name":"clear-other-handle-limit","status":"passed","detail":{"declaredLimit":"clear consumes only its own handle; no durable account erasure claimed","laterCreateSucceeded":true},"milliseconds":19.600000000558794,"pageErrors":[],"externalRequests":[]}
{"name":"native-quota-exceeded","status":"passed","before":{"usage":73728,"quota":1118388155,"overrideActive":false,"usageBreakdown":[{"storageType":"file_systems","usage":0},{"storageType":"indexeddb","usage":73728},{"storageType":"cache_storage","usage":0},{"storageType":"service_workers","usage":0}]},"after":{"usage":73728,"quota":73728,"overrideActive":true,"usageBreakdown":[{"storageType":"file_systems","usage":0},{"storageType":"indexeddb","usage":73728},{"storageType":"cache_storage","usage":0},{"storageType":"service_workers","usage":0}]},"attempt":{"result":{"ok":false,"code":"quota-exceeded","mayHaveCommitted":false},"recordsAfterAttempt":0}}
{"file":"result-1788844220579.json","passed":22,"failed":0,"environmentBlocked":0}
