{
  "auditedAt": "2026-09-08T11:22:49.769860+00:00",
  "outcome": "accepted for the stated finite local normal-page scope",
  "noBrowserRerun": true,
  "originalRun": {
    "passed": 12,
    "failed": 12,
    "allFailures": "unchanged Chart pre-retry error persistence contradicted harness assertion"
  },
  "correctedChartRun": {
    "passed": 12,
    "failed": 0
  },
  "acceptedGroups": 24,
  "executedGroupsAcrossBothRuns": 36,
  "sourceFilesBeforeAfterAndCurrentVerified": 18,
  "exactFrozenFiles": 12,
  "screenshotsVerified": 72,
  "servedUniqueFiles": [
    131,
    108
  ],
  "commonServedFilesIdentical": 108,
  "currentDistFilesRehashed": 131,
  "genericExpectedConsoleErrorsAcceptedGroups": 24,
  "genericExpectedConsoleErrorsAllExecutions": 36,
  "unexpectedConsoleErrors": 0,
  "pageErrors": 0,
  "requestFailures": 0,
  "blockedRequests": 0,
  "nonGetRequests": 0,
  "explicitKnownTimeControls": 2,
  "captureIdentitiesVerified": 18,
  "templateSourceSha256": "e664d1d35eeae647eff10cc775f058d16e179bea4f0006313a91f3f0d4a3b3b7"
}
