--- original-driver
+++ corrected-chart-only-driver
@@ -56,7 +56,7 @@
   res.writeHead(200,{'Content-Type':types[extname(file)]??'application/octet-stream','Cache-Control':'no-store'});res.end(bytes);
  }catch(error){requests.push({method:req.method,path:req.url,status:404,error:String(error)});res.writeHead(404);res.end('Not found');}
 });
-let browser,origin;const report={at:new Date().toISOString(),node:process.version,root,dist,sourceHead,sourceStatus,freezeSha256:sha(freezeBytes),sourceBefore,city,cityArtifacts:[{path:'data/cities/index.json',sha256:sha(cityIndexBytes)},{path:'data/cities/a.json',sha256:sha(cityShardBytes)}],results,outcome:'failed',qualification:'Actual local normal-build pages, real offline GeoNames selection, six locales × two tools × two widths. No component/SDK/date/loader/network-result substitution. No numerical-call counts, independent oracle, empty-date proof, complete-date coverage, signed-in lifecycle, remote preview or publication claim. External requests and all non-GET requests are blocked. Expected refusal console.error and blocked external resource messages are retained separately from uncaught page errors. Plausible delivery is not exercised.'};
+let browser,origin;const report={at:new Date().toISOString(),node:process.version,root,dist,sourceHead,sourceStatus,freezeSha256:sha(freezeBytes),sourceBefore,city,cityArtifacts:[{path:'data/cities/index.json',sha256:sha(cityIndexBytes)},{path:'data/cities/a.json',sha256:sha(cityShardBytes)}],results,outcome:'failed',qualification:'Actual local normal-build pages, real offline GeoNames selection, six locales × birth-chart only × two widths. The original12 Moon groups remain separately recorded; this is the affected chart rerun after correcting the pre-submit error-clear assumption. No component/SDK/date/loader/network-result substitution. No numerical-call counts, independent oracle, empty-date proof, complete-date coverage, signed-in lifecycle, remote preview or publication claim. External requests and all non-GET requests are blocked. Expected refusal console.error and blocked external resource messages are retained separately from uncaught page errors. Plausible delivery is not exercised.'};
 const actionSelector='[data-share-card],[data-save-chart],[data-share-options],[data-download-calculation-receipt],[data-chart-more]';
 async function settle(page){await page.evaluate(()=>new Promise(done=>requestAnimationFrame(()=>requestAnimationFrame(done))));}
 async function snapshot(page,mode){return page.evaluate(({mode,actionSelector})=>({
@@ -108,7 +108,7 @@
   await date.fill('2011-12-30');row.edited=await cleared(page,mode);assert.equal(row.edited.date,'2011-12-30');assert.equal(row.edited.place,chip);assert.equal(row.edited.time,mode==='chart'?'08:30':'');assert.equal(row.edited.unknown,true);
   await page.locator('.calc__submit').click();const error=page.locator('.calc__form .calc__error[role=alert]');await error.waitFor({state:'visible'});await page.waitForFunction(()=>document.activeElement===document.querySelector('.calc__form .calc__error[role=alert]')&&document.querySelector('.calc__form')?.getAttribute('aria-busy')==='false');
   row.refused=await cleared(page,mode);assert.equal(row.refused.error,expected[locale]);assert.equal(row.refused.date,'2011-12-30');assert.equal(row.refused.place,chip);assert.equal(row.refused.time,mode==='chart'?'08:30':'');assert.equal(row.refused.unknown,true);assert.equal(row.refused.focus.role,'alert');assert.equal(await page.locator('.calc__submit').isEnabled(),true);await settle(page);row.screenshots.push(await capture(page,name+'-refused'));
-  await date.fill('2011-12-31');assert.equal(await error.count(),0);row.recovered=await success(page,mode);assert.equal(row.recovered.date,'2011-12-31');assert.equal(row.recovered.place,chip);assert.equal(row.recovered.time,mode==='chart'?'08:30':'');assert.equal(row.recovered.unknown,true);row.screenshots.push(await capture(page,name+'-recovered'));
+  await date.fill('2011-12-31');await settle(page);row.beforeRetry=await cleared(page,mode);assert.equal(row.beforeRetry.error,expected[locale]);assert.equal(row.beforeRetry.focus.id,'birth-date');row.recovered=await success(page,mode);assert.equal(row.recovered.date,'2011-12-31');assert.equal(row.recovered.place,chip);assert.equal(row.recovered.time,mode==='chart'?'08:30':'');assert.equal(row.recovered.unknown,true);row.screenshots.push(await capture(page,name+'-recovered'));
   if(locale==='en'&&width===1280){
    await date.fill('2011-12-30');await cleared(page,mode);if(mode==='chart')await page.locator('.field__toggle input[type=checkbox]').uncheck();else await time.fill('08:30');
    row.knownTime=await success(page,mode);assert.equal(row.knownTime.date,'2011-12-30');assert.equal(row.knownTime.unknown,false);assert.equal(row.knownTime.time,'08:30');
@@ -122,8 +122,8 @@
 try{
  await new Promise(done=>server.listen(0,'127.0.0.1',done));origin=`http://127.0.0.1:${server.address().port}`;
  browser=await chromium.launch({executablePath:await findChromium(),headless:true,args:STABLE_CHROMIUM_ARGS});report.browser=browser.version();report.origin=origin;
- for(const locale of locales)for(const mode of ['chart','moon'])for(const width of [1280,390])await runGroup(locale,mode,width);
- report.sourceAfter=await identities();assert.deepEqual(report.sourceAfter,sourceBefore);assert.equal(results.length,24);assert.equal(results.filter(row=>!row.passed).length,0);assert.equal(requests.filter(row=>row.status!==200).length,0);report.outcome='passed';
+ for(const locale of locales)for(const mode of ['chart'])for(const width of [1280,390])await runGroup(locale,mode,width);
+ report.sourceAfter=await identities();assert.deepEqual(report.sourceAfter,sourceBefore);assert.equal(results.length,12);assert.equal(results.filter(row=>!row.passed).length,0);assert.equal(requests.filter(row=>row.status!==200).length,0);report.outcome='passed';
 }catch(error){report.failure=String(error.stack??error);process.exitCode=1;}
 finally{
  for(const context of contexts)await context.close().catch(()=>{});await browser?.close();await new Promise(done=>server.close(done));
