node:internal/modules/run_main:123
    triggerUncaughtException(
    ^

AssertionError [ERR_ASSERTION]: Expected values to be strictly equal:
+ actual - expected

+ 'Positions de référence · Heure de naissance inconnue'
- 'Posições de referência · Hora de nascimento desconhecida'

    at file:///private/tmp/zodiacs-platform-reference-caption-consumer-review/source-audit.mjs:37:52
    at check (file:///private/tmp/zodiacs-platform-reference-caption-consumer-review/source-audit.mjs:9:25)
    at file:///private/tmp/zodiacs-platform-reference-caption-consumer-review/source-audit.mjs:37:2
    at ModuleJob.run (node:internal/modules/esm/module_job:343:25)
    at async onImport.tracePromise.__proto__ (node:internal/modules/esm/loader:681:26)
    at async asyncRunEntryPointWithESMLoader (node:internal/modules/run_main:117:5) {
  generatedMessage: true,
  code: 'ERR_ASSERTION',
  actual: 'Positions de référence · Heure de naissance inconnue',
  expected: 'Posições de referência · Hora de nascimento desconhecida',
  operator: 'strictEqual',
  diff: 'simple'
}

Node.js v22.23.2
