{
  "rows": 17,
  "mismatches": [
    {
      "date": "1919-03-30",
      "zone": "America/Toronto",
      "actual": {
        "start": "1919-03-30T05:00:00.000Z",
        "end": "1919-03-31T04:59:59.999Z",
        "durationMs": 86400000,
        "startWall": {
          "year": 1919,
          "month": 3,
          "day": 30,
          "hour": 0,
          "minute": 0,
          "second": 0,
          "millisecond": 0
        },
        "endWall": {
          "year": 1919,
          "month": 3,
          "day": 31,
          "hour": 0,
          "minute": 59,
          "second": 59,
          "millisecond": 999
        }
      },
      "reference": {
        "kind": "existing",
        "segments": [
          {
            "start": "1919-03-30T05:00:00.000Z",
            "endExclusive": "1919-03-31T04:30:00.000Z",
            "last": "1919-03-31T04:29:59.999Z",
            "durationMs": 84600000
          }
        ],
        "first": "1919-03-30T05:00:00.000Z",
        "last": "1919-03-31T04:29:59.999Z"
      }
    },
    {
      "date": "1919-03-31",
      "zone": "America/Toronto",
      "actual": {
        "start": "1919-03-31T05:00:00.000Z",
        "end": "1919-04-01T03:59:59.999Z",
        "durationMs": 82800000,
        "startWall": {
          "year": 1919,
          "month": 3,
          "day": 31,
          "hour": 1,
          "minute": 0,
          "second": 0,
          "millisecond": 0
        },
        "endWall": {
          "year": 1919,
          "month": 3,
          "day": 31,
          "hour": 23,
          "minute": 59,
          "second": 59,
          "millisecond": 999
        }
      },
      "reference": {
        "kind": "existing",
        "segments": [
          {
            "start": "1919-03-31T04:30:00.000Z",
            "endExclusive": "1919-04-01T04:00:00.000Z",
            "last": "1919-04-01T03:59:59.999Z",
            "durationMs": 84600000
          }
        ],
        "first": "1919-03-31T04:30:00.000Z",
        "last": "1919-04-01T03:59:59.999Z"
      }
    },
    {
      "date": "2011-12-30",
      "zone": "Pacific/Apia",
      "actual": {
        "start": "2011-12-30T10:00:00.000Z",
        "end": "2011-12-30T09:59:59.999Z",
        "durationMs": 0,
        "startWall": {
          "year": 2011,
          "month": 12,
          "day": 31,
          "hour": 0,
          "minute": 0,
          "second": 0,
          "millisecond": 0
        },
        "endWall": {
          "year": 2011,
          "month": 12,
          "day": 29,
          "hour": 23,
          "minute": 59,
          "second": 59,
          "millisecond": 999
        }
      },
      "reference": {
        "kind": "empty",
        "segments": [],
        "first": null,
        "last": null
      }
    },
    {
      "date": "2009-10-31",
      "zone": "America/St_Johns",
      "actual": {
        "start": "2009-10-31T02:30:00.000Z",
        "end": "2009-11-01T02:29:59.999Z",
        "durationMs": 86400000,
        "startWall": {
          "year": 2009,
          "month": 10,
          "day": 31,
          "hour": 0,
          "minute": 0,
          "second": 0,
          "millisecond": 0
        },
        "endWall": {
          "year": 2009,
          "month": 10,
          "day": 31,
          "hour": 23,
          "minute": 59,
          "second": 59,
          "millisecond": 999
        }
      },
      "reference": {
        "kind": "existing",
        "segments": [
          {
            "start": "2009-10-31T02:30:00.000Z",
            "endExclusive": "2009-11-01T02:30:00.000Z",
            "last": "2009-11-01T02:29:59.999Z",
            "durationMs": 86400000
          },
          {
            "start": "2009-11-01T02:31:00.000Z",
            "endExclusive": "2009-11-01T03:30:00.000Z",
            "last": "2009-11-01T03:29:59.999Z",
            "durationMs": 3540000
          }
        ],
        "first": "2009-10-31T02:30:00.000Z",
        "last": "2009-11-01T03:29:59.999Z"
      }
    },
    {
      "date": "1988-10-29",
      "zone": "America/Goose_Bay",
      "actual": {
        "start": "1988-10-29T02:00:00.000Z",
        "end": "1988-10-30T01:59:59.999Z",
        "durationMs": 86400000,
        "startWall": {
          "year": 1988,
          "month": 10,
          "day": 29,
          "hour": 0,
          "minute": 0,
          "second": 0,
          "millisecond": 0
        },
        "endWall": {
          "year": 1988,
          "month": 10,
          "day": 29,
          "hour": 23,
          "minute": 59,
          "second": 59,
          "millisecond": 999
        }
      },
      "reference": {
        "kind": "existing",
        "segments": [
          {
            "start": "1988-10-29T02:00:00.000Z",
            "endExclusive": "1988-10-30T02:00:00.000Z",
            "last": "1988-10-30T01:59:59.999Z",
            "durationMs": 86400000
          },
          {
            "start": "1988-10-30T02:01:00.000Z",
            "endExclusive": "1988-10-30T04:00:00.000Z",
            "last": "1988-10-30T03:59:59.999Z",
            "durationMs": 7140000
          }
        ],
        "first": "1988-10-29T02:00:00.000Z",
        "last": "1988-10-30T03:59:59.999Z"
      }
    },
    {
      "date": "0000-01-01",
      "zone": "UTC",
      "actual": {
        "start": "0000-01-01T00:00:00.000Z",
        "end": "1900-01-01T23:59:59.999Z",
        "durationMs": 59958316800000,
        "startWall": {
          "year": 0,
          "month": 1,
          "day": 1,
          "hour": 0,
          "minute": 0,
          "second": 0,
          "millisecond": 0
        },
        "endWall": {
          "year": 1900,
          "month": 1,
          "day": 1,
          "hour": 23,
          "minute": 59,
          "second": 59,
          "millisecond": 999
        }
      },
      "reference": {
        "kind": "existing",
        "segments": [
          {
            "start": "0000-01-01T00:00:00.000Z",
            "endExclusive": "0000-01-02T00:00:00.000Z",
            "last": "0000-01-01T23:59:59.999Z",
            "durationMs": 86400000
          }
        ],
        "first": "0000-01-01T00:00:00.000Z",
        "last": "0000-01-01T23:59:59.999Z"
      }
    },
    {
      "date": "0000-02-29",
      "zone": "UTC",
      "actual": {
        "start": "0000-02-29T00:00:00.000Z",
        "end": "1900-03-01T23:59:59.999Z",
        "durationMs": 59958316800000,
        "startWall": {
          "year": 0,
          "month": 2,
          "day": 29,
          "hour": 0,
          "minute": 0,
          "second": 0,
          "millisecond": 0
        },
        "endWall": {
          "year": 1900,
          "month": 3,
          "day": 1,
          "hour": 23,
          "minute": 59,
          "second": 59,
          "millisecond": 999
        }
      },
      "reference": {
        "kind": "existing",
        "segments": [
          {
            "start": "0000-02-29T00:00:00.000Z",
            "endExclusive": "0000-03-01T00:00:00.000Z",
            "last": "0000-02-29T23:59:59.999Z",
            "durationMs": 86400000
          }
        ],
        "first": "0000-02-29T00:00:00.000Z",
        "last": "0000-02-29T23:59:59.999Z"
      }
    },
    {
      "date": "0099-12-31",
      "zone": "UTC",
      "actual": {
        "start": "0099-12-31T00:00:00.000Z",
        "end": "1999-12-31T23:59:59.999Z",
        "durationMs": 59958230400000,
        "startWall": {
          "year": 99,
          "month": 12,
          "day": 31,
          "hour": 0,
          "minute": 0,
          "second": 0,
          "millisecond": 0
        },
        "endWall": {
          "year": 1999,
          "month": 12,
          "day": 31,
          "hour": 23,
          "minute": 59,
          "second": 59,
          "millisecond": 999
        }
      },
      "reference": {
        "kind": "existing",
        "segments": [
          {
            "start": "0099-12-31T00:00:00.000Z",
            "endExclusive": "0100-01-01T00:00:00.000Z",
            "last": "0099-12-31T23:59:59.999Z",
            "durationMs": 86400000
          }
        ],
        "first": "0099-12-31T00:00:00.000Z",
        "last": "0099-12-31T23:59:59.999Z"
      }
    },
    {
      "date": "9999-12-31",
      "zone": "UTC",
      "actual": {
        "error": "RangeError: resolveLocalToUtc needs a valid YYYY-MM-DD date and HH:MM time."
      },
      "reference": {
        "kind": "existing",
        "segments": [
          {
            "start": "9999-12-31T00:00:00.000Z",
            "endExclusive": "+010000-01-01T00:00:00.000Z",
            "last": "9999-12-31T23:59:59.999Z",
            "durationMs": 86400000
          }
        ],
        "first": "9999-12-31T00:00:00.000Z",
        "last": "9999-12-31T23:59:59.999Z"
      }
    }
  ],
  "failedChecks": []
}
