Public archive consumer check of the vendored @zodiacs/engine 0.1.1-rc.8 archive: every check passed on Node 22.22.2 and Node 24.21.0.
{
  "version": "0.1.1-rc.8",
  "sha256": "3b934376fa53983cbdd7eb1a6ecf0eb0d50fbc49df01bc610b20c63bd5d12be6",
  "publicExamples": "passed",
  "types": "passed",
  "archive": "vendor/zodiacs-engine-0.1.1-rc.8.tgz",
  "harness": "scripts/verify-packed-consumer.mjs from zodiacs-org/engine at 352ea49d9e1d7b07975a050bb4877acc454f86f5, run as published there",
  "typescript": "5.9.3",
  "checks": [
    "crossings",
    "publicExamples",
    "errors",
    "optionalIsolation",
    "geoRetry",
    "geoSchemaRecovery",
    "geoCacheMutationIsolation",
    "natalEnvelope",
    "redactedDiagnostic",
    "typedFlagCompatibility",
    "derivedEchoReplay",
    "suppliedChartMetadata",
    "flagRejections",
    "scalarSnapshots",
    "civilSettingsBeforeIntl",
    "types"
  ],
  "runtimes": [
    "v22.22.2",
    "v24.21.0"
  ],
  "installation": "Each run makes a fresh consumer directory, installs the vendored archive and its public dependencies from npm and TypeScript 5.9.3, and uses only the root, geo, receipt and crossings exports and the archive declarations.",
  "attribution": "Automated consumer check run by the integrator on 2026-09-25; not an independent review."
}
