import assert from 'node:assert/strict';
import fs from 'node:fs';
import crypto from 'node:crypto';
import {resolve} from 'node:path';
import {chromium} from './site/node_modules/playwright-core/index.mjs';
import {withPreview} from './site/tests/visual/preview-server.mjs';
import {findChromium,STABLE_CHROMIUM_ARGS,isSiteFooterIconTeardownAbort} from './site/tests/visual/browser.mjs';

const root=import.meta.dirname,out=resolve(root,'native');fs.mkdirSync(out,{recursive:true});
const hash=b=>crypto.createHash('sha256').update(b).digest('hex');
const identity=JSON.parse(fs.readFileSync(resolve(root,'source-identity.json')));
if(!fs.existsSync(resolve(root,'MAIN-ACCEPTED.txt')))throw Error('Main Freeze 2 acceptance signal must be recorded before running');
for(const r of identity.overlays)assert.equal(hash(fs.readFileSync(resolve(root,'site',r.path))),r.sha256,r.path);
const PROFILE_KEY='zodiacs.profile.v1',AUTH_KEY='sb-phase3-test-auth-token',USER_ID='110e8400-e29b-41d4-a716-446655440000',CHART_ID='220e8400-e29b-41d4-a716-446655440000';
const b64=v=>Buffer.from(JSON.stringify(v)).toString('base64url');
const syntheticChart={id:CHART_ID,name:'Synthetic stored chart',createdAt:'2026-07-01T00:00:00.000Z',updatedAt:'2026-07-01T00:00:00.000Z',birth:{date:'1907-07-06',time:'08:30',timeKnown:true,place:{name:'Coyoacán',admin1:'Ciudad de México',country:'MX',lat:19.35,lon:-99.16,tz:'America/Mexico_City'}},summary:{engineVersion:'test',utcISO:'1907-07-06T15:06:36.000Z',houseSystem:'whole',bodies:[{body:'Sun',lon:103.91,retrograde:false}],angles:{asc:143.2,mc:58.4},flags:[]}};
const profileBytes=JSON.stringify({version:1,settings:{houseSystem:'whole'},charts:[syntheticChart]});
const token=[b64({alg:'HS256',typ:'JWT'}),b64({aud:'authenticated',exp:4102444800,sub:USER_ID}),'phase3-test-signature'].join('.');
const session={access_token:token,refresh_token:'phase3-test-refresh',expires_at:4102444800,expires_in:2147483647,token_type:'bearer',user:{id:USER_ID,aud:'authenticated',role:'authenticated',email:'synthetic@example.invalid',app_metadata:{},user_metadata:{},identities:[],created_at:'2026-07-20T00:00:00.000Z'}};
const preference={enabled:false,pending:true,paused:false,requiresConfirmation:false,chartId:CHART_ID,timezone:'America/Mexico_City',confirmedAt:null,maskedEmail:'s…@example.invalid'};
const fragment='#c=1.'+b64({d:'1907-07-06',t:'08:30',z:'America/Mexico_City',la:19.35,lo:-99.16,n:'Synthetic stored chart',p:'Coyoacán, Mexico'});
const report={node:process.version,sourceIdentitySha256:hash(fs.readFileSync(resolve(root,'source-identity.json'))),driverSha256:hash(fs.readFileSync(new URL(import.meta.url))),profileInitialSha256:hash(profileBytes),phase:'startup',requests:[],blockedMutations:[],unexpected:[],pageErrors:[],consoleErrors:[],requestFailures:[],checkpoints:[],qualification:'Actual combined Astro birth-chart page and native city selector, using the unchanged installed browser engine. Only synthetic session/profile and documented P3 backend responses are fixtures. Natural legacy auth startup attempts one cloud-sync POST, intercepted and blocked locally; measured edit/refusal/recovery must attempt no additional mutation. No real authentication, subscriber, provider, network-issued/completed write, production or deployed-state claim.'};
let browser;
try{
 browser=await chromium.launch({executablePath:await findChromium(),headless:true,args:STABLE_CHROMIUM_ARGS});report.browser=browser.version();
 await withPreview({port:4397},async baseURL=>{
  report.origin=baseURL;const context=await browser.newContext({viewport:{width:1280,height:900},locale:'en-US',timezoneId:'UTC',colorScheme:'dark',reducedMotion:'reduce',serviceWorkers:'block'});let page;
  try{
   await context.addInitScript(({PROFILE_KEY,AUTH_KEY,profileBytes,session})=>{
    localStorage.setItem(PROFILE_KEY,profileBytes);localStorage.setItem(AUTH_KEY,JSON.stringify(session));
    window.__combined={events:[],profileWrites:[]};
    const original=Storage.prototype.setItem;Storage.prototype.setItem=function(key,value){if(this===localStorage&&key===PROFILE_KEY)window.__combined.profileWrites.push({bytes:String(value),sameAsOriginal:String(value)===profileBytes});return original.call(this,key,value)};
    for(const type of ['zodiacs:chart-computed','zodiacs:chart-context','zodiacs:chart-context-cleared'])addEventListener(type,event=>window.__combined.events.push({type,detail:event.detail?{mode:event.detail.mode,sunSign:event.detail.sunSign,chartId:event.detail.chartId,contextId:event.detail.contextId}:null,globalAbsent:window.zodiacsPostChartContext===undefined}));
   },{PROFILE_KEY,AUTH_KEY,profileBytes,session});
   await context.route('**/*',async route=>{
    const req=route.request(),url=new URL(req.url()),method=req.method();
    const networkRecord={method,origin:url.origin,path:url.pathname,search:url.search,phase:report.phase};report.requests.push(networkRecord);
    if(!['GET','HEAD','OPTIONS'].includes(method)){report.blockedMutations.push({...networkRecord,reason:'Intercepted before external network; returned local 418'});if(!(report.phase==='startup'&&method==='POST'&&url.origin==='https://phase3-test.supabase.co'&&url.pathname==='/rest/v1/profiles'))report.unexpected.push({...networkRecord,reason:'Additional or undeclared mutation attempted'});return route.fulfill({status:418,body:'Blocked synthetic-fixture mutation'});}
    if(url.origin==='https://phase3-test.supabase.co'){
     let body;
     if(url.pathname==='/auth/v1/user')body=session.user;
     else if(url.pathname==='/rest/v1/charts')body=url.searchParams.get('select')==='id'?[{id:CHART_ID}]:[];
     else if(['/rest/v1/profiles','/rest/v1/chart_deletions'].includes(url.pathname))body=[];
     else{report.unexpected.push({...networkRecord,reason:'Undeclared fixture endpoint'});return route.fulfill({status:418,body:'Undeclared fixture endpoint'});}
     return route.fulfill({status:200,contentType:'application/json',headers:{'Access-Control-Allow-Origin':'*','Content-Range':Array.isArray(body)?body.length?'0-0/1':'*/0':'0-0/1'},body:JSON.stringify(body)});
    }
    if(url.origin===baseURL){
     if(url.pathname==='/api/email/chart-preference')return route.fulfill({status:200,contentType:'application/json',body:JSON.stringify(preference)});
     if(url.pathname.startsWith('/api/')){report.unexpected.push({...networkRecord,reason:'Unexpected first-party API'});return route.fulfill({status:418,body:'Unexpected first-party API'});}
     return route.continue();
    }
    report.unexpected.push({...networkRecord,reason:'External request blocked'});return route.abort();
   });
   page=await context.newPage();page.on('pageerror',e=>report.pageErrors.push(String(e)));page.on('console',m=>{if(m.type()==='error')report.consoleErrors.push(m.text())});page.on('requestfailed',r=>{if(!isSiteFooterIconTeardownAbort(r))report.requestFailures.push({method:r.method(),url:r.url(),reason:r.failure()?.errorText})});
   const settle=()=>page.evaluate(()=>new Promise(done=>requestAnimationFrame(()=>requestAnimationFrame(()=>setTimeout(done,80)))));
   const prefReads=()=>report.requests.filter(r=>r.path==='/api/email/chart-preference').length;
   const observe=async label=>{
    const result=await page.evaluate(({PROFILE_KEY})=>({profile:localStorage.getItem(PROFILE_KEY),global:window.zodiacsPostChartContext??null,resultCount:document.querySelectorAll('.calc__result').length,actionsCount:document.querySelectorAll('.calc__actions').length,error:document.querySelector('.calc__error[role=alert]')?.textContent??null,errorFocused:document.activeElement===document.querySelector('.calc__error[role=alert]'),date:document.querySelector('#birth-date')?.value,timeDisabled:document.querySelector('#birth-time')?.disabled,place:document.querySelector('#place')?.value,daily:Array.from(document.querySelectorAll('[data-reveal-on-chart="true"]')).map(x=>({hidden:x.hidden,state:x.dataset.postChartState??null,managed:x.dataset.postChartManaged??null})),events:window.__combined.events,profileWrites:window.__combined.profileWrites}),{PROFILE_KEY});
    assert.equal(result.profile,profileBytes,'Stored synthetic profile bytes changed');delete result.profile;result.profileSha256=hash(profileBytes);result.preferenceReads=prefReads();report.checkpoints.push({label,...result});return result;
   };
   const startupBlocked=page.waitForResponse(response=>response.url().startsWith('https://phase3-test.supabase.co/rest/v1/profiles')&&response.request().method()==='POST'&&response.status()===418);
   const response=await page.goto(baseURL+'/birth-chart/'+fragment,{waitUntil:'domcontentloaded'});assert.equal(response.status(),200);
   await page.locator('.calc__result').waitFor({state:'visible',timeout:30000});await page.locator('[data-post-chart-state="pending"]').waitFor({state:'visible',timeout:30000});await startupBlocked;await settle();
   const initial=await observe('initial-success-and-pending-panel');assert.equal(initial.global?.chartId,CHART_ID);assert.ok(initial.actionsCount>0);assert.ok(initial.preferenceReads>0);await page.screenshot({path:resolve(out,'initial.png'),fullPage:true});
   assert.equal(report.blockedMutations.length,1);assert.equal(initial.profileWrites.length,1);assert.equal(initial.profileWrites[0].sameAsOriginal,true);
   const beforeRefusalReads=prefReads();report.phase='edit-refusal-recovery';
   await page.locator('#birth-date').fill('2011-12-30');await page.locator('.calc__form input[type=checkbox]').first().check();await page.locator('.calc .place__clear').click();await page.locator('#place').fill('Apia');
   const option=page.locator('#place-list .place__option').filter({has:page.locator('.place__name',{hasText:/^Apia$/})});await option.waitFor({state:'visible'});report.selectedOption=await option.innerText();await option.click();await settle();
   const edited=await observe('native-input-edit-clears-old-chart');assert.equal(edited.resultCount,0);assert.equal(edited.actionsCount,0);assert.equal(edited.global,null);assert.ok(edited.daily.length>0&&edited.daily.every(x=>x.hidden));assert.equal(prefReads(),beforeRefusalReads);
   const eventsBeforeSubmit=edited.events.filter(x=>x.type==='zodiacs:chart-computed').length;
   await page.locator('.calc__submit').click();await page.locator('.calc__error[role=alert]').waitFor({state:'visible'});await page.waitForFunction(()=>document.activeElement===document.querySelector('.calc__error[role=alert]'));await settle();
   const refused=await observe('skipped-date-dedicated-focused-refusal');const expected=await page.evaluate(()=>window.__ZDX_UI__.messages.localDateReferenceError);assert.equal(refused.error,expected);assert.equal(refused.resultCount,0);assert.equal(refused.actionsCount,0);assert.equal(refused.global,null);assert.equal(refused.errorFocused,true);assert.equal(refused.date,'2011-12-30');assert.equal(refused.timeDisabled,true);assert.match(refused.place,/Apia/);assert.ok(refused.daily.every(x=>x.hidden));assert.equal(prefReads(),beforeRefusalReads);assert.equal(refused.events.filter(x=>x.type==='zodiacs:chart-computed').length,eventsBeforeSubmit);await page.screenshot({path:resolve(out,'refusal.png'),fullPage:true});
   await page.locator('#birth-date').fill('2011-12-31');await page.locator('.calc__submit').click();await page.locator('.calc__result').waitFor({state:'visible'});await page.waitForFunction(()=>window.zodiacsPostChartContext?.mode==='full');await page.locator('[data-post-chart-state="device-only"]').waitFor({state:'visible'});await settle();
   const recovered=await observe('valid-date-recovers-current-result-and-context');assert.equal(recovered.error,null);assert.ok(recovered.resultCount>0&&recovered.actionsCount>0);assert.equal(recovered.global?.mode,'full');assert.equal(recovered.global?.chartId,null);assert.equal(recovered.date,'2011-12-31');assert.ok(recovered.daily.some(x=>!x.hidden));assert.equal(recovered.events.filter(x=>x.type==='zodiacs:chart-computed').length,eventsBeforeSubmit+1);await page.screenshot({path:resolve(out,'recovered.png'),fullPage:true});
   assert.equal(recovered.profileWrites.length,initial.profileWrites.length);assert.equal(report.blockedMutations.length,1);assert.equal(report.requests.filter(r=>r.method==='POST'&&r.phase==='edit-refusal-recovery').length,0);assert.deepEqual(report.unexpected,[]);assert.deepEqual(report.pageErrors,[]);assert.deepEqual(report.requestFailures,[]);
   const refusalDiagnostics=report.consoleErrors.filter(x=>x.split('\n')[0]==='Error: Could not establish a calculation time within the local date.');const blockedDiagnostics=report.consoleErrors.filter(x=>x.startsWith('Failed to load resource: the server responded with a status of 418'));
   assert.equal(refusalDiagnostics.length,1);assert.equal(blockedDiagnostics.length,1);assert.equal(report.consoleErrors.length,2);report.expectedDiagnostics={sourceLoggedRefusal:refusalDiagnostics,locallyBlockedStartupSync:blockedDiagnostics};report.measurement={startupAttemptedPosts:1,startupBlockedPosts:1,flowAttemptedPosts:0,allNetworkIssuedMutations:0,allNetworkCompletedMutations:0,preferenceReadsBeforeRefusal:beforeRefusalReads,preferenceReadsAtRefusal:refused.preferenceReads,preferenceReadsAfterRecovery:recovered.preferenceReads,profileBytesUnchanged:true,flowProfileWrites:0};report.outcome='passed';
  }catch(error){report.error=String(error.stack??error);report.outcome='failed';await page?.screenshot({path:resolve(out,'failure.png'),fullPage:true}).catch(()=>{});throw error}finally{await context.close()}
 });
}catch(error){report.error??=String(error.stack??error);report.outcome='failed';process.exitCode=1}finally{await browser?.close();report.cleanup='Owned browser contexts/browser and foreground Astro preview closed; no production/account backend operation.';fs.writeFileSync(resolve(out,'result.json'),JSON.stringify(report,null,2)+'\n');console.log(JSON.stringify({outcome:report.outcome,browser:report.browser,checkpoints:report.checkpoints.length,postCount:report.requests.filter(r=>r.method==='POST').length,unexpected:report.unexpected.length,error:report.error}));}
