{
  "initial-page.png": {
    "sha256": "bede0bb35e88c5aedcfa4be38815be473cd47dc131d6cbbb0d59ae998d2af35e",
    "bytes": 32813
  },
  "metafile.json": {
    "sha256": "d5653ec2b64090d8dae705336c4452ab7dba12f4248aab8a3a41947c6885f2f1",
    "bytes": 9236
  },
  "offline-results.png": {
    "sha256": "53709abf1ac7d988d4688b8c5e8eaeec7dd21f11b2399a0fb88e0821de8ad3dc",
    "bytes": 103817
  },
  "precise-coverage.json": {
    "sha256": "7829c7192d012ff92c63e94e800cfe66c43c10f51e430ab461f0d77949ed9836",
    "bytes": 87640
  },
  "report.json": {
    "sha256": "245677f1c774f3757126c6ccc6deb36083f839621c6d5718d2969e2926b76f0e",
    "bytes": 32964
  },
  "trace.zip": {
    "sha256": "e0aae3f602254dfb321a4e0aa7faed7f105211ab71d709fda2c3675e4afcc94a",
    "bytes": 123365
  }
}
