{
  "probe.mjs": {
    "bytes": 12437,
    "sha256": "d250cb6f0ed7846e91658cc680fb9302642a791bf23b7d02982ac747b1850226"
  },
  "probe.log": {
    "bytes": 811,
    "sha256": "3b3fe1db102f6d86b3cacc1cd2b8303f2315dafac68e831761256e2597bd13e6"
  },
  "result.json": {
    "bytes": 2018,
    "sha256": "d64742da4f984699b8c8dc9a128abb2f211a40aac8b71d1c6335913ac5e903ef"
  },
  "identities.json": {
    "bytes": 2848,
    "sha256": "4b8bd74bf8fd102809cebedd1e93cf29f58d51f98da334f327efbecbbf001125"
  },
  "REVIEW.md": {
    "bytes": 3406,
    "sha256": "d549b99138c11830eeb021237d23db5a5a1b7b40aee7544050f1fcf023aea46b"
  }
}
