{
  "timestamp": "2026-09-08T04:02:36.807455+00:00",
  "runs": [
    {
      "log": "final-focused-test.log",
      "command": [
        "/private/tmp/zodiacs-platform-runtime/node_modules/node/bin/node",
        "node_modules/vitest/vitest.mjs",
        "run",
        "src/lib/engine/portable.test.ts",
        "src/lib/engine/engine.test.ts",
        "src/lib/engine/package-integration.test.ts"
      ],
      "exitCode": 0
    },
    {
      "log": "final-typecheck.log",
      "command": [
        "/private/tmp/zodiacs-platform-runtime/node_modules/node/bin/node",
        "node_modules/typescript/bin/tsc",
        "--noEmit",
        "--target",
        "ES2022",
        "--module",
        "ESNext",
        "--moduleResolution",
        "Bundler",
        "--strict",
        "--skipLibCheck",
        "--types",
        "node",
        "src/lib/engine/portable.ts",
        "src/lib/engine/chart-adapter.ts",
        "src/lib/engine/full.ts",
        "src/lib/engine/portable.test.ts"
      ],
      "exitCode": 0
    },
    {
      "log": "final-diff-check.log",
      "command": [
        "git",
        "diff",
        "--check"
      ],
      "exitCode": 0
    }
  ]
}
