{
  "timestamp": "2026-09-08T04:03:08.010829+00:00",
  "baseHead": "d63773a3be2b4d40ff28a1075b9aaa9cb6c10793",
  "baseIncludesUncommittedSiteRc5Adoption": true,
  "baseFullSha256": "172ccbe20a898c4e4ca156da956ab64ef36bb26c6177e6df29f9e7838683a888",
  "files": {
    "src/lib/engine/chart-adapter.ts": "e48b9645fd4d5f9b1744be1a166d1105551db47277c672a83590a8cb368b4ea9",
    "src/lib/engine/full.ts": "e33380582a0c85a702b8102fe92f4c9e608293a08a4c2e3cb6128315cecf0c79",
    "src/lib/engine/portable.ts": "3da4a72f35d6e56ced6145d3bed19b48d0001abc29f28299cb8a645c7c22618f",
    "src/lib/engine/portable.test.ts": "47bd2c343a888bbcf647bb92b32cd2140d19259ffdfeff816af0ecdfeb78aec9"
  },
  "patchSha256": "69a5fa55efbf961bb2760bffec4edfdc16ee6df575a84045961fe4e9ee5bbb45",
  "installedEngineVersion": "0.1.1-rc.5",
  "installedEngineArtifactSha256": "1809c1686843a6be148eb185535e32059a20c35896e29ccfc7583a6b2738da65",
  "runtime": {
    "node": "22.23.2",
    "acorn": "8.16.0",
    "ada": "2.9.2",
    "amaro": "1.1.8",
    "ares": "1.34.6",
    "brotli": "1.1.0",
    "cjs_module_lexer": "2.2.0",
    "cldr": "48.0",
    "icu": "78.2",
    "llhttp": "9.4.3",
    "modules": "127",
    "napi": "10",
    "nbytes": "0.1.3",
    "ncrypto": "0.0.1",
    "nghttp2": "1.69.0",
    "openssl": "3.5.7",
    "simdjson": "4.5.0",
    "simdutf": "6.4.2",
    "sqlite": "3.51.3",
    "tz": "2026a",
    "undici": "6.28.0",
    "unicode": "17.0",
    "uv": "1.51.0",
    "uvwasi": "0.0.23",
    "v8": "12.4.254.21-node.56",
    "zlib": "1.3.1-e00f703",
    "zstd": "1.5.7"
  },
  "rootEdited": false
}
