locator.click: Timeout 30000ms exceeded.
Call log:
[2m  - waiting for getByRole('option').first()[22m
[2m    - locator resolved to <option selected value="whole">Whole sign (default)</option>[22m
[2m  - attempting click action[22m
[2m    2 × waiting for element to be visible, enabled and stable[22m
[2m      - element is not visible[22m
[2m    - retrying click action[22m
[2m    - waiting 20ms[22m
[2m    2 × waiting for element to be visible, enabled and stable[22m
[2m      - element is not visible[22m
[2m    - retrying click action[22m
[2m      - waiting 100ms[22m
[2m    58 × waiting for element to be visible, enabled and stable[22m
[2m       - element is not visible[22m
[2m     - retrying click action[22m
[2m       - waiting 500ms[22m

    at /private/tmp/zodiacs-platform-site-receipt-export-evidence/browser-drive.mjs:51:200 {
  log: [
    "  - waiting for getByRole('option').first()",
    '    - locator resolved to <option selected value="whole">Whole sign (default)</option>',
    '  - attempting click action',
    '    2 × waiting for element to be visible, enabled and stable',
    '      - element is not visible',
    '    - retrying click action',
    '    - waiting 20ms',
    '    2 × waiting for element to be visible, enabled and stable',
    '      - element is not visible',
    '    - retrying click action',
    '      - waiting 100ms',
    '    58 × waiting for element to be visible, enabled and stable',
    '       - element is not visible',
    '     - retrying click action',
    '       - waiting 500ms'
  ],
  name: 'TimeoutError'
}
{
  "run": "/private/tmp/zodiacs-platform-site-receipt-export-evidence/browser-1788846365339",
  "passed": 0,
  "failed": 1
}
