[
  {
    "zone": "+01:00",
    "legacySucceeded": true,
    "utc": "1990-06-15T13:30:00.000Z",
    "portable": {
      "name": "PortableChartError",
      "code": "calculation_failed",
      "message": "Unable to prepare a portable chart."
    }
  },
  {
    "zone": "+0100",
    "legacySucceeded": true,
    "utc": "1990-06-15T13:30:00.000Z",
    "portable": {
      "name": "PortableChartError",
      "code": "calculation_failed",
      "message": "Unable to prepare a portable chart."
    }
  },
  {
    "zone": "-02:30",
    "legacySucceeded": true,
    "utc": "1990-06-15T17:00:00.000Z",
    "portable": {
      "name": "PortableChartError",
      "code": "calculation_failed",
      "message": "Unable to prepare a portable chart."
    }
  },
  {
    "zone": "+23:59",
    "legacySucceeded": true,
    "utc": "1990-06-14T14:31:00.000Z",
    "portable": {
      "name": "PortableChartError",
      "code": "calculation_failed",
      "message": "Unable to prepare a portable chart."
    }
  },
  {
    "zone": "-00:00",
    "legacySucceeded": true,
    "utc": "1990-06-15T14:30:00.000Z",
    "portable": {
      "name": "PortableChartError",
      "code": "calculation_failed",
      "message": "Unable to prepare a portable chart."
    }
  }
]
