
> zodiacs-org@1.0.0 test:phase1:acceptance
> node tests/phase1-acceptance-drive.mjs

CAPTURE today @ 360: /today/
PASS today @ 360: 360×6460
CAPTURE today @ 1280: /today/
PASS today @ 1280: 1280×4157
CAPTURE horoscopes-hub @ 360: /horoscopes/
PASS horoscopes-hub @ 360: 360×5759
CAPTURE horoscopes-hub @ 1280: /horoscopes/
PASS horoscopes-hub @ 1280: 1280×2882
CAPTURE daily @ 360: /horoscopes/aries/
PASS daily @ 360: 360×4353
CAPTURE daily @ 1280: /horoscopes/aries/
PASS daily @ 1280: 1280×3585
CAPTURE tomorrow @ 360: /horoscopes/aries/tomorrow/
PASS tomorrow @ 360: 360×4301
CAPTURE tomorrow @ 1280: /horoscopes/aries/tomorrow/
PASS tomorrow @ 1280: 1280×3491
CAPTURE weekly @ 360: /horoscopes/aries/weekly/
PASS weekly @ 360: 360×5022
CAPTURE weekly @ 1280: /horoscopes/aries/weekly/
PASS weekly @ 1280: 1280×3863
CAPTURE monthly @ 360: /horoscopes/aries/monthly/
PASS monthly @ 360: 360×5034
CAPTURE monthly @ 1280: /horoscopes/aries/monthly/
PASS monthly @ 1280: 1280×3724
CAPTURE love @ 360: /horoscopes/aries/love/
PASS love @ 360: 360×4010
CAPTURE love @ 1280: /horoscopes/aries/love/
PASS love @ 1280: 1280×3245
CAPTURE career @ 360: /horoscopes/aries/career/
PASS career @ 360: 360×3966
CAPTURE career @ 1280: /horoscopes/aries/career/
PASS career @ 1280: 1280×3291
CAPTURE yearly @ 360: /horoscopes/aries/2027/
PASS yearly @ 360: 360×12554
CAPTURE yearly @ 1280: /horoscopes/aries/2027/
PASS yearly @ 1280: 1280×7784
Phase 1 visual acceptance: PASS — 18/18 exact-width captures
