Build & Check	Phase 6 Ask Zodiacs drive	﻿2026-09-07T19:15:02.6021238Z ##[group]Run npm run test:phase6:ask
Build & Check	Phase 6 Ask Zodiacs drive	2026-09-07T19:15:02.6021537Z npm run test:phase6:ask
Build & Check	Phase 6 Ask Zodiacs drive	2026-09-07T19:15:02.6055208Z shell: /usr/bin/bash -e {0}
Build & Check	Phase 6 Ask Zodiacs drive	2026-09-07T19:15:02.6055474Z ##[endgroup]
Build & Check	Phase 6 Ask Zodiacs drive	2026-09-07T19:15:02.6843654Z
Build & Check	Phase 6 Ask Zodiacs drive	2026-09-07T19:15:02.6844346Z > zodiacs-org@1.0.0 test:phase6:ask
Build & Check	Phase 6 Ask Zodiacs drive	2026-09-07T19:15:02.6844913Z > node tests/assistant-drive.mjs
Build & Check	Phase 6 Ask Zodiacs drive	2026-09-07T19:15:02.6845173Z
Build & Check	Phase 6 Ask Zodiacs drive	2026-09-07T19:15:12.3529372Z node:internal/modules/run_main:123
Build & Check	Phase 6 Ask Zodiacs drive	2026-09-07T19:15:12.3530074Z     triggerUncaughtException(
Build & Check	Phase 6 Ask Zodiacs drive	2026-09-07T19:15:12.3530766Z     ^
Build & Check	Phase 6 Ask Zodiacs drive	2026-09-07T19:15:12.3530919Z
Build & Check	Phase 6 Ask Zodiacs drive	2026-09-07T19:15:12.3531258Z AssertionError [ERR_ASSERTION]: Expected values to be strictly equal:
Build & Check	Phase 6 Ask Zodiacs drive	2026-09-07T19:15:12.3531758Z + actual - expected
Build & Check	Phase 6 Ask Zodiacs drive	2026-09-07T19:15:12.3531936Z
Build & Check	Phase 6 Ask Zodiacs drive	2026-09-07T19:15:12.3532191Z + '0.1.1-rc.1'
Build & Check	Phase 6 Ask Zodiacs drive	2026-09-07T19:15:12.3532446Z - '0.1.0'
Build & Check	Phase 6 Ask Zodiacs drive	2026-09-07T19:15:12.3532700Z        ^
Build & Check	Phase 6 Ask Zodiacs drive	2026-09-07T19:15:12.3532833Z
Build & Check	Phase 6 Ask Zodiacs drive	2026-09-07T19:15:12.3533302Z     at legacyPolarFixture (file:///home/runner/work/site/site/tests/legacy-polar-fixture.mjs:15:10)
Build & Check	Phase 6 Ask Zodiacs drive	2026-09-07T19:15:12.3534358Z     at driveLegacyPolarGuide (file:///home/runner/work/site/site/tests/legacy-polar-guide-drive.mjs:5:19)
Build & Check	Phase 6 Ask Zodiacs drive	2026-09-07T19:15:12.3535227Z     at file:///home/runner/work/site/site/tests/assistant-drive.mjs:434:11
Build & Check	Phase 6 Ask Zodiacs drive	2026-09-07T19:15:12.3535756Z     at async withPreview (file:///home/runner/work/site/site/tests/visual/preview-server.mjs:105:12)
Build & Check	Phase 6 Ask Zodiacs drive	2026-09-07T19:15:12.3536267Z     at async file:///home/runner/work/site/site/tests/assistant-drive.mjs:145:1 {
Build & Check	Phase 6 Ask Zodiacs drive	2026-09-07T19:15:12.3536605Z   generatedMessage: true,
Build & Check	Phase 6 Ask Zodiacs drive	2026-09-07T19:15:12.3536824Z   code: 'ERR_ASSERTION',
Build & Check	Phase 6 Ask Zodiacs drive	2026-09-07T19:15:12.3537028Z   actual: '0.1.1-rc.1',
Build & Check	Phase 6 Ask Zodiacs drive	2026-09-07T19:15:12.3537227Z   expected: '0.1.0',
Build & Check	Phase 6 Ask Zodiacs drive	2026-09-07T19:15:12.3537426Z   operator: 'strictEqual',
Build & Check	Phase 6 Ask Zodiacs drive	2026-09-07T19:15:12.3537633Z   diff: 'simple'
Build & Check	Phase 6 Ask Zodiacs drive	2026-09-07T19:15:12.3537822Z }
Build & Check	Phase 6 Ask Zodiacs drive	2026-09-07T19:15:12.3537914Z
Build & Check	Phase 6 Ask Zodiacs drive	2026-09-07T19:15:12.3537992Z Node.js v22.23.2
Build & Check	Phase 6 Ask Zodiacs drive	2026-09-07T19:15:12.3744182Z ##[error]Process completed with exit code 1.
