[
  {
    "scriptId": "78",
    "url": "http://127.0.0.1:65487/_astro/chart-adapter.DdfW9XjH.js",
    "functions": [
      {
        "functionName": "",
        "ranges": [
          {
            "startOffset": 0,
            "endOffset": 50306,
            "count": 1
          }
        ],
        "isBlockCoverage": true
      },
      {
        "functionName": "ne",
        "ranges": [
          {
            "startOffset": 615,
            "endOffset": 708,
            "count": 54
          },
          {
            "startOffset": 639,
            "endOffset": 647,
            "count": 0
          },
          {
            "startOffset": 648,
            "endOffset": 699,
            "count": 0
          }
        ],
        "isBlockCoverage": true
      },
      {
        "functionName": "O",
        "ranges": [
          {
            "startOffset": 708,
            "endOffset": 813,
            "count": 15
          },
          {
            "startOffset": 745,
            "endOffset": 804,
            "count": 0
          }
        ],
        "isBlockCoverage": true
      },
      {
        "functionName": "k",
        "ranges": [
          {
            "startOffset": 813,
            "endOffset": 850,
            "count": 54
          }
        ],
        "isBlockCoverage": true
      },
      {
        "functionName": "",
        "ranges": [
          {
            "startOffset": 857,
            "endOffset": 1205,
            "count": 1
          }
        ],
        "isBlockCoverage": true
      },
      {
        "functionName": "ie",
        "ranges": [
          {
            "startOffset": 1452,
            "endOffset": 1509,
            "count": 27
          },
          {
            "startOffset": 1498,
            "endOffset": 1503,
            "count": 0
          }
        ],
        "isBlockCoverage": true
      },
      {
        "functionName": "M",
        "ranges": [
          {
            "startOffset": 1509,
            "endOffset": 1561,
            "count": 27
          },
          {
            "startOffset": 1543,
            "endOffset": 1555,
            "count": 0
          }
        ],
        "isBlockCoverage": true
      },
      {
        "functionName": "",
        "ranges": [
          {
            "startOffset": 1568,
            "endOffset": 1634,
            "count": 1
          }
        ],
        "isBlockCoverage": true
      },
      {
        "functionName": "F",
        "ranges": [
          {
            "startOffset": 21152,
            "endOffset": 22355,
            "count": 121
          },
          {
            "startOffset": 21216,
            "endOffset": 21244,
            "count": 0
          },
          {
            "startOffset": 21250,
            "endOffset": 21368,
            "count": 0
          },
          {
            "startOffset": 21375,
            "endOffset": 21496,
            "count": 0
          },
          {
            "startOffset": 21503,
            "endOffset": 21554,
            "count": 0
          },
          {
            "startOffset": 21561,
            "endOffset": 21634,
            "count": 0
          },
          {
            "startOffset": 21641,
            "endOffset": 21771,
            "count": 0
          },
          {
            "startOffset": 21778,
            "endOffset": 21871,
            "count": 0
          },
          {
            "startOffset": 21878,
            "endOffset": 21955,
            "count": 0
          },
          {
            "startOffset": 21962,
            "endOffset": 22018,
            "count": 0
          },
          {
            "startOffset": 22025,
            "endOffset": 22074,
            "count": 0
          },
          {
            "startOffset": 22081,
            "endOffset": 22130,
            "count": 0
          },
          {
            "startOffset": 22232,
            "endOffset": 22354,
            "count": 0
          }
        ],
        "isBlockCoverage": true
      },
      {
        "functionName": "L",
        "ranges": [
          {
            "startOffset": 22363,
            "endOffset": 22397,
            "count": 121
          }
        ],
        "isBlockCoverage": true
      },
      {
        "functionName": "e",
        "ranges": [
          {
            "startOffset": 22411,
            "endOffset": 22824,
            "count": 121
          },
          {
            "startOffset": 22444,
            "endOffset": 22495,
            "count": 0
          },
          {
            "startOffset": 22533,
            "endOffset": 22563,
            "count": 34
          },
          {
            "startOffset": 22564,
            "endOffset": 22639,
            "count": 34
          },
          {
            "startOffset": 22639,
            "endOffset": 22734,
            "count": 87
          },
          {
            "startOffset": 22734,
            "endOffset": 22823,
            "count": 0
          }
        ],
        "isBlockCoverage": true
      },
      {
        "functionName": "FromTerrestrialTime",
        "ranges": [
          {
            "startOffset": 22831,
            "endOffset": 22936,
            "count": 0
          }
        ],
        "isBlockCoverage": false
      },
      {
        "functionName": "toString",
        "ranges": [
          {
            "startOffset": 22936,
            "endOffset": 22978,
            "count": 0
          }
        ],
        "isBlockCoverage": false
      },
      {
        "functionName": "AddDays",
        "ranges": [
          {
            "startOffset": 22978,
            "endOffset": 23013,
            "count": 87
          }
        ],
        "isBlockCoverage": true
      },
      {
        "functionName": "z",
        "ranges": [
          {
            "startOffset": 23015,
            "endOffset": 23062,
            "count": 353
          },
          {
            "startOffset": 23050,
            "endOffset": 23052,
            "count": 319
          },
          {
            "startOffset": 23052,
            "endOffset": 23061,
            "count": 34
          }
        ],
        "isBlockCoverage": true
      },
      {
        "functionName": "ae",
        "ranges": [
          {
            "startOffset": 23062,
            "endOffset": 23771,
            "count": 34
          }
        ],
        "isBlockCoverage": true
      },
      {
        "functionName": "t",
        "ranges": [
          {
            "startOffset": 23077,
            "endOffset": 23104,
            "count": 136
          }
        ],
        "isBlockCoverage": true
      },
      {
        "functionName": "B",
        "ranges": [
          {
            "startOffset": 23771,
            "endOffset": 23886,
            "count": 40
          }
        ],
        "isBlockCoverage": true
      },
      {
        "functionName": "V",
        "ranges": [
          {
            "startOffset": 23893,
            "endOffset": 24065,
            "count": 67
          },
          {
            "startOffset": 23913,
            "endOffset": 23940,
            "count": 66
          },
          {
            "startOffset": 23941,
            "endOffset": 24055,
            "count": 34
          }
        ],
        "isBlockCoverage": true
      },
      {
        "functionName": "H",
        "ranges": [
          {
            "startOffset": 24065,
            "endOffset": 24160,
            "count": 9
          }
        ],
        "isBlockCoverage": true
      },
      {
        "functionName": "U",
        "ranges": [
          {
            "startOffset": 24160,
            "endOffset": 24193,
            "count": 6
          }
        ],
        "isBlockCoverage": true
      },
      {
        "functionName": "ce",
        "ranges": [
          {
            "startOffset": 24202,
            "endOffset": 30399,
            "count": 9
          },
          {
            "startOffset": 25505,
            "endOffset": 25899,
            "count": 36
          },
          {
            "startOffset": 25516,
            "endOffset": 25669,
            "count": 9
          },
          {
            "startOffset": 25669,
            "endOffset": 25708,
            "count": 0
          },
          {
            "startOffset": 25786,
            "endOffset": 25850,
            "count": 117
          },
          {
            "startOffset": 25867,
            "endOffset": 25898,
            "count": 153
          }
        ],
        "isBlockCoverage": true
      },
      {
        "functionName": "n",
        "ranges": [
          {
            "startOffset": 24239,
            "endOffset": 24317,
            "count": 234
          },
          {
            "startOffset": 24285,
            "endOffset": 24295,
            "count": 936
          }
        ],
        "isBlockCoverage": true
      },
      {
        "functionName": "r",
        "ranges": [
          {
            "startOffset": 24317,
            "endOffset": 24406,
            "count": 18
          },
          {
            "startOffset": 24369,
            "endOffset": 24384,
            "count": 234
          }
        ],
        "isBlockCoverage": true
      },
      {
        "functionName": "i",
        "ranges": [
          {
            "startOffset": 24406,
            "endOffset": 24471,
            "count": 5562
          }
        ],
        "isBlockCoverage": true
      },
      {
        "functionName": "a",
        "ranges": [
          {
            "startOffset": 24471,
            "endOffset": 24533,
            "count": 684
          }
        ],
        "isBlockCoverage": true
      },
      {
        "functionName": "j",
        "ranges": [
          {
            "startOffset": 24615,
            "endOffset": 24647,
            "count": 2781
          }
        ],
        "isBlockCoverage": true
      },
      {
        "functionName": "ie",
        "ranges": [
          {
            "startOffset": 24647,
            "endOffset": 24681,
            "count": 2781
          }
        ],
        "isBlockCoverage": true
      },
      {
        "functionName": "M",
        "ranges": [
          {
            "startOffset": 24681,
            "endOffset": 24717,
            "count": 342
          }
        ],
        "isBlockCoverage": true
      },
      {
        "functionName": "N",
        "ranges": [
          {
            "startOffset": 24717,
            "endOffset": 24754,
            "count": 342
          }
        ],
        "isBlockCoverage": true
      },
      {
        "functionName": "P",
        "ranges": [
          {
            "startOffset": 24754,
            "endOffset": 24795,
            "count": 2511
          }
        ],
        "isBlockCoverage": true
      },
      {
        "functionName": "F",
        "ranges": [
          {
            "startOffset": 24795,
            "endOffset": 24830,
            "count": 189
          }
        ],
        "isBlockCoverage": true
      },
      {
        "functionName": "",
        "ranges": [
          {
            "startOffset": 25822,
            "endOffset": 25848,
            "count": 117
          }
        ],
        "isBlockCoverage": true
      },
      {
        "functionName": "V",
        "ranges": [
          {
            "startOffset": 25899,
            "endOffset": 26038,
            "count": 1026
          },
          {
            "startOffset": 25966,
            "endOffset": 26029,
            "count": 4104
          },
          {
            "startOffset": 25974,
            "endOffset": 26028,
            "count": 2394
          }
        ],
        "isBlockCoverage": true
      },
      {
        "functionName": "",
        "ranges": [
          {
            "startOffset": 26007,
            "endOffset": 26027,
            "count": 2394
          }
        ],
        "isBlockCoverage": true
      },
      {
        "functionName": "H",
        "ranges": [
          {
            "startOffset": 26038,
            "endOffset": 26119,
            "count": 936
          }
        ],
        "isBlockCoverage": true
      },
      {
        "functionName": "U",
        "ranges": [
          {
            "startOffset": 29672,
            "endOffset": 29716,
            "count": 90
          }
        ],
        "isBlockCoverage": true
      },
      {
        "functionName": "le",
        "ranges": [
          {
            "startOffset": 30399,
            "endOffset": 30577,
            "count": 9
          }
        ],
        "isBlockCoverage": true
      },
      {
        "functionName": "ue",
        "ranges": [
          {
            "startOffset": 30577,
            "endOffset": 30617,
            "count": 6
          }
        ],
        "isBlockCoverage": true
      },
      {
        "functionName": "de",
        "ranges": [
          {
            "startOffset": 30617,
            "endOffset": 31302,
            "count": 36
          },
          {
            "startOffset": 31171,
            "endOffset": 31211,
            "count": 6
          },
          {
            "startOffset": 31211,
            "endOffset": 31269,
            "count": 30
          },
          {
            "startOffset": 31269,
            "endOffset": 31301,
            "count": 0
          }
        ],
        "isBlockCoverage": true
      },
      {
        "functionName": "fe",
        "ranges": [
          {
            "startOffset": 31302,
            "endOffset": 31401,
            "count": 1
          }
        ],
        "isBlockCoverage": true
      },
      {
        "functionName": "me",
        "ranges": [
          {
            "startOffset": 31408,
            "endOffset": 31621,
            "count": 1
          },
          {
            "startOffset": 31429,
            "endOffset": 31443,
            "count": 0
          },
          {
            "startOffset": 31580,
            "endOffset": 31589,
            "count": 0
          }
        ],
        "isBlockCoverage": true
      },
      {
        "functionName": "he",
        "ranges": [
          {
            "startOffset": 31621,
            "endOffset": 31652,
            "count": 1
          }
        ],
        "isBlockCoverage": true
      },
      {
        "functionName": "ge",
        "ranges": [
          {
            "startOffset": 31652,
            "endOffset": 31692,
            "count": 3
          }
        ],
        "isBlockCoverage": true
      },
      {
        "functionName": "_e",
        "ranges": [
          {
            "startOffset": 31692,
            "endOffset": 32064,
            "count": 33
          },
          {
            "startOffset": 31973,
            "endOffset": 32063,
            "count": 0
          }
        ],
        "isBlockCoverage": true
      },
      {
        "functionName": "W",
        "ranges": [
          {
            "startOffset": 32076,
            "endOffset": 32133,
            "count": 315
          }
        ],
        "isBlockCoverage": true
      },
      {
        "functionName": "Length",
        "ranges": [
          {
            "startOffset": 32133,
            "endOffset": 32182,
            "count": 81
          }
        ],
        "isBlockCoverage": true
      },
      {
        "functionName": "G",
        "ranges": [
          {
            "startOffset": 32192,
            "endOffset": 32285,
            "count": 12
          }
        ],
        "isBlockCoverage": true
      },
      {
        "functionName": "ve",
        "ranges": [
          {
            "startOffset": 32296,
            "endOffset": 32358,
            "count": 3
          }
        ],
        "isBlockCoverage": true
      },
      {
        "functionName": "K",
        "ranges": [
          {
            "startOffset": 32368,
            "endOffset": 32394,
            "count": 160
          }
        ],
        "isBlockCoverage": true
      },
      {
        "functionName": "ye",
        "ranges": [
          {
            "startOffset": 32405,
            "endOffset": 32465,
            "count": 3
          }
        ],
        "isBlockCoverage": true
      },
      {
        "functionName": "be",
        "ranges": [
          {
            "startOffset": 32467,
            "endOffset": 32515,
            "count": 3
          }
        ],
        "isBlockCoverage": true
      },
      {
        "functionName": "xe",
        "ranges": [
          {
            "startOffset": 32515,
            "endOffset": 32696,
            "count": 3
          }
        ],
        "isBlockCoverage": true
      },
      {
        "functionName": "q",
        "ranges": [
          {
            "startOffset": 32696,
            "endOffset": 32924,
            "count": 6
          }
        ],
        "isBlockCoverage": true
      },
      {
        "functionName": "Se",
        "ranges": [
          {
            "startOffset": 32924,
            "endOffset": 33230,
            "count": 3
          }
        ],
        "isBlockCoverage": true
      },
      {
        "functionName": "Ce",
        "ranges": [
          {
            "startOffset": 33230,
            "endOffset": 33414,
            "count": 3
          }
        ],
        "isBlockCoverage": true
      },
      {
        "functionName": "we",
        "ranges": [
          {
            "startOffset": 33414,
            "endOffset": 33514,
            "count": 0
          }
        ],
        "isBlockCoverage": false
      },
      {
        "functionName": "J",
        "ranges": [
          {
            "startOffset": 33514,
            "endOffset": 33647,
            "count": 5340
          },
          {
            "startOffset": 33559,
            "endOffset": 33638,
            "count": 11278
          },
          {
            "startOffset": 33587,
            "endOffset": 33608,
            "count": 117887
          },
          {
            "startOffset": 33619,
            "endOffset": 33627,
            "count": 4486
          }
        ],
        "isBlockCoverage": true
      },
      {
        "functionName": "Te",
        "ranges": [
          {
            "startOffset": 33647,
            "endOffset": 33822,
            "count": 4908
          },
          {
            "startOffset": 33699,
            "endOffset": 33813,
            "count": 10225
          },
          {
            "startOffset": 33731,
            "endOffset": 33787,
            "count": 110021
          },
          {
            "startOffset": 33766,
            "endOffset": 33786,
            "count": 22495
          }
        ],
        "isBlockCoverage": true
      },
      {
        "functionName": "ke",
        "ranges": [
          {
            "startOffset": 33850,
            "endOffset": 34008,
            "count": 3416
          }
        ],
        "isBlockCoverage": true
      },
      {
        "functionName": "Ae",
        "ranges": [
          {
            "startOffset": 34008,
            "endOffset": 34105,
            "count": 1780
          }
        ],
        "isBlockCoverage": true
      },
      {
        "functionName": "je",
        "ranges": [
          {
            "startOffset": 34105,
            "endOffset": 34209,
            "count": 144
          }
        ],
        "isBlockCoverage": true
      },
      {
        "functionName": "Me",
        "ranges": [
          {
            "startOffset": 34209,
            "endOffset": 34508,
            "count": 1636
          }
        ],
        "isBlockCoverage": true
      },
      {
        "functionName": "Ne",
        "ranges": [
          {
            "startOffset": 34508,
            "endOffset": 34589,
            "count": 0
          }
        ],
        "isBlockCoverage": false
      },
      {
        "functionName": "Pe",
        "ranges": [
          {
            "startOffset": 34589,
            "endOffset": 34713,
            "count": 0
          }
        ],
        "isBlockCoverage": false
      },
      {
        "functionName": "e",
        "ranges": [
          {
            "startOffset": 40752,
            "endOffset": 40798,
            "count": 20210
          }
        ],
        "isBlockCoverage": true
      },
      {
        "functionName": "clone",
        "ranges": [
          {
            "startOffset": 40798,
            "endOffset": 40841,
            "count": 0
          }
        ],
        "isBlockCoverage": false
      },
      {
        "functionName": "ToAstroVector",
        "ranges": [
          {
            "startOffset": 40841,
            "endOffset": 40895,
            "count": 144
          }
        ],
        "isBlockCoverage": true
      },
      {
        "functionName": "zero",
        "ranges": [
          {
            "startOffset": 40902,
            "endOffset": 40929,
            "count": 0
          }
        ],
        "isBlockCoverage": false
      },
      {
        "functionName": "quadrature",
        "ranges": [
          {
            "startOffset": 40929,
            "endOffset": 40991,
            "count": 3990
          }
        ],
        "isBlockCoverage": true
      },
      {
        "functionName": "add",
        "ranges": [
          {
            "startOffset": 40991,
            "endOffset": 41045,
            "count": 1017
          }
        ],
        "isBlockCoverage": true
      },
      {
        "functionName": "sub",
        "ranges": [
          {
            "startOffset": 41045,
            "endOffset": 41099,
            "count": 4008
          }
        ],
        "isBlockCoverage": true
      },
      {
        "functionName": "incr",
        "ranges": [
          {
            "startOffset": 41099,
            "endOffset": 41143,
            "count": 6464
          }
        ],
        "isBlockCoverage": true
      },
      {
        "functionName": "decr",
        "ranges": [
          {
            "startOffset": 41143,
            "endOffset": 41187,
            "count": 3272
          }
        ],
        "isBlockCoverage": true
      },
      {
        "functionName": "mul",
        "ranges": [
          {
            "startOffset": 41187,
            "endOffset": 41235,
            "count": 9708
          }
        ],
        "isBlockCoverage": true
      },
      {
        "functionName": "div",
        "ranges": [
          {
            "startOffset": 41235,
            "endOffset": 41283,
            "count": 0
          }
        ],
        "isBlockCoverage": false
      },
      {
        "functionName": "mean",
        "ranges": [
          {
            "startOffset": 41283,
            "endOffset": 41350,
            "count": 407
          }
        ],
        "isBlockCoverage": true
      },
      {
        "functionName": "neg",
        "ranges": [
          {
            "startOffset": 41350,
            "endOffset": 41394,
            "count": 0
          }
        ],
        "isBlockCoverage": false
      },
      {
        "functionName": "e",
        "ranges": [
          {
            "startOffset": 41407,
            "endOffset": 41454,
            "count": 2456
          }
        ],
        "isBlockCoverage": true
      },
      {
        "functionName": "clone",
        "ranges": [
          {
            "startOffset": 41454,
            "endOffset": 41498,
            "count": 0
          }
        ],
        "isBlockCoverage": false
      },
      {
        "functionName": "sub",
        "ranges": [
          {
            "startOffset": 41498,
            "endOffset": 41559,
            "count": 0
          }
        ],
        "isBlockCoverage": false
      },
      {
        "functionName": "ze",
        "ranges": [
          {
            "startOffset": 41561,
            "endOffset": 41644,
            "count": 2
          }
        ],
        "isBlockCoverage": true
      },
      {
        "functionName": "Be",
        "ranges": [
          {
            "startOffset": 41644,
            "endOffset": 41743,
            "count": 1636
          }
        ],
        "isBlockCoverage": true
      },
      {
        "functionName": "Ve",
        "ranges": [
          {
            "startOffset": 41743,
            "endOffset": 41827,
            "count": 3990
          }
        ],
        "isBlockCoverage": true
      },
      {
        "functionName": "He",
        "ranges": [
          {
            "startOffset": 41840,
            "endOffset": 42265,
            "count": 409
          }
        ],
        "isBlockCoverage": true
      },
      {
        "functionName": "Acceleration",
        "ranges": [
          {
            "startOffset": 42265,
            "endOffset": 42438,
            "count": 798
          }
        ],
        "isBlockCoverage": true
      },
      {
        "functionName": "e",
        "ranges": [
          {
            "startOffset": 42451,
            "endOffset": 42509,
            "count": 400
          }
        ],
        "isBlockCoverage": true
      },
      {
        "functionName": "clone",
        "ranges": [
          {
            "startOffset": 42509,
            "endOffset": 42584,
            "count": 0
          }
        ],
        "isBlockCoverage": false
      },
      {
        "functionName": "We",
        "ranges": [
          {
            "startOffset": 42595,
            "endOffset": 42636,
            "count": 400
          }
        ],
        "isBlockCoverage": true
      },
      {
        "functionName": "Ge",
        "ranges": [
          {
            "startOffset": 42638,
            "endOffset": 42733,
            "count": 814
          }
        ],
        "isBlockCoverage": true
      },
      {
        "functionName": "Ke",
        "ranges": [
          {
            "startOffset": 42733,
            "endOffset": 42796,
            "count": 18
          }
        ],
        "isBlockCoverage": true
      },
      {
        "functionName": "qe",
        "ranges": [
          {
            "startOffset": 42796,
            "endOffset": 42971,
            "count": 398
          }
        ],
        "isBlockCoverage": true
      },
      {
        "functionName": "Ye",
        "ranges": [
          {
            "startOffset": 42981,
            "endOffset": 43042,
            "count": 18
          },
          {
            "startOffset": 43028,
            "endOffset": 43030,
            "count": 0
          },
          {
            "startOffset": 43035,
            "endOffset": 43039,
            "count": 0
          }
        ],
        "isBlockCoverage": true
      },
      {
        "functionName": "Xe",
        "ranges": [
          {
            "startOffset": 43042,
            "endOffset": 43178,
            "count": 2
          }
        ],
        "isBlockCoverage": true
      },
      {
        "functionName": "Ze",
        "ranges": [
          {
            "startOffset": 43178,
            "endOffset": 43645,
            "count": 9
          },
          {
            "startOffset": 43230,
            "endOffset": 43242,
            "count": 0
          },
          {
            "startOffset": 43275,
            "endOffset": 43633,
            "count": 1
          },
          {
            "startOffset": 43366,
            "endOffset": 43393,
            "count": 199
          },
          {
            "startOffset": 43446,
            "endOffset": 43473,
            "count": 199
          },
          {
            "startOffset": 43491,
            "endOffset": 43632,
            "count": 199
          }
        ],
        "isBlockCoverage": true
      },
      {
        "functionName": "Qe",
        "ranges": [
          {
            "startOffset": 43645,
            "endOffset": 43769,
            "count": 0
          }
        ],
        "isBlockCoverage": false
      },
      {
        "functionName": "$e",
        "ranges": [
          {
            "startOffset": 43769,
            "endOffset": 44240,
            "count": 9
          },
          {
            "startOffset": 44047,
            "endOffset": 44144,
            "count": 0
          }
        ],
        "isBlockCoverage": true
      },
      {
        "functionName": "$",
        "ranges": [
          {
            "startOffset": 44399,
            "endOffset": 44852,
            "count": 162
          },
          {
            "startOffset": 44436,
            "endOffset": 44454,
            "count": 144
          },
          {
            "startOffset": 44454,
            "endOffset": 44469,
            "count": 18
          },
          {
            "startOffset": 44469,
            "endOffset": 44548,
            "count": 9
          },
          {
            "startOffset": 44548,
            "endOffset": 44851,
            "count": 0
          }
        ],
        "isBlockCoverage": true
      },
      {
        "functionName": "et",
        "ranges": [
          {
            "startOffset": 44852,
            "endOffset": 45115,
            "count": 27
          },
          {
            "startOffset": 44902,
            "endOffset": 45055,
            "count": 81
          },
          {
            "startOffset": 44936,
            "endOffset": 44990,
            "count": 0
          },
          {
            "startOffset": 45042,
            "endOffset": 45051,
            "count": 27
          },
          {
            "startOffset": 45051,
            "endOffset": 45055,
            "count": 54
          },
          {
            "startOffset": 45055,
            "endOffset": 45114,
            "count": 0
          }
        ],
        "isBlockCoverage": true
      },
      {
        "functionName": "tt",
        "ranges": [
          {
            "startOffset": 45128,
            "endOffset": 45224,
            "count": 27
          }
        ],
        "isBlockCoverage": true
      },
      {
        "functionName": "Position",
        "ranges": [
          {
            "startOffset": 45224,
            "endOffset": 45407,
            "count": 81
          }
        ],
        "isBlockCoverage": true
      },
      {
        "functionName": "nt",
        "ranges": [
          {
            "startOffset": 45409,
            "endOffset": 45725,
            "count": 27
          },
          {
            "startOffset": 45455,
            "endOffset": 45641,
            "count": 0
          },
          {
            "startOffset": 45665,
            "endOffset": 45672,
            "count": 0
          }
        ],
        "isBlockCoverage": true
      },
      {
        "functionName": "",
        "ranges": [
          {
            "startOffset": 45705,
            "endOffset": 45721,
            "count": 81
          }
        ],
        "isBlockCoverage": true
      },
      {
        "functionName": "rt",
        "ranges": [
          {
            "startOffset": 45725,
            "endOffset": 45878,
            "count": 27
          },
          {
            "startOffset": 45771,
            "endOffset": 45830,
            "count": 0
          }
        ],
        "isBlockCoverage": true
      },
      {
        "functionName": "it",
        "ranges": [
          {
            "startOffset": 45878,
            "endOffset": 45947,
            "count": 0
          }
        ],
        "isBlockCoverage": false
      },
      {
        "functionName": "at",
        "ranges": [
          {
            "startOffset": 45947,
            "endOffset": 46560,
            "count": 0
          }
        ],
        "isBlockCoverage": false
      },
      {
        "functionName": "",
        "ranges": [
          {
            "startOffset": 46568,
            "endOffset": 46640,
            "count": 1
          }
        ],
        "isBlockCoverage": true
      },
      {
        "functionName": "st",
        "ranges": [
          {
            "startOffset": 46651,
            "endOffset": 47338,
            "count": 60
          }
        ],
        "isBlockCoverage": true
      },
      {
        "functionName": "ct",
        "ranges": [
          {
            "startOffset": 47338,
            "endOffset": 47470,
            "count": 0
          }
        ],
        "isBlockCoverage": false
      },
      {
        "functionName": "lt",
        "ranges": [
          {
            "startOffset": 47470,
            "endOffset": 47649,
            "count": 30
          }
        ],
        "isBlockCoverage": true
      },
      {
        "functionName": "ut",
        "ranges": [
          {
            "startOffset": 47649,
            "endOffset": 47716,
            "count": 30
          }
        ],
        "isBlockCoverage": true
      },
      {
        "functionName": "dt",
        "ranges": [
          {
            "startOffset": 47716,
            "endOffset": 47765,
            "count": 30
          }
        ],
        "isBlockCoverage": true
      },
      {
        "functionName": "ft",
        "ranges": [
          {
            "startOffset": 47765,
            "endOffset": 47873,
            "count": 30
          }
        ],
        "isBlockCoverage": true
      },
      {
        "functionName": "",
        "ranges": [
          {
            "startOffset": 47881,
            "endOffset": 47973,
            "count": 1
          }
        ],
        "isBlockCoverage": true
      },
      {
        "functionName": "",
        "ranges": [
          {
            "startOffset": 47992,
            "endOffset": 48090,
            "count": 1
          }
        ],
        "isBlockCoverage": true
      },
      {
        "functionName": "_t",
        "ranges": [
          {
            "startOffset": 48387,
            "endOffset": 48526,
            "count": 27
          }
        ],
        "isBlockCoverage": true
      },
      {
        "functionName": "vt",
        "ranges": [
          {
            "startOffset": 48526,
            "endOffset": 48587,
            "count": 3
          }
        ],
        "isBlockCoverage": true
      },
      {
        "functionName": "yt",
        "ranges": [
          {
            "startOffset": 48587,
            "endOffset": 48752,
            "count": 3
          }
        ],
        "isBlockCoverage": true
      },
      {
        "functionName": "bt",
        "ranges": [
          {
            "startOffset": 48752,
            "endOffset": 48971,
            "count": 22
          },
          {
            "startOffset": 48783,
            "endOffset": 48800,
            "count": 2
          },
          {
            "startOffset": 48800,
            "endOffset": 48820,
            "count": 20
          },
          {
            "startOffset": 48820,
            "endOffset": 48833,
            "count": 2
          },
          {
            "startOffset": 48833,
            "endOffset": 48853,
            "count": 18
          },
          {
            "startOffset": 48853,
            "endOffset": 48873,
            "count": 0
          },
          {
            "startOffset": 48873,
            "endOffset": 48908,
            "count": 18
          },
          {
            "startOffset": 48908,
            "endOffset": 48947,
            "count": 0
          },
          {
            "startOffset": 48947,
            "endOffset": 48970,
            "count": 18
          }
        ],
        "isBlockCoverage": true
      },
      {
        "functionName": "",
        "ranges": [
          {
            "startOffset": 48887,
            "endOffset": 48900,
            "count": 90
          }
        ],
        "isBlockCoverage": true
      },
      {
        "functionName": "xt",
        "ranges": [
          {
            "startOffset": 48971,
            "endOffset": 49003,
            "count": 0
          }
        ],
        "isBlockCoverage": false
      },
      {
        "functionName": "St",
        "ranges": [
          {
            "startOffset": 49003,
            "endOffset": 49156,
            "count": 11
          },
          {
            "startOffset": 49120,
            "endOffset": 49130,
            "count": 0
          },
          {
            "startOffset": 49137,
            "endOffset": 49147,
            "count": 0
          }
        ],
        "isBlockCoverage": true
      },
      {
        "functionName": "Ct",
        "ranges": [
          {
            "startOffset": 49156,
            "endOffset": 49254,
            "count": 12
          }
        ],
        "isBlockCoverage": true
      },
      {
        "functionName": "wt",
        "ranges": [
          {
            "startOffset": 49254,
            "endOffset": 49523,
            "count": 1
          },
          {
            "startOffset": 49294,
            "endOffset": 49358,
            "count": 9
          }
        ],
        "isBlockCoverage": true
      },
      {
        "functionName": "Tt",
        "ranges": [
          {
            "startOffset": 49523,
            "endOffset": 49593,
            "count": 1
          }
        ],
        "isBlockCoverage": true
      },
      {
        "functionName": "Et",
        "ranges": [
          {
            "startOffset": 49593,
            "endOffset": 50010,
            "count": 1
          },
          {
            "startOffset": 49625,
            "endOffset": 49629,
            "count": 0
          },
          {
            "startOffset": 49867,
            "endOffset": 49893,
            "count": 0
          },
          {
            "startOffset": 49894,
            "endOffset": 49930,
            "count": 0
          }
        ],
        "isBlockCoverage": true
      },
      {
        "functionName": "Dt",
        "ranges": [
          {
            "startOffset": 50017,
            "endOffset": 50093,
            "count": 12
          }
        ],
        "isBlockCoverage": true
      },
      {
        "functionName": "Ot",
        "ranges": [
          {
            "startOffset": 50094,
            "endOffset": 50250,
            "count": 1
          }
        ],
        "isBlockCoverage": true
      }
    ]
  },
  {
    "scriptId": "79",
    "url": "http://127.0.0.1:65487/_astro/calculator-receipt.DqIFvBmX.js",
    "functions": [
      {
        "functionName": "",
        "ranges": [
          {
            "startOffset": 0,
            "endOffset": 16370,
            "count": 1
          }
        ],
        "isBlockCoverage": true
      },
      {
        "functionName": "l",
        "ranges": [
          {
            "startOffset": 294,
            "endOffset": 643,
            "count": 6
          },
          {
            "startOffset": 358,
            "endOffset": 367,
            "count": 0
          },
          {
            "startOffset": 429,
            "endOffset": 438,
            "count": 0
          },
          {
            "startOffset": 454,
            "endOffset": 479,
            "count": 0
          },
          {
            "startOffset": 534,
            "endOffset": 537,
            "count": 0
          },
          {
            "startOffset": 549,
            "endOffset": 552,
            "count": 0
          },
          {
            "startOffset": 570,
            "endOffset": 573,
            "count": 0
          },
          {
            "startOffset": 591,
            "endOffset": 594,
            "count": 0
          }
        ],
        "isBlockCoverage": true
      },
      {
        "functionName": "u",
        "ranges": [
          {
            "startOffset": 643,
            "endOffset": 1047,
            "count": 7
          },
          {
            "startOffset": 829,
            "endOffset": 872,
            "count": 1
          },
          {
            "startOffset": 872,
            "endOffset": 995,
            "count": 6
          },
          {
            "startOffset": 898,
            "endOffset": 918,
            "count": 0
          },
          {
            "startOffset": 919,
            "endOffset": 933,
            "count": 0
          },
          {
            "startOffset": 980,
            "endOffset": 995,
            "count": 0
          },
          {
            "startOffset": 1028,
            "endOffset": 1038,
            "count": 0
          }
        ],
        "isBlockCoverage": true
      },
      {
        "functionName": "n",
        "ranges": [
          {
            "startOffset": 665,
            "endOffset": 805,
            "count": 0
          }
        ],
        "isBlockCoverage": false
      },
      {
        "functionName": "<instance_members_initializer>",
        "ranges": [
          {
            "startOffset": 1391,
            "endOffset": 1395,
            "count": 0
          }
        ],
        "isBlockCoverage": true
      },
      {
        "functionName": "g",
        "ranges": [
          {
            "startOffset": 1396,
            "endOffset": 1541,
            "count": 0
          }
        ],
        "isBlockCoverage": false
      },
      {
        "functionName": "C",
        "ranges": [
          {
            "startOffset": 2450,
            "endOffset": 2479,
            "count": 0
          }
        ],
        "isBlockCoverage": false
      },
      {
        "functionName": "w",
        "ranges": [
          {
            "startOffset": 2479,
            "endOffset": 2534,
            "count": 2
          },
          {
            "startOffset": 2508,
            "endOffset": 2533,
            "count": 0
          }
        ],
        "isBlockCoverage": true
      },
      {
        "functionName": "te",
        "ranges": [
          {
            "startOffset": 2534,
            "endOffset": 2612,
            "count": 0
          }
        ],
        "isBlockCoverage": false
      },
      {
        "functionName": "T",
        "ranges": [
          {
            "startOffset": 2612,
            "endOffset": 3938,
            "count": 4
          }
        ],
        "isBlockCoverage": true
      },
      {
        "functionName": "a",
        "ranges": [
          {
            "startOffset": 2655,
            "endOffset": 2758,
            "count": 1032
          },
          {
            "startOffset": 2675,
            "endOffset": 2692,
            "count": 0
          },
          {
            "startOffset": 2740,
            "endOffset": 2757,
            "count": 0
          }
        ],
        "isBlockCoverage": true
      },
      {
        "functionName": "o",
        "ranges": [
          {
            "startOffset": 2761,
            "endOffset": 3923,
            "count": 757
          },
          {
            "startOffset": 2796,
            "endOffset": 2819,
            "count": 0
          },
          {
            "startOffset": 2828,
            "endOffset": 2849,
            "count": 751
          },
          {
            "startOffset": 2850,
            "endOffset": 2859,
            "count": 93
          },
          {
            "startOffset": 2859,
            "endOffset": 2881,
            "count": 664
          },
          {
            "startOffset": 2881,
            "endOffset": 2895,
            "count": 279
          },
          {
            "startOffset": 2895,
            "endOffset": 2917,
            "count": 385
          },
          {
            "startOffset": 2917,
            "endOffset": 2983,
            "count": 252
          },
          {
            "startOffset": 2942,
            "endOffset": 2962,
            "count": 0
          },
          {
            "startOffset": 2978,
            "endOffset": 2980,
            "count": 0
          },
          {
            "startOffset": 2983,
            "endOffset": 3001,
            "count": 133
          },
          {
            "startOffset": 3001,
            "endOffset": 3021,
            "count": 0
          },
          {
            "startOffset": 3030,
            "endOffset": 3050,
            "count": 0
          },
          {
            "startOffset": 3122,
            "endOffset": 3145,
            "count": 0
          },
          {
            "startOffset": 3147,
            "endOffset": 3167,
            "count": 38
          },
          {
            "startOffset": 3168,
            "endOffset": 3297,
            "count": 1
          },
          {
            "startOffset": 3181,
            "endOffset": 3201,
            "count": 0
          },
          {
            "startOffset": 3264,
            "endOffset": 3284,
            "count": 0
          },
          {
            "startOffset": 3297,
            "endOffset": 3326,
            "count": 132
          },
          {
            "startOffset": 3326,
            "endOffset": 3342,
            "count": 17
          },
          {
            "startOffset": 3342,
            "endOffset": 3359,
            "count": 115
          },
          {
            "startOffset": 3360,
            "endOffset": 3397,
            "count": 0
          },
          {
            "startOffset": 3414,
            "endOffset": 3417,
            "count": 17
          },
          {
            "startOffset": 3417,
            "endOffset": 3420,
            "count": 115
          },
          {
            "startOffset": 3424,
            "endOffset": 3475,
            "count": 17
          },
          {
            "startOffset": 3475,
            "endOffset": 3477,
            "count": 115
          },
          {
            "startOffset": 3479,
            "endOffset": 3508,
            "count": 17
          },
          {
            "startOffset": 3508,
            "endOffset": 3528,
            "count": 0
          },
          {
            "startOffset": 3569,
            "endOffset": 3589,
            "count": 0
          },
          {
            "startOffset": 3612,
            "endOffset": 3902,
            "count": 770
          },
          {
            "startOffset": 3617,
            "endOffset": 3631,
            "count": 137
          },
          {
            "startOffset": 3632,
            "endOffset": 3641,
            "count": 17
          },
          {
            "startOffset": 3641,
            "endOffset": 3642,
            "count": 753
          },
          {
            "startOffset": 3642,
            "endOffset": 3685,
            "count": 120
          },
          {
            "startOffset": 3685,
            "endOffset": 3705,
            "count": 0
          },
          {
            "startOffset": 3752,
            "endOffset": 3783,
            "count": 753
          },
          {
            "startOffset": 3784,
            "endOffset": 3804,
            "count": 0
          },
          {
            "startOffset": 3902,
            "endOffset": 3922,
            "count": 132
          }
        ],
        "isBlockCoverage": true
      },
      {
        "functionName": "",
        "ranges": [
          {
            "startOffset": 3536,
            "endOffset": 3568,
            "count": 770
          }
        ],
        "isBlockCoverage": true
      },
      {
        "functionName": "E",
        "ranges": [
          {
            "startOffset": 3938,
            "endOffset": 4042,
            "count": 84
          },
          {
            "startOffset": 4019,
            "endOffset": 4039,
            "count": 0
          }
        ],
        "isBlockCoverage": true
      },
      {
        "functionName": "D",
        "ranges": [
          {
            "startOffset": 4042,
            "endOffset": 4172,
            "count": 83
          },
          {
            "startOffset": 4151,
            "endOffset": 4171,
            "count": 0
          }
        ],
        "isBlockCoverage": true
      },
      {
        "functionName": "",
        "ranges": [
          {
            "startOffset": 4071,
            "endOffset": 4093,
            "count": 450
          }
        ],
        "isBlockCoverage": true
      },
      {
        "functionName": "",
        "ranges": [
          {
            "startOffset": 4116,
            "endOffset": 4149,
            "count": 455
          },
          {
            "startOffset": 4133,
            "endOffset": 4149,
            "count": 5
          }
        ],
        "isBlockCoverage": true
      },
      {
        "functionName": "O",
        "ranges": [
          {
            "startOffset": 4172,
            "endOffset": 4253,
            "count": 126
          },
          {
            "startOffset": 4230,
            "endOffset": 4250,
            "count": 0
          }
        ],
        "isBlockCoverage": true
      },
      {
        "functionName": "k",
        "ranges": [
          {
            "startOffset": 4253,
            "endOffset": 4365,
            "count": 168
          },
          {
            "startOffset": 4331,
            "endOffset": 4336,
            "count": 80
          },
          {
            "startOffset": 4336,
            "endOffset": 4340,
            "count": 88
          },
          {
            "startOffset": 4342,
            "endOffset": 4362,
            "count": 0
          }
        ],
        "isBlockCoverage": true
      },
      {
        "functionName": "A",
        "ranges": [
          {
            "startOffset": 4365,
            "endOffset": 4428,
            "count": 58
          },
          {
            "startOffset": 4405,
            "endOffset": 4425,
            "count": 0
          }
        ],
        "isBlockCoverage": true
      },
      {
        "functionName": "j",
        "ranges": [
          {
            "startOffset": 4428,
            "endOffset": 4564,
            "count": 8
          },
          {
            "startOffset": 4541,
            "endOffset": 4561,
            "count": 0
          }
        ],
        "isBlockCoverage": true
      },
      {
        "functionName": "M",
        "ranges": [
          {
            "startOffset": 4564,
            "endOffset": 4687,
            "count": 2
          },
          {
            "startOffset": 4664,
            "endOffset": 4684,
            "count": 0
          }
        ],
        "isBlockCoverage": true
      },
      {
        "functionName": "ne",
        "ranges": [
          {
            "startOffset": 4687,
            "endOffset": 4847,
            "count": 2
          },
          {
            "startOffset": 4735,
            "endOffset": 4755,
            "count": 0
          },
          {
            "startOffset": 4792,
            "endOffset": 4812,
            "count": 0
          },
          {
            "startOffset": 4813,
            "endOffset": 4838,
            "count": 0
          }
        ],
        "isBlockCoverage": true
      },
      {
        "functionName": "N",
        "ranges": [
          {
            "startOffset": 4847,
            "endOffset": 5055,
            "count": 4
          },
          {
            "startOffset": 4901,
            "endOffset": 4921,
            "count": 0
          },
          {
            "startOffset": 5001,
            "endOffset": 5025,
            "count": 0
          },
          {
            "startOffset": 5026,
            "endOffset": 5052,
            "count": 0
          }
        ],
        "isBlockCoverage": true
      },
      {
        "functionName": "",
        "ranges": [
          {
            "startOffset": 4934,
            "endOffset": 4943,
            "count": 0
          }
        ],
        "isBlockCoverage": false
      },
      {
        "functionName": "P",
        "ranges": [
          {
            "startOffset": 5055,
            "endOffset": 5125,
            "count": 2
          }
        ],
        "isBlockCoverage": true
      },
      {
        "functionName": "",
        "ranges": [
          {
            "startOffset": 5107,
            "endOffset": 5123,
            "count": 0
          }
        ],
        "isBlockCoverage": false
      },
      {
        "functionName": "F",
        "ranges": [
          {
            "startOffset": 5125,
            "endOffset": 5234,
            "count": 6
          },
          {
            "startOffset": 5207,
            "endOffset": 5233,
            "count": 0
          }
        ],
        "isBlockCoverage": true
      },
      {
        "functionName": "",
        "ranges": [
          {
            "startOffset": 5192,
            "endOffset": 5206,
            "count": 30
          }
        ],
        "isBlockCoverage": true
      },
      {
        "functionName": "I",
        "ranges": [
          {
            "startOffset": 5234,
            "endOffset": 5269,
            "count": 56
          }
        ],
        "isBlockCoverage": true
      },
      {
        "functionName": "L",
        "ranges": [
          {
            "startOffset": 5269,
            "endOffset": 5312,
            "count": 56
          }
        ],
        "isBlockCoverage": true
      },
      {
        "functionName": "R",
        "ranges": [
          {
            "startOffset": 5312,
            "endOffset": 5348,
            "count": 56
          }
        ],
        "isBlockCoverage": true
      },
      {
        "functionName": "z",
        "ranges": [
          {
            "startOffset": 5348,
            "endOffset": 5401,
            "count": 28
          }
        ],
        "isBlockCoverage": true
      },
      {
        "functionName": "B",
        "ranges": [
          {
            "startOffset": 5401,
            "endOffset": 7109,
            "count": 2
          },
          {
            "startOffset": 5518,
            "endOffset": 5538,
            "count": 0
          },
          {
            "startOffset": 5585,
            "endOffset": 5930,
            "count": 24
          },
          {
            "startOffset": 5686,
            "endOffset": 5706,
            "count": 0
          },
          {
            "startOffset": 5903,
            "endOffset": 5929,
            "count": 0
          },
          {
            "startOffset": 5967,
            "endOffset": 5993,
            "count": 0
          },
          {
            "startOffset": 6088,
            "endOffset": 6093,
            "count": 8
          },
          {
            "startOffset": 6133,
            "endOffset": 6159,
            "count": 0
          },
          {
            "startOffset": 6262,
            "endOffset": 6282,
            "count": 0
          },
          {
            "startOffset": 6327,
            "endOffset": 6353,
            "count": 0
          },
          {
            "startOffset": 6431,
            "endOffset": 6457,
            "count": 0
          },
          {
            "startOffset": 6458,
            "endOffset": 6563,
            "count": 0
          },
          {
            "startOffset": 6612,
            "endOffset": 6632,
            "count": 0
          },
          {
            "startOffset": 6670,
            "endOffset": 7100,
            "count": 32
          },
          {
            "startOffset": 6829,
            "endOffset": 6855,
            "count": 0
          },
          {
            "startOffset": 6918,
            "endOffset": 6930,
            "count": 30
          },
          {
            "startOffset": 6930,
            "endOffset": 6953,
            "count": 24
          },
          {
            "startOffset": 6967,
            "endOffset": 6981,
            "count": 8
          },
          {
            "startOffset": 6981,
            "endOffset": 6987,
            "count": 24
          },
          {
            "startOffset": 7059,
            "endOffset": 7085,
            "count": 0
          }
        ],
        "isBlockCoverage": true
      },
      {
        "functionName": "",
        "ranges": [
          {
            "startOffset": 6411,
            "endOffset": 6430,
            "count": 24
          }
        ],
        "isBlockCoverage": true
      },
      {
        "functionName": "",
        "ranges": [
          {
            "startOffset": 6512,
            "endOffset": 6535,
            "count": 0
          }
        ],
        "isBlockCoverage": false
      },
      {
        "functionName": "",
        "ranges": [
          {
            "startOffset": 6742,
            "endOffset": 6753,
            "count": 384
          }
        ],
        "isBlockCoverage": true
      },
      {
        "functionName": "",
        "ranges": [
          {
            "startOffset": 6773,
            "endOffset": 6784,
            "count": 384
          }
        ],
        "isBlockCoverage": true
      },
      {
        "functionName": "",
        "ranges": [
          {
            "startOffset": 6892,
            "endOffset": 6905,
            "count": 108
          }
        ],
        "isBlockCoverage": true
      },
      {
        "functionName": "V",
        "ranges": [
          {
            "startOffset": 7109,
            "endOffset": 8074,
            "count": 2
          },
          {
            "startOffset": 7137,
            "endOffset": 7194,
            "count": 0
          },
          {
            "startOffset": 7385,
            "endOffset": 7407,
            "count": 0
          },
          {
            "startOffset": 7456,
            "endOffset": 7483,
            "count": 0
          },
          {
            "startOffset": 7570,
            "endOffset": 7592,
            "count": 0
          },
          {
            "startOffset": 7739,
            "endOffset": 7761,
            "count": 0
          },
          {
            "startOffset": 7826,
            "endOffset": 7848,
            "count": 0
          },
          {
            "startOffset": 7989,
            "endOffset": 8011,
            "count": 0
          },
          {
            "startOffset": 8038,
            "endOffset": 8073,
            "count": 0
          }
        ],
        "isBlockCoverage": true
      },
      {
        "functionName": "H",
        "ranges": [
          {
            "startOffset": 8074,
            "endOffset": 8253,
            "count": 0
          }
        ],
        "isBlockCoverage": false
      },
      {
        "functionName": "U",
        "ranges": [
          {
            "startOffset": 8253,
            "endOffset": 8352,
            "count": 0
          }
        ],
        "isBlockCoverage": false
      },
      {
        "functionName": "W",
        "ranges": [
          {
            "startOffset": 8352,
            "endOffset": 9327,
            "count": 2
          },
          {
            "startOffset": 8387,
            "endOffset": 8509,
            "count": 0
          },
          {
            "startOffset": 8510,
            "endOffset": 8530,
            "count": 0
          },
          {
            "startOffset": 8549,
            "endOffset": 9326,
            "count": 0
          }
        ],
        "isBlockCoverage": true
      },
      {
        "functionName": "G",
        "ranges": [
          {
            "startOffset": 9327,
            "endOffset": 11257,
            "count": 2
          },
          {
            "startOffset": 9396,
            "endOffset": 9422,
            "count": 0
          },
          {
            "startOffset": 9525,
            "endOffset": 9545,
            "count": 0
          },
          {
            "startOffset": 9575,
            "endOffset": 9601,
            "count": 0
          },
          {
            "startOffset": 9673,
            "endOffset": 9699,
            "count": 0
          },
          {
            "startOffset": 9918,
            "endOffset": 10111,
            "count": 0
          },
          {
            "startOffset": 10219,
            "endOffset": 10244,
            "count": 0
          },
          {
            "startOffset": 10259,
            "endOffset": 10320,
            "count": 0
          },
          {
            "startOffset": 10469,
            "endOffset": 10495,
            "count": 0
          },
          {
            "startOffset": 10619,
            "endOffset": 10638,
            "count": 0
          },
          {
            "startOffset": 10643,
            "endOffset": 10658,
            "count": 0
          },
          {
            "startOffset": 10738,
            "endOffset": 10744,
            "count": 0
          },
          {
            "startOffset": 10746,
            "endOffset": 10772,
            "count": 0
          },
          {
            "startOffset": 10815,
            "endOffset": 10841,
            "count": 0
          },
          {
            "startOffset": 10897,
            "endOffset": 10916,
            "count": 0
          },
          {
            "startOffset": 10931,
            "endOffset": 10985,
            "count": 0
          },
          {
            "startOffset": 10992,
            "endOffset": 11018,
            "count": 0
          },
          {
            "startOffset": 11087,
            "endOffset": 11113,
            "count": 0
          },
          {
            "startOffset": 11237,
            "endOffset": 11254,
            "count": 0
          }
        ],
        "isBlockCoverage": true
      },
      {
        "functionName": "K",
        "ranges": [
          {
            "startOffset": 11257,
            "endOffset": 11364,
            "count": 3
          },
          {
            "startOffset": 11344,
            "endOffset": 11361,
            "count": 0
          }
        ],
        "isBlockCoverage": true
      },
      {
        "functionName": "q",
        "ranges": [
          {
            "startOffset": 11364,
            "endOffset": 11406,
            "count": 2
          }
        ],
        "isBlockCoverage": true
      },
      {
        "functionName": "J",
        "ranges": [
          {
            "startOffset": 11406,
            "endOffset": 12805,
            "count": 1
          }
        ],
        "isBlockCoverage": true
      },
      {
        "functionName": "",
        "ranges": [
          {
            "startOffset": 11434,
            "endOffset": 12803,
            "count": 1
          },
          {
            "startOffset": 11642,
            "endOffset": 11662,
            "count": 0
          },
          {
            "startOffset": 11780,
            "endOffset": 11847,
            "count": 0
          },
          {
            "startOffset": 11891,
            "endOffset": 11911,
            "count": 0
          },
          {
            "startOffset": 11933,
            "endOffset": 11938,
            "count": 0
          },
          {
            "startOffset": 12098,
            "endOffset": 12114,
            "count": 0
          },
          {
            "startOffset": 12167,
            "endOffset": 12186,
            "count": 0
          },
          {
            "startOffset": 12232,
            "endOffset": 12238,
            "count": 0
          },
          {
            "startOffset": 12270,
            "endOffset": 12275,
            "count": 0
          },
          {
            "startOffset": 12368,
            "endOffset": 12374,
            "count": 0
          },
          {
            "startOffset": 12420,
            "endOffset": 12439,
            "count": 0
          },
          {
            "startOffset": 12444,
            "endOffset": 12459,
            "count": 0
          },
          {
            "startOffset": 12479,
            "endOffset": 12483,
            "count": 0
          },
          {
            "startOffset": 12597,
            "endOffset": 12635,
            "count": 0
          },
          {
            "startOffset": 12774,
            "endOffset": 12800,
            "count": 0
          }
        ],
        "isBlockCoverage": true
      },
      {
        "functionName": "Y",
        "ranges": [
          {
            "startOffset": 12805,
            "endOffset": 12841,
            "count": 1
          }
        ],
        "isBlockCoverage": true
      },
      {
        "functionName": "",
        "ranges": [
          {
            "startOffset": 12828,
            "endOffset": 12839,
            "count": 1
          }
        ],
        "isBlockCoverage": true
      },
      {
        "functionName": "X",
        "ranges": [
          {
            "startOffset": 12841,
            "endOffset": 13548,
            "count": 1
          },
          {
            "startOffset": 12937,
            "endOffset": 12953,
            "count": 0
          },
          {
            "startOffset": 12954,
            "endOffset": 13017,
            "count": 0
          },
          {
            "startOffset": 13052,
            "endOffset": 13101,
            "count": 0
          },
          {
            "startOffset": 13129,
            "endOffset": 13199,
            "count": 0
          },
          {
            "startOffset": 13249,
            "endOffset": 13314,
            "count": 0
          },
          {
            "startOffset": 13366,
            "endOffset": 13434,
            "count": 0
          },
          {
            "startOffset": 13454,
            "endOffset": 13457,
            "count": 0
          },
          {
            "startOffset": 13487,
            "endOffset": 13490,
            "count": 0
          },
          {
            "startOffset": 13518,
            "endOffset": 13521,
            "count": 0
          }
        ],
        "isBlockCoverage": true
      },
      {
        "functionName": "ie",
        "ranges": [
          {
            "startOffset": 13611,
            "endOffset": 14234,
            "count": 1
          },
          {
            "startOffset": 13699,
            "endOffset": 13706,
            "count": 0
          },
          {
            "startOffset": 13762,
            "endOffset": 13842,
            "count": 0
          },
          {
            "startOffset": 13872,
            "endOffset": 14069,
            "count": 0
          },
          {
            "startOffset": 14093,
            "endOffset": 14117,
            "count": 0
          },
          {
            "startOffset": 14118,
            "endOffset": 14190,
            "count": 0
          }
        ],
        "isBlockCoverage": true
      },
      {
        "functionName": "ae",
        "ranges": [
          {
            "startOffset": 14234,
            "endOffset": 14305,
            "count": 1
          }
        ],
        "isBlockCoverage": true
      },
      {
        "functionName": "",
        "ranges": [
          {
            "startOffset": 14265,
            "endOffset": 14303,
            "count": 0
          }
        ],
        "isBlockCoverage": false
      },
      {
        "functionName": "Z",
        "ranges": [
          {
            "startOffset": 14305,
            "endOffset": 14464,
            "count": 2
          },
          {
            "startOffset": 14362,
            "endOffset": 14463,
            "count": 4
          },
          {
            "startOffset": 14378,
            "endOffset": 14394,
            "count": 0
          },
          {
            "startOffset": 14395,
            "endOffset": 14463,
            "count": 0
          }
        ],
        "isBlockCoverage": true
      },
      {
        "functionName": "oe",
        "ranges": [
          {
            "startOffset": 14464,
            "endOffset": 15001,
            "count": 1
          },
          {
            "startOffset": 14523,
            "endOffset": 14602,
            "count": 0
          },
          {
            "startOffset": 14635,
            "endOffset": 14642,
            "count": 0
          },
          {
            "startOffset": 14677,
            "endOffset": 14695,
            "count": 0
          },
          {
            "startOffset": 14722,
            "endOffset": 14769,
            "count": 0
          },
          {
            "startOffset": 14781,
            "endOffset": 14785,
            "count": 0
          },
          {
            "startOffset": 14847,
            "endOffset": 14856,
            "count": 0
          },
          {
            "startOffset": 14878,
            "endOffset": 14882,
            "count": 0
          },
          {
            "startOffset": 14905,
            "endOffset": 14908,
            "count": 0
          },
          {
            "startOffset": 14966,
            "endOffset": 14969,
            "count": 0
          }
        ],
        "isBlockCoverage": true
      },
      {
        "functionName": "se",
        "ranges": [
          {
            "startOffset": 15001,
            "endOffset": 15077,
            "count": 1
          },
          {
            "startOffset": 15061,
            "endOffset": 15065,
            "count": 0
          }
        ],
        "isBlockCoverage": true
      },
      {
        "functionName": "ce",
        "ranges": [
          {
            "startOffset": 15077,
            "endOffset": 15109,
            "count": 1
          }
        ],
        "isBlockCoverage": true
      },
      {
        "functionName": "<instance_members_initializer>",
        "ranges": [
          {
            "startOffset": 15135,
            "endOffset": 15160,
            "count": 0
          }
        ],
        "isBlockCoverage": true
      },
      {
        "functionName": "Q",
        "ranges": [
          {
            "startOffset": 15161,
            "endOffset": 15251,
            "count": 0
          }
        ],
        "isBlockCoverage": false
      },
      {
        "functionName": "$",
        "ranges": [
          {
            "startOffset": 15253,
            "endOffset": 15354,
            "count": 268
          },
          {
            "startOffset": 15288,
            "endOffset": 15291,
            "count": 51
          },
          {
            "startOffset": 15292,
            "endOffset": 15345,
            "count": 48
          },
          {
            "startOffset": 15323,
            "endOffset": 15328,
            "count": 266
          }
        ],
        "isBlockCoverage": true
      },
      {
        "functionName": "le",
        "ranges": [
          {
            "startOffset": 15354,
            "endOffset": 15668,
            "count": 1
          },
          {
            "startOffset": 15529,
            "endOffset": 15532,
            "count": 0
          },
          {
            "startOffset": 15649,
            "endOffset": 15667,
            "count": 0
          }
        ],
        "isBlockCoverage": true
      },
      {
        "functionName": "ue",
        "ranges": [
          {
            "startOffset": 15668,
            "endOffset": 16331,
            "count": 1
          },
          {
            "startOffset": 15783,
            "endOffset": 15795,
            "count": 0
          },
          {
            "startOffset": 15833,
            "endOffset": 15845,
            "count": 0
          },
          {
            "startOffset": 16046,
            "endOffset": 16050,
            "count": 0
          },
          {
            "startOffset": 16058,
            "endOffset": 16070,
            "count": 0
          },
          {
            "startOffset": 16312,
            "endOffset": 16330,
            "count": 0
          }
        ],
        "isBlockCoverage": true
      }
    ]
  }
]
