{
  "at": "2026-09-08T07:15:42.820Z",
  "node": "v22.23.2",
  "sources": [
    {
      "path": "src/lib/time/civil-date.ts",
      "sha256": "d6901209c3d726c1b83a93c64fcaf4879add5e988cc591e2523fb45421092671"
    },
    {
      "path": "src/lib/time/technical-locales.ts",
      "sha256": "cf501f8d79078e0464c6808a0eff968a2b2b2026b13bb6131aaa45d08da73397"
    },
    {
      "path": "src/lib/time/localToUtc.ts",
      "sha256": "bd7a3b494c9884928b8710940372a6bc4c44c2ed3adac4a8b531f41f901ecb64"
    },
    {
      "path": "src/lib/time/local-date-intervals.ts",
      "sha256": "d3479d72e69966cbe491f29bb132c254a7c0e3adddf0a6f9a74df8691fe61313"
    }
  ],
  "bundleSha256": "ea3c7f92e929dd144cb21348993c1a8817d006eab0d39e403dad0bd57488dcf2",
  "requests": [
    "http://127.0.0.1:54960/",
    "http://127.0.0.1:54960/subject.js"
  ],
  "pageErrors": [],
  "outcome": "passed",
  "browser": {
    "version": "152.0.7977.83",
    "executablePath": "/Applications/Google Chrome.app/Contents/MacOS/Google Chrome"
  },
  "importEffects": {
    "temporalReads": 0,
    "intl": 0,
    "storage": 0,
    "idb": 0,
    "fetch": 0,
    "xhr": 0,
    "beacon": 0
  },
  "native": {
    "nativeAvailable": true,
    "rows": [
      {
        "date": "2000-01-01",
        "zone": "Asia/Tokyo",
        "expected": [
          [
            "1999-12-31T15:00:00.000Z",
            "2000-01-01T15:00:00.000Z"
          ]
        ],
        "result": {
          "status": "existing",
          "intervals": [
            {
              "start": 946652400000,
              "endExclusive": 946738800000
            }
          ]
        },
        "actual": [
          [
            "1999-12-31T15:00:00.000Z",
            "2000-01-01T15:00:00.000Z"
          ]
        ],
        "boundaries": [
          {
            "instant": "1999-12-31T14:59:59.999Z",
            "localDate": "1999-12-31",
            "expectedMember": false,
            "passed": true
          },
          {
            "instant": "1999-12-31T15:00:00.000Z",
            "localDate": "2000-01-01",
            "expectedMember": true,
            "passed": true
          },
          {
            "instant": "2000-01-01T14:59:59.999Z",
            "localDate": "2000-01-01",
            "expectedMember": true,
            "passed": true
          },
          {
            "instant": "2000-01-01T15:00:00.000Z",
            "localDate": "2000-01-02",
            "expectedMember": false,
            "passed": true
          }
        ],
        "passed": true
      },
      {
        "date": "2024-03-10",
        "zone": "America/New_York",
        "expected": [
          [
            "2024-03-10T05:00:00.000Z",
            "2024-03-11T04:00:00.000Z"
          ]
        ],
        "result": {
          "status": "existing",
          "intervals": [
            {
              "start": 1710046800000,
              "endExclusive": 1710129600000
            }
          ]
        },
        "actual": [
          [
            "2024-03-10T05:00:00.000Z",
            "2024-03-11T04:00:00.000Z"
          ]
        ],
        "boundaries": [
          {
            "instant": "2024-03-10T04:59:59.999Z",
            "localDate": "2024-03-09",
            "expectedMember": false,
            "passed": true
          },
          {
            "instant": "2024-03-10T05:00:00.000Z",
            "localDate": "2024-03-10",
            "expectedMember": true,
            "passed": true
          },
          {
            "instant": "2024-03-11T03:59:59.999Z",
            "localDate": "2024-03-10",
            "expectedMember": true,
            "passed": true
          },
          {
            "instant": "2024-03-11T04:00:00.000Z",
            "localDate": "2024-03-11",
            "expectedMember": false,
            "passed": true
          }
        ],
        "passed": true
      },
      {
        "date": "2024-11-03",
        "zone": "America/New_York",
        "expected": [
          [
            "2024-11-03T04:00:00.000Z",
            "2024-11-04T05:00:00.000Z"
          ]
        ],
        "result": {
          "status": "existing",
          "intervals": [
            {
              "start": 1730606400000,
              "endExclusive": 1730696400000
            }
          ]
        },
        "actual": [
          [
            "2024-11-03T04:00:00.000Z",
            "2024-11-04T05:00:00.000Z"
          ]
        ],
        "boundaries": [
          {
            "instant": "2024-11-03T03:59:59.999Z",
            "localDate": "2024-11-02",
            "expectedMember": false,
            "passed": true
          },
          {
            "instant": "2024-11-03T04:00:00.000Z",
            "localDate": "2024-11-03",
            "expectedMember": true,
            "passed": true
          },
          {
            "instant": "2024-11-04T04:59:59.999Z",
            "localDate": "2024-11-03",
            "expectedMember": true,
            "passed": true
          },
          {
            "instant": "2024-11-04T05:00:00.000Z",
            "localDate": "2024-11-04",
            "expectedMember": false,
            "passed": true
          }
        ],
        "passed": true
      },
      {
        "date": "1919-03-30",
        "zone": "America/Toronto",
        "expected": [
          [
            "1919-03-30T05:00:00.000Z",
            "1919-03-31T04:30:00.000Z"
          ]
        ],
        "result": {
          "status": "existing",
          "intervals": [
            {
              "start": -1601838000000,
              "endExclusive": -1601753400000
            }
          ]
        },
        "actual": [
          [
            "1919-03-30T05:00:00.000Z",
            "1919-03-31T04:30:00.000Z"
          ]
        ],
        "boundaries": [
          {
            "instant": "1919-03-30T04:59:59.999Z",
            "localDate": "1919-03-29",
            "expectedMember": false,
            "passed": true
          },
          {
            "instant": "1919-03-30T05:00:00.000Z",
            "localDate": "1919-03-30",
            "expectedMember": true,
            "passed": true
          },
          {
            "instant": "1919-03-31T04:29:59.999Z",
            "localDate": "1919-03-30",
            "expectedMember": true,
            "passed": true
          },
          {
            "instant": "1919-03-31T04:30:00.000Z",
            "localDate": "1919-03-31",
            "expectedMember": false,
            "passed": true
          }
        ],
        "passed": true
      },
      {
        "date": "1919-03-31",
        "zone": "America/Toronto",
        "expected": [
          [
            "1919-03-31T04:30:00.000Z",
            "1919-04-01T04:00:00.000Z"
          ]
        ],
        "result": {
          "status": "existing",
          "intervals": [
            {
              "start": -1601753400000,
              "endExclusive": -1601668800000
            }
          ]
        },
        "actual": [
          [
            "1919-03-31T04:30:00.000Z",
            "1919-04-01T04:00:00.000Z"
          ]
        ],
        "boundaries": [
          {
            "instant": "1919-03-31T04:29:59.999Z",
            "localDate": "1919-03-30",
            "expectedMember": false,
            "passed": true
          },
          {
            "instant": "1919-03-31T04:30:00.000Z",
            "localDate": "1919-03-31",
            "expectedMember": true,
            "passed": true
          },
          {
            "instant": "1919-04-01T03:59:59.999Z",
            "localDate": "1919-03-31",
            "expectedMember": true,
            "passed": true
          },
          {
            "instant": "1919-04-01T04:00:00.000Z",
            "localDate": "1919-04-01",
            "expectedMember": false,
            "passed": true
          }
        ],
        "passed": true
      },
      {
        "date": "2011-12-29",
        "zone": "Pacific/Apia",
        "expected": [
          [
            "2011-12-29T10:00:00.000Z",
            "2011-12-30T10:00:00.000Z"
          ]
        ],
        "result": {
          "status": "existing",
          "intervals": [
            {
              "start": 1325152800000,
              "endExclusive": 1325239200000
            }
          ]
        },
        "actual": [
          [
            "2011-12-29T10:00:00.000Z",
            "2011-12-30T10:00:00.000Z"
          ]
        ],
        "boundaries": [
          {
            "instant": "2011-12-29T09:59:59.999Z",
            "localDate": "2011-12-28",
            "expectedMember": false,
            "passed": true
          },
          {
            "instant": "2011-12-29T10:00:00.000Z",
            "localDate": "2011-12-29",
            "expectedMember": true,
            "passed": true
          },
          {
            "instant": "2011-12-30T09:59:59.999Z",
            "localDate": "2011-12-29",
            "expectedMember": true,
            "passed": true
          },
          {
            "instant": "2011-12-30T10:00:00.000Z",
            "localDate": "2011-12-31",
            "expectedMember": false,
            "passed": true
          }
        ],
        "passed": true
      },
      {
        "date": "2011-12-30",
        "zone": "Pacific/Apia",
        "expected": [],
        "result": {
          "status": "empty",
          "intervals": []
        },
        "actual": [],
        "boundaries": [],
        "passed": true
      },
      {
        "date": "2011-12-31",
        "zone": "Pacific/Apia",
        "expected": [
          [
            "2011-12-30T10:00:00.000Z",
            "2011-12-31T10:00:00.000Z"
          ]
        ],
        "result": {
          "status": "existing",
          "intervals": [
            {
              "start": 1325239200000,
              "endExclusive": 1325325600000
            }
          ]
        },
        "actual": [
          [
            "2011-12-30T10:00:00.000Z",
            "2011-12-31T10:00:00.000Z"
          ]
        ],
        "boundaries": [
          {
            "instant": "2011-12-30T09:59:59.999Z",
            "localDate": "2011-12-29",
            "expectedMember": false,
            "passed": true
          },
          {
            "instant": "2011-12-30T10:00:00.000Z",
            "localDate": "2011-12-31",
            "expectedMember": true,
            "passed": true
          },
          {
            "instant": "2011-12-31T09:59:59.999Z",
            "localDate": "2011-12-31",
            "expectedMember": true,
            "passed": true
          },
          {
            "instant": "2011-12-31T10:00:00.000Z",
            "localDate": "2012-01-01",
            "expectedMember": false,
            "passed": true
          }
        ],
        "passed": true
      },
      {
        "date": "2009-10-31",
        "zone": "America/St_Johns",
        "expected": [
          [
            "2009-10-31T02:30:00.000Z",
            "2009-11-01T02:30:00.000Z"
          ],
          [
            "2009-11-01T02:31:00.000Z",
            "2009-11-01T03:30:00.000Z"
          ]
        ],
        "result": {
          "status": "existing",
          "intervals": [
            {
              "start": 1256956200000,
              "endExclusive": 1257042600000
            },
            {
              "start": 1257042660000,
              "endExclusive": 1257046200000
            }
          ]
        },
        "actual": [
          [
            "2009-10-31T02:30:00.000Z",
            "2009-11-01T02:30:00.000Z"
          ],
          [
            "2009-11-01T02:31:00.000Z",
            "2009-11-01T03:30:00.000Z"
          ]
        ],
        "boundaries": [
          {
            "instant": "2009-10-31T02:29:59.999Z",
            "localDate": "2009-10-30",
            "expectedMember": false,
            "passed": true
          },
          {
            "instant": "2009-10-31T02:30:00.000Z",
            "localDate": "2009-10-31",
            "expectedMember": true,
            "passed": true
          },
          {
            "instant": "2009-11-01T02:29:59.999Z",
            "localDate": "2009-10-31",
            "expectedMember": true,
            "passed": true
          },
          {
            "instant": "2009-11-01T02:30:00.000Z",
            "localDate": "2009-11-01",
            "expectedMember": false,
            "passed": true
          },
          {
            "instant": "2009-11-01T02:30:59.999Z",
            "localDate": "2009-11-01",
            "expectedMember": false,
            "passed": true
          },
          {
            "instant": "2009-11-01T02:31:00.000Z",
            "localDate": "2009-10-31",
            "expectedMember": true,
            "passed": true
          },
          {
            "instant": "2009-11-01T03:29:59.999Z",
            "localDate": "2009-10-31",
            "expectedMember": true,
            "passed": true
          },
          {
            "instant": "2009-11-01T03:30:00.000Z",
            "localDate": "2009-11-01",
            "expectedMember": false,
            "passed": true
          }
        ],
        "passed": true
      },
      {
        "date": "2009-11-01",
        "zone": "America/St_Johns",
        "expected": [
          [
            "2009-11-01T02:30:00.000Z",
            "2009-11-01T02:31:00.000Z"
          ],
          [
            "2009-11-01T03:30:00.000Z",
            "2009-11-02T03:30:00.000Z"
          ]
        ],
        "result": {
          "status": "existing",
          "intervals": [
            {
              "start": 1257042600000,
              "endExclusive": 1257042660000
            },
            {
              "start": 1257046200000,
              "endExclusive": 1257132600000
            }
          ]
        },
        "actual": [
          [
            "2009-11-01T02:30:00.000Z",
            "2009-11-01T02:31:00.000Z"
          ],
          [
            "2009-11-01T03:30:00.000Z",
            "2009-11-02T03:30:00.000Z"
          ]
        ],
        "boundaries": [
          {
            "instant": "2009-11-01T02:29:59.999Z",
            "localDate": "2009-10-31",
            "expectedMember": false,
            "passed": true
          },
          {
            "instant": "2009-11-01T02:30:00.000Z",
            "localDate": "2009-11-01",
            "expectedMember": true,
            "passed": true
          },
          {
            "instant": "2009-11-01T02:30:59.999Z",
            "localDate": "2009-11-01",
            "expectedMember": true,
            "passed": true
          },
          {
            "instant": "2009-11-01T02:31:00.000Z",
            "localDate": "2009-10-31",
            "expectedMember": false,
            "passed": true
          },
          {
            "instant": "2009-11-01T03:29:59.999Z",
            "localDate": "2009-10-31",
            "expectedMember": false,
            "passed": true
          },
          {
            "instant": "2009-11-01T03:30:00.000Z",
            "localDate": "2009-11-01",
            "expectedMember": true,
            "passed": true
          },
          {
            "instant": "2009-11-02T03:29:59.999Z",
            "localDate": "2009-11-01",
            "expectedMember": true,
            "passed": true
          },
          {
            "instant": "2009-11-02T03:30:00.000Z",
            "localDate": "2009-11-02",
            "expectedMember": false,
            "passed": true
          }
        ],
        "passed": true
      },
      {
        "date": "1988-10-29",
        "zone": "America/Goose_Bay",
        "expected": [
          [
            "1988-10-29T02:00:00.000Z",
            "1988-10-30T02:00:00.000Z"
          ],
          [
            "1988-10-30T02:01:00.000Z",
            "1988-10-30T04:00:00.000Z"
          ]
        ],
        "result": {
          "status": "existing",
          "intervals": [
            {
              "start": 594093600000,
              "endExclusive": 594180000000
            },
            {
              "start": 594180060000,
              "endExclusive": 594187200000
            }
          ]
        },
        "actual": [
          [
            "1988-10-29T02:00:00.000Z",
            "1988-10-30T02:00:00.000Z"
          ],
          [
            "1988-10-30T02:01:00.000Z",
            "1988-10-30T04:00:00.000Z"
          ]
        ],
        "boundaries": [
          {
            "instant": "1988-10-29T01:59:59.999Z",
            "localDate": "1988-10-28",
            "expectedMember": false,
            "passed": true
          },
          {
            "instant": "1988-10-29T02:00:00.000Z",
            "localDate": "1988-10-29",
            "expectedMember": true,
            "passed": true
          },
          {
            "instant": "1988-10-30T01:59:59.999Z",
            "localDate": "1988-10-29",
            "expectedMember": true,
            "passed": true
          },
          {
            "instant": "1988-10-30T02:00:00.000Z",
            "localDate": "1988-10-30",
            "expectedMember": false,
            "passed": true
          },
          {
            "instant": "1988-10-30T02:00:59.999Z",
            "localDate": "1988-10-30",
            "expectedMember": false,
            "passed": true
          },
          {
            "instant": "1988-10-30T02:01:00.000Z",
            "localDate": "1988-10-29",
            "expectedMember": true,
            "passed": true
          },
          {
            "instant": "1988-10-30T03:59:59.999Z",
            "localDate": "1988-10-29",
            "expectedMember": true,
            "passed": true
          },
          {
            "instant": "1988-10-30T04:00:00.000Z",
            "localDate": "1988-10-30",
            "expectedMember": false,
            "passed": true
          }
        ],
        "passed": true
      },
      {
        "date": "1988-10-30",
        "zone": "America/Goose_Bay",
        "expected": [
          [
            "1988-10-30T02:00:00.000Z",
            "1988-10-30T02:01:00.000Z"
          ],
          [
            "1988-10-30T04:00:00.000Z",
            "1988-10-31T04:00:00.000Z"
          ]
        ],
        "result": {
          "status": "existing",
          "intervals": [
            {
              "start": 594180000000,
              "endExclusive": 594180060000
            },
            {
              "start": 594187200000,
              "endExclusive": 594273600000
            }
          ]
        },
        "actual": [
          [
            "1988-10-30T02:00:00.000Z",
            "1988-10-30T02:01:00.000Z"
          ],
          [
            "1988-10-30T04:00:00.000Z",
            "1988-10-31T04:00:00.000Z"
          ]
        ],
        "boundaries": [
          {
            "instant": "1988-10-30T01:59:59.999Z",
            "localDate": "1988-10-29",
            "expectedMember": false,
            "passed": true
          },
          {
            "instant": "1988-10-30T02:00:00.000Z",
            "localDate": "1988-10-30",
            "expectedMember": true,
            "passed": true
          },
          {
            "instant": "1988-10-30T02:00:59.999Z",
            "localDate": "1988-10-30",
            "expectedMember": true,
            "passed": true
          },
          {
            "instant": "1988-10-30T02:01:00.000Z",
            "localDate": "1988-10-29",
            "expectedMember": false,
            "passed": true
          },
          {
            "instant": "1988-10-30T03:59:59.999Z",
            "localDate": "1988-10-29",
            "expectedMember": false,
            "passed": true
          },
          {
            "instant": "1988-10-30T04:00:00.000Z",
            "localDate": "1988-10-30",
            "expectedMember": true,
            "passed": true
          },
          {
            "instant": "1988-10-31T03:59:59.999Z",
            "localDate": "1988-10-30",
            "expectedMember": true,
            "passed": true
          },
          {
            "instant": "1988-10-31T04:00:00.000Z",
            "localDate": "1988-10-31",
            "expectedMember": false,
            "passed": true
          }
        ],
        "passed": true
      },
      {
        "date": "1892-07-04",
        "zone": "Pacific/Apia",
        "expected": [
          [
            "1892-07-03T11:26:56.000Z",
            "1892-07-05T11:26:56.000Z"
          ]
        ],
        "result": {
          "status": "existing",
          "intervals": [
            {
              "start": -2445510784000,
              "endExclusive": -2445337984000
            }
          ]
        },
        "actual": [
          [
            "1892-07-03T11:26:56.000Z",
            "1892-07-05T11:26:56.000Z"
          ]
        ],
        "boundaries": [
          {
            "instant": "1892-07-03T11:26:55.999Z",
            "localDate": "1892-07-03",
            "expectedMember": false,
            "passed": true
          },
          {
            "instant": "1892-07-03T11:26:56.000Z",
            "localDate": "1892-07-04",
            "expectedMember": true,
            "passed": true
          },
          {
            "instant": "1892-07-05T11:26:55.999Z",
            "localDate": "1892-07-04",
            "expectedMember": true,
            "passed": true
          },
          {
            "instant": "1892-07-05T11:26:56.000Z",
            "localDate": "1892-07-05",
            "expectedMember": false,
            "passed": true
          }
        ],
        "passed": true
      },
      {
        "date": "0000-01-01",
        "zone": "UTC",
        "expected": [
          [
            "0000-01-01T00:00:00.000Z",
            "0000-01-02T00:00:00.000Z"
          ]
        ],
        "result": {
          "status": "existing",
          "intervals": [
            {
              "start": -62167219200000,
              "endExclusive": -62167132800000
            }
          ]
        },
        "actual": [
          [
            "0000-01-01T00:00:00.000Z",
            "0000-01-02T00:00:00.000Z"
          ]
        ],
        "boundaries": [
          {
            "instant": "-000001-12-31T23:59:59.999Z",
            "localDate": "00-1-12-31",
            "expectedMember": false,
            "passed": true
          },
          {
            "instant": "0000-01-01T00:00:00.000Z",
            "localDate": "0000-01-01",
            "expectedMember": true,
            "passed": true
          },
          {
            "instant": "0000-01-01T23:59:59.999Z",
            "localDate": "0000-01-01",
            "expectedMember": true,
            "passed": true
          },
          {
            "instant": "0000-01-02T00:00:00.000Z",
            "localDate": "0000-01-02",
            "expectedMember": false,
            "passed": true
          }
        ],
        "passed": true
      },
      {
        "date": "0000-02-29",
        "zone": "UTC",
        "expected": [
          [
            "0000-02-29T00:00:00.000Z",
            "0000-03-01T00:00:00.000Z"
          ]
        ],
        "result": {
          "status": "existing",
          "intervals": [
            {
              "start": -62162121600000,
              "endExclusive": -62162035200000
            }
          ]
        },
        "actual": [
          [
            "0000-02-29T00:00:00.000Z",
            "0000-03-01T00:00:00.000Z"
          ]
        ],
        "boundaries": [
          {
            "instant": "0000-02-28T23:59:59.999Z",
            "localDate": "0000-02-28",
            "expectedMember": false,
            "passed": true
          },
          {
            "instant": "0000-02-29T00:00:00.000Z",
            "localDate": "0000-02-29",
            "expectedMember": true,
            "passed": true
          },
          {
            "instant": "0000-02-29T23:59:59.999Z",
            "localDate": "0000-02-29",
            "expectedMember": true,
            "passed": true
          },
          {
            "instant": "0000-03-01T00:00:00.000Z",
            "localDate": "0000-03-01",
            "expectedMember": false,
            "passed": true
          }
        ],
        "passed": true
      },
      {
        "date": "0099-12-31",
        "zone": "UTC",
        "expected": [
          [
            "0099-12-31T00:00:00.000Z",
            "0100-01-01T00:00:00.000Z"
          ]
        ],
        "result": {
          "status": "existing",
          "intervals": [
            {
              "start": -59011545600000,
              "endExclusive": -59011459200000
            }
          ]
        },
        "actual": [
          [
            "0099-12-31T00:00:00.000Z",
            "0100-01-01T00:00:00.000Z"
          ]
        ],
        "boundaries": [
          {
            "instant": "0099-12-30T23:59:59.999Z",
            "localDate": "0099-12-30",
            "expectedMember": false,
            "passed": true
          },
          {
            "instant": "0099-12-31T00:00:00.000Z",
            "localDate": "0099-12-31",
            "expectedMember": true,
            "passed": true
          },
          {
            "instant": "0099-12-31T23:59:59.999Z",
            "localDate": "0099-12-31",
            "expectedMember": true,
            "passed": true
          },
          {
            "instant": "0100-01-01T00:00:00.000Z",
            "localDate": "0100-01-01",
            "expectedMember": false,
            "passed": true
          }
        ],
        "passed": true
      },
      {
        "date": "9999-12-31",
        "zone": "UTC",
        "expected": [
          [
            "9999-12-31T00:00:00.000Z",
            "+010000-01-01T00:00:00.000Z"
          ]
        ],
        "result": {
          "status": "existing",
          "intervals": [
            {
              "start": 253402214400000,
              "endExclusive": 253402300800000
            }
          ]
        },
        "actual": [
          [
            "9999-12-31T00:00:00.000Z",
            "+010000-01-01T00:00:00.000Z"
          ]
        ],
        "boundaries": [
          {
            "instant": "9999-12-30T23:59:59.999Z",
            "localDate": "9999-12-30",
            "expectedMember": false,
            "passed": true
          },
          {
            "instant": "9999-12-31T00:00:00.000Z",
            "localDate": "9999-12-31",
            "expectedMember": true,
            "passed": true
          },
          {
            "instant": "9999-12-31T23:59:59.999Z",
            "localDate": "9999-12-31",
            "expectedMember": true,
            "passed": true
          },
          {
            "instant": "+010000-01-01T00:00:00.000Z",
            "localDate": "10000-01-01",
            "expectedMember": false,
            "passed": true
          }
        ],
        "passed": true
      },
      {
        "date": "1914-01-01",
        "zone": "America/Manaus",
        "expected": [
          [
            "1914-01-01T04:00:04.000Z",
            "1914-01-02T04:00:00.000Z"
          ]
        ],
        "result": {
          "status": "existing",
          "intervals": [
            {
              "start": -1767211196000,
              "endExclusive": -1767124800000
            }
          ]
        },
        "actual": [
          [
            "1914-01-01T04:00:04.000Z",
            "1914-01-02T04:00:00.000Z"
          ]
        ],
        "boundaries": [
          {
            "instant": "1914-01-01T04:00:03.999Z",
            "localDate": "1913-12-31",
            "expectedMember": false,
            "passed": true
          },
          {
            "instant": "1914-01-01T04:00:04.000Z",
            "localDate": "1914-01-01",
            "expectedMember": true,
            "passed": true
          },
          {
            "instant": "1914-01-02T03:59:59.999Z",
            "localDate": "1914-01-01",
            "expectedMember": true,
            "passed": true
          },
          {
            "instant": "1914-01-02T04:00:00.000Z",
            "localDate": "1914-01-02",
            "expectedMember": false,
            "passed": true
          }
        ],
        "passed": true
      },
      {
        "date": "2024-04-07",
        "zone": "Australia/Lord_Howe",
        "expected": [
          [
            "2024-04-06T13:00:00.000Z",
            "2024-04-07T13:30:00.000Z"
          ]
        ],
        "result": {
          "status": "existing",
          "intervals": [
            {
              "start": 1712408400000,
              "endExclusive": 1712496600000
            }
          ]
        },
        "actual": [
          [
            "2024-04-06T13:00:00.000Z",
            "2024-04-07T13:30:00.000Z"
          ]
        ],
        "boundaries": [
          {
            "instant": "2024-04-06T12:59:59.999Z",
            "localDate": "2024-04-06",
            "expectedMember": false,
            "passed": true
          },
          {
            "instant": "2024-04-06T13:00:00.000Z",
            "localDate": "2024-04-07",
            "expectedMember": true,
            "passed": true
          },
          {
            "instant": "2024-04-07T13:29:59.999Z",
            "localDate": "2024-04-07",
            "expectedMember": true,
            "passed": true
          },
          {
            "instant": "2024-04-07T13:30:00.000Z",
            "localDate": "2024-04-08",
            "expectedMember": false,
            "passed": true
          }
        ],
        "passed": true
      },
      {
        "date": "2024-10-06",
        "zone": "Australia/Lord_Howe",
        "expected": [
          [
            "2024-10-05T13:30:00.000Z",
            "2024-10-06T13:00:00.000Z"
          ]
        ],
        "result": {
          "status": "existing",
          "intervals": [
            {
              "start": 1728135000000,
              "endExclusive": 1728219600000
            }
          ]
        },
        "actual": [
          [
            "2024-10-05T13:30:00.000Z",
            "2024-10-06T13:00:00.000Z"
          ]
        ],
        "boundaries": [
          {
            "instant": "2024-10-05T13:29:59.999Z",
            "localDate": "2024-10-05",
            "expectedMember": false,
            "passed": true
          },
          {
            "instant": "2024-10-05T13:30:00.000Z",
            "localDate": "2024-10-06",
            "expectedMember": true,
            "passed": true
          },
          {
            "instant": "2024-10-06T12:59:59.999Z",
            "localDate": "2024-10-06",
            "expectedMember": true,
            "passed": true
          },
          {
            "instant": "2024-10-06T13:00:00.000Z",
            "localDate": "2024-10-07",
            "expectedMember": false,
            "passed": true
          }
        ],
        "passed": true
      },
      {
        "date": "1900-01-01",
        "zone": "America/Mexico_City",
        "expected": [
          [
            "1900-01-01T06:36:36.000Z",
            "1900-01-02T06:36:36.000Z"
          ]
        ],
        "result": {
          "status": "existing",
          "intervals": [
            {
              "start": -2208965004000,
              "endExclusive": -2208878604000
            }
          ]
        },
        "actual": [
          [
            "1900-01-01T06:36:36.000Z",
            "1900-01-02T06:36:36.000Z"
          ]
        ],
        "boundaries": [
          {
            "instant": "1900-01-01T06:36:35.999Z",
            "localDate": "1899-12-31",
            "expectedMember": false,
            "passed": true
          },
          {
            "instant": "1900-01-01T06:36:36.000Z",
            "localDate": "1900-01-01",
            "expectedMember": true,
            "passed": true
          },
          {
            "instant": "1900-01-02T06:36:35.999Z",
            "localDate": "1900-01-01",
            "expectedMember": true,
            "passed": true
          },
          {
            "instant": "1900-01-02T06:36:36.000Z",
            "localDate": "1900-01-02",
            "expectedMember": false,
            "passed": true
          }
        ],
        "passed": true
      },
      {
        "date": "0000-01-01",
        "zone": "Etc/GMT-1",
        "expected": [
          [
            "-000001-12-31T23:00:00.000Z",
            "0000-01-01T23:00:00.000Z"
          ]
        ],
        "result": {
          "status": "existing",
          "intervals": [
            {
              "start": -62167222800000,
              "endExclusive": -62167136400000
            }
          ]
        },
        "actual": [
          [
            "-000001-12-31T23:00:00.000Z",
            "0000-01-01T23:00:00.000Z"
          ]
        ],
        "boundaries": [
          {
            "instant": "-000001-12-31T22:59:59.999Z",
            "localDate": "00-1-12-31",
            "expectedMember": false,
            "passed": true
          },
          {
            "instant": "-000001-12-31T23:00:00.000Z",
            "localDate": "0000-01-01",
            "expectedMember": true,
            "passed": true
          },
          {
            "instant": "0000-01-01T22:59:59.999Z",
            "localDate": "0000-01-01",
            "expectedMember": true,
            "passed": true
          },
          {
            "instant": "0000-01-01T23:00:00.000Z",
            "localDate": "0000-01-02",
            "expectedMember": false,
            "passed": true
          }
        ],
        "passed": true
      }
    ],
    "offsets": [
      {
        "zone": "+01:00",
        "intlAccepted": true,
        "temporalAccepted": true,
        "result": {
          "status": "existing",
          "intervals": [
            {
              "start": 946681200000,
              "endExclusive": 946767600000
            }
          ]
        },
        "passed": true
      },
      {
        "zone": "+0100",
        "intlAccepted": true,
        "temporalAccepted": true,
        "result": {
          "status": "existing",
          "intervals": [
            {
              "start": 946681200000,
              "endExclusive": 946767600000
            }
          ]
        },
        "passed": true
      },
      {
        "zone": "-02:30",
        "intlAccepted": true,
        "temporalAccepted": true,
        "result": {
          "status": "existing",
          "intervals": [
            {
              "start": 946693800000,
              "endExclusive": 946780200000
            }
          ]
        },
        "passed": true
      },
      {
        "zone": "-00:00",
        "intlAccepted": true,
        "temporalAccepted": true,
        "result": {
          "status": "existing",
          "intervals": [
            {
              "start": 946684800000,
              "endExclusive": 946771200000
            }
          ]
        },
        "passed": true
      }
    ],
    "unavailable": {
      "status": "unresolved",
      "reason": "provider-unavailable"
    },
    "invalidNativeZone": {
      "status": "unresolved",
      "reason": "provider-failed"
    },
    "failing": {
      "status": "unresolved",
      "reason": "provider-failed"
    },
    "effects": {
      "temporalReads": 32,
      "intl": 68,
      "storage": 0,
      "idb": 0,
      "fetch": 0,
      "xhr": 0,
      "beacon": 0
    }
  },
  "cleanup": "Owned browser context and loopback server closed."
}
