{
  "at": "2026-09-08T06:39:48.472Z",
  "files": [
    {
      "path": "CALLERS.md",
      "bytes": 6952,
      "sha256": "95d99ec339af0934e4fc64c357a32c19090b73e0d39256205e72906b12b6ac4c"
    },
    {
      "path": "capture.mjs",
      "bytes": 2643,
      "sha256": "21045042d77ec255477d604efc16a53fcea0576a066863f3a1bf29e4ad256477"
    },
    {
      "path": "finalize.mjs",
      "bytes": 1422,
      "sha256": "b96495cf9e699a485ccfd12be42f5762e96f01077ebc345e1dfe6a558303a18b"
    },
    {
      "path": "identity.json",
      "bytes": 7146,
      "sha256": "d882a0e25783f83d5c8b2ffbda9590fab8562eb19bc9105c93af729f832bd15d"
    },
    {
      "path": "recheck.json",
      "bytes": 8001,
      "sha256": "bde5262129d7fd3d2cd79907ccc6dea00b8e933ef1aabafda31eb4a5862e344a"
    },
    {
      "path": "sdk-caller-search.log",
      "bytes": 0,
      "sha256": "e3b0c44298fc1c149afbf4c8996fb92427ae41e4649b934ca495991b7852b855"
    },
    {
      "path": "site-caller-search.log",
      "bytes": 1442,
      "sha256": "7d72ae2264e2decf7e07633f74769d0d107ba76d6156a60a79920839830b9c55"
    },
    {
      "path": "source/sdk/packages/engine/package.json",
      "bytes": 2154,
      "sha256": "b9318c0a5afca031f3a823c6f5001337949ab15b9fbc63f7caa0ea10df02fddc"
    },
    {
      "path": "source/sdk/packages/engine/src/geo.test.ts",
      "bytes": 5499,
      "sha256": "68f03a699351526509f9262a6976cc53cd5482447a1219e90eed052c77e8bbce"
    },
    {
      "path": "source/sdk/packages/engine/src/geo.ts",
      "bytes": 334,
      "sha256": "bb8e3e0497b2180b6c20954807d56206fe90d208760d730125493eef22464687"
    },
    {
      "path": "source/sdk/packages/engine/src/geo/timezone.ts",
      "bytes": 8308,
      "sha256": "11f7370996a00fff9e1315be4c2fcdbe4641b1b41482e760e3a436995ec04494"
    },
    {
      "path": "source/sdk/packages/engine/src/receipt.ts",
      "bytes": 27874,
      "sha256": "6a2513769934da7b72ab2e07c66df2d48e49fe2d8a8b54b737c2424d301778d8"
    },
    {
      "path": "source/sdk/packages/engine/src/types.ts",
      "bytes": 4510,
      "sha256": "b56e35fb04903af94fbd0bbb98e4e8d99c298646ef68ddcefca12672d7397a3e"
    },
    {
      "path": "source/site/scripts/build-sky-api.mjs",
      "bytes": 1711,
      "sha256": "e8bc8a02eecf7316409de8bdfa47bd2281e8eba1aa89e4730027a9c52bae4544"
    },
    {
      "path": "source/site/scripts/build-sky.mjs",
      "bytes": 9244,
      "sha256": "b1548b8d736b17a7646ab33aaf62bddb76320d299485c1b6b0a2d77cbc794ffd"
    },
    {
      "path": "source/site/scripts/daily-feed-dates.test.ts",
      "bytes": 2483,
      "sha256": "f0c1023af71b5f5b9cef0c1c96c354b3d81cc18b29745da44a89df6135eb48f7"
    },
    {
      "path": "source/site/src/islands/ChartCalculator.registry-bridge.test.ts",
      "bytes": 1697,
      "sha256": "bfa21bc246699afd63ad6cc85035aff173754f638a30029579a2ebd78e2734e0"
    },
    {
      "path": "source/site/src/islands/ChartCalculator.tsx",
      "bytes": 116026,
      "sha256": "a55cbae08d115c32f3cecb4f95b141fa6480f63cf75fa2f8e35345a233d39d11"
    },
    {
      "path": "source/site/src/islands/MoonPhaseTool.tsx",
      "bytes": 10765,
      "sha256": "37ecef482f628f7ffa189c82584a249367e7d3876e713a776b3e23941925c6c8"
    },
    {
      "path": "source/site/src/lib/approach.ts",
      "bytes": 8818,
      "sha256": "9ac2cb9d6ab26d350a96e0b2b8d4dcbc97ebd4b521cbe445502399ad9da05e22"
    },
    {
      "path": "source/site/src/lib/chart-date-certainty.test.ts",
      "bytes": 3216,
      "sha256": "7590c81f6bb500781b08188aedb697ced862ea111abd315737cb032abbdfc0ee"
    },
    {
      "path": "source/site/src/lib/chart-date-certainty.ts",
      "bytes": 1810,
      "sha256": "7be5c9cd9d344bb0a3b9708b6586f032d9c608fbc1c7e9a99c18229774b0bb96"
    },
    {
      "path": "source/site/src/lib/chart-signature.ts",
      "bytes": 11892,
      "sha256": "0e0a9c7bb95e130dba02a92582a753e4bdd34ae60ee25cb2e7d41073a027941c"
    },
    {
      "path": "source/site/src/lib/communication.ts",
      "bytes": 11339,
      "sha256": "d6aa9a7a56139ebe96e1250a405ed12fa32db8113380eb02cef3ca6175752f64"
    },
    {
      "path": "source/site/src/lib/daily-publication.ts",
      "bytes": 37300,
      "sha256": "2bfe704934ec53d45b015fb9cc4184bb11821b8ea34388aa6b765eb56b1266c4"
    },
    {
      "path": "source/site/src/lib/daily.ts",
      "bytes": 10719,
      "sha256": "e3ee76fa21f2226254a6d86e31bcb955cf421d7182d8d2da3fe48c617280dced"
    },
    {
      "path": "source/site/src/lib/engine/types.ts",
      "bytes": 2164,
      "sha256": "55b9113db22cf4d456a090411dad862f639440c7690da2a314f751efa6cf6c54"
    },
    {
      "path": "source/site/src/lib/i18n/ui/en.ts",
      "bytes": 21866,
      "sha256": "0d9d6be58d1e9c9de2093e754866ec8219267266140278478cded09e3313a890"
    },
    {
      "path": "source/site/src/lib/moon-certainty.test.tsx",
      "bytes": 11501,
      "sha256": "e509607fc389f8175b9113cd8354eb43a66781a870c0cbb411ab58e02e8e3880"
    },
    {
      "path": "source/site/src/lib/moon-certainty.ts",
      "bytes": 1909,
      "sha256": "a1786be7d1734b7c58eda862f900a3a1081c944c1e4efc6a131bb0bcdcf3e994"
    },
    {
      "path": "source/site/src/lib/profile/schema.ts",
      "bytes": 1527,
      "sha256": "cbbe3f11355458f162a1da37863b6bc9cb35c1cb53e24c20763f11e0d63e5789"
    },
    {
      "path": "source/site/src/lib/scene/build.ts",
      "bytes": 4409,
      "sha256": "4bb4a00bb68ec02b01e34ef44662c61665132a8ec7a74cb49684a19a25a56b54"
    },
    {
      "path": "source/site/src/lib/share-card.ts",
      "bytes": 55757,
      "sha256": "db3a4d4b9367e69c359fa64ae7d0a75569aea2661a25bf5cf48a5bd81a4dc649"
    },
    {
      "path": "source/site/src/lib/share.ts",
      "bytes": 4808,
      "sha256": "505d2f826c8c77de58b5c189438c33fc50325646419a948363b1722d0c7fb436"
    },
    {
      "path": "source/site/src/pages/feeds/daily-sky.xml.ts",
      "bytes": 2973,
      "sha256": "d1f59ee78d01bca306ff13a151cd343c8a07a59c6f00f2b12784d42fb29349f1"
    }
  ]
}
