// Vitest Snapshot v1, https://vitest.dev/guide/snapshot.html

exports[`buildSceneModel parity > matches the committed Kahlo scene snapshot 1`] = `
{
  "anchor": {
    "lon": 143.51282921046214,
    "mode": "asc",
  },
  "angles": {
    "asc": 143.51282921046214,
    "dsc": 323.5128292104621,
    "ic": 233.3283716739038,
    "mc": 53.32837167390386,
  },
  "aspects": [
    {
      "a": "Sun",
      "applying": true,
      "b": "Mars",
      "orb": 0.020749330442640712,
      "type": "opposition",
      "weight": 2,
    },
    {
      "a": "Venus",
      "applying": false,
      "b": "Pluto",
      "orb": 0.5925206011452246,
      "type": "conjunction",
      "weight": 2,
    },
    {
      "a": "Sun",
      "applying": false,
      "b": "Neptune",
      "orb": 0.9765235464668081,
      "type": "conjunction",
      "weight": 2,
    },
    {
      "a": "Mars",
      "applying": true,
      "b": "Neptune",
      "orb": 0.9972728769093919,
      "type": "opposition",
      "weight": 2,
    },
    {
      "a": "Uranus",
      "applying": false,
      "b": "Neptune",
      "orb": 1.7867707624961895,
      "type": "opposition",
      "weight": 1,
    },
    {
      "a": "Moon",
      "applying": false,
      "b": "Saturn",
      "orb": 2.2668780601409253,
      "type": "sextile",
      "weight": 1,
    },
    {
      "a": "Sun",
      "applying": false,
      "b": "Uranus",
      "orb": 2.7632943089630544,
      "type": "opposition",
      "weight": 1,
    },
    {
      "a": "Mars",
      "applying": true,
      "b": "Uranus",
      "orb": 2.784043639405695,
      "type": "conjunction",
      "weight": 1,
    },
    {
      "a": "Venus",
      "applying": true,
      "b": "Saturn",
      "orb": 3.1059264106099818,
      "type": "square",
      "weight": 1,
    },
    {
      "a": "Saturn",
      "applying": true,
      "b": "Pluto",
      "orb": 3.6984470117552064,
      "type": "square",
      "weight": 0,
    },
  ],
  "bodies": [
    {
      "aspects": [
        "aspect:Sun-opposition-Mars",
        "aspect:Sun-conjunction-Neptune",
        "aspect:Sun-opposition-Uranus",
      ],
      "body": "Sun",
      "dignity": null,
      "drawLon": 103.90571245414708,
      "house": 12,
      "lon": 103.37550846667943,
      "retrograde": false,
      "sign": "cancer",
      "signDegree": 13.375508466679435,
      "speed": 0.9536201182825153,
    },
    {
      "aspects": [
        "aspect:Moon-sextile-Saturn",
      ],
      "body": "Moon",
      "dignity": "exaltation",
      "drawLon": 59.71210962663076,
      "house": 10,
      "lon": 59.71210962663076,
      "retrograde": false,
      "sign": "taurus",
      "signDegree": 29.712109626630763,
      "speed": 12.023644341866884,
    },
    {
      "aspects": [],
      "body": "Mercury",
      "dignity": null,
      "drawLon": 126.33594787272608,
      "house": 1,
      "lon": 126.33594787272608,
      "retrograde": false,
      "sign": "leo",
      "signDegree": 6.335947872726081,
      "speed": 0.37283241758143504,
    },
    {
      "aspects": [
        "aspect:Venus-conjunction-Pluto",
        "aspect:Venus-square-Saturn",
      ],
      "body": "Venus",
      "dignity": null,
      "drawLon": 87.54304485530724,
      "house": 11,
      "lon": 84.33930515587986,
      "retrograde": false,
      "sign": "gemini",
      "signDegree": 24.339305155879856,
      "speed": 1.216515066642387,
    },
    {
      "aspects": [
        "aspect:Sun-opposition-Mars",
        "aspect:Mars-opposition-Neptune",
        "aspect:Mars-conjunction-Uranus",
      ],
      "body": "Mars",
      "dignity": "exaltation",
      "drawLon": 285.5042359774192,
      "house": 6,
      "lon": 283.3962577971221,
      "retrograde": true,
      "sign": "capricorn",
      "signDegree": 13.396257797122075,
      "speed": -0.2942929693044789,
    },
    {
      "aspects": [],
      "body": "Jupiter",
      "dignity": "exaltation",
      "drawLon": 110.68777149844186,
      "house": 12,
      "lon": 110.43522031881741,
      "retrograde": false,
      "sign": "cancer",
      "signDegree": 20.435220318817414,
      "speed": 0.22316178615335502,
    },
    {
      "aspects": [
        "aspect:Moon-sextile-Saturn",
        "aspect:Venus-square-Saturn",
        "aspect:Saturn-square-Pluto",
      ],
      "body": "Saturn",
      "dignity": null,
      "drawLon": 357.44523156648984,
      "house": 8,
      "lon": 357.44523156648984,
      "retrograde": false,
      "sign": "pisces",
      "signDegree": 27.445231566489838,
      "speed": 0.005565324489452905,
    },
    {
      "aspects": [
        "aspect:Uranus-opposition-Neptune",
        "aspect:Sun-opposition-Uranus",
        "aspect:Mars-conjunction-Uranus",
      ],
      "body": "Uranus",
      "dignity": null,
      "drawLon": 278.5042359774192,
      "house": 6,
      "lon": 280.6122141577164,
      "retrograde": true,
      "sign": "capricorn",
      "signDegree": 10.61221415771638,
      "speed": -0.040416499712023324,
    },
    {
      "aspects": [
        "aspect:Sun-conjunction-Neptune",
        "aspect:Mars-opposition-Neptune",
        "aspect:Uranus-opposition-Neptune",
      ],
      "body": "Neptune",
      "dignity": null,
      "drawLon": 97.34159436555754,
      "house": 12,
      "lon": 102.39898492021263,
      "retrograde": false,
      "sign": "cancer",
      "signDegree": 12.398984920212627,
      "speed": 0.037223434383236054,
    },
    {
      "aspects": [
        "aspect:Venus-conjunction-Pluto",
        "aspect:Saturn-square-Pluto",
      ],
      "body": "Pluto",
      "dignity": null,
      "drawLon": 80.54304485530724,
      "house": 11,
      "lon": 83.74678455473463,
      "retrograde": false,
      "sign": "gemini",
      "signDegree": 23.74678455473463,
      "speed": 0.022498434323324545,
    },
    {
      "aspects": [],
      "body": "North Node",
      "dignity": null,
      "drawLon": 117.68777149844183,
      "house": 12,
      "lon": 113.41313611087884,
      "retrograde": true,
      "sign": "cancer",
      "signDegree": 23.41313611087884,
      "speed": -0.023534171203550613,
    },
  ],
  "engineVersion": "0.1.0",
  "flags": [
    "lmt",
  ],
  "houseSystem": "whole",
  "houses": [
    {
      "cuspLon": 120,
      "index": 1,
      "midLon": 135,
      "occupants": [
        "Mercury",
      ],
      "spanDeg": 30,
    },
    {
      "cuspLon": 150,
      "index": 2,
      "midLon": 165,
      "occupants": [],
      "spanDeg": 30,
    },
    {
      "cuspLon": 180,
      "index": 3,
      "midLon": 195,
      "occupants": [],
      "spanDeg": 30,
    },
    {
      "cuspLon": 210,
      "index": 4,
      "midLon": 225,
      "occupants": [],
      "spanDeg": 30,
    },
    {
      "cuspLon": 240,
      "index": 5,
      "midLon": 255,
      "occupants": [],
      "spanDeg": 30,
    },
    {
      "cuspLon": 270,
      "index": 6,
      "midLon": 285,
      "occupants": [
        "Uranus",
        "Mars",
      ],
      "spanDeg": 30,
    },
    {
      "cuspLon": 300,
      "index": 7,
      "midLon": 315,
      "occupants": [],
      "spanDeg": 30,
    },
    {
      "cuspLon": 330,
      "index": 8,
      "midLon": 345,
      "occupants": [
        "Saturn",
      ],
      "spanDeg": 30,
    },
    {
      "cuspLon": 0,
      "index": 9,
      "midLon": 15,
      "occupants": [],
      "spanDeg": 30,
    },
    {
      "cuspLon": 30,
      "index": 10,
      "midLon": 45,
      "occupants": [
        "Moon",
      ],
      "spanDeg": 30,
    },
    {
      "cuspLon": 60,
      "index": 11,
      "midLon": 75,
      "occupants": [
        "Pluto",
        "Venus",
      ],
      "spanDeg": 30,
    },
    {
      "cuspLon": 90,
      "index": 12,
      "midLon": 105,
      "occupants": [
        "Neptune",
        "Sun",
        "Jupiter",
        "North Node",
      ],
      "spanDeg": 30,
    },
  ],
  "signs": [
    {
      "fromLon": 0,
      "slug": "aries",
    },
    {
      "fromLon": 30,
      "slug": "taurus",
    },
    {
      "fromLon": 60,
      "slug": "gemini",
    },
    {
      "fromLon": 90,
      "slug": "cancer",
    },
    {
      "fromLon": 120,
      "slug": "leo",
    },
    {
      "fromLon": 150,
      "slug": "virgo",
    },
    {
      "fromLon": 180,
      "slug": "libra",
    },
    {
      "fromLon": 210,
      "slug": "scorpio",
    },
    {
      "fromLon": 240,
      "slug": "sagittarius",
    },
    {
      "fromLon": 270,
      "slug": "capricorn",
    },
    {
      "fromLon": 300,
      "slug": "aquarius",
    },
    {
      "fromLon": 330,
      "slug": "pisces",
    },
  ],
}
`;
