// Vitest Snapshot v1, https://vitest.dev/guide/snapshot.html

exports[`buildSceneModel parity > matches the committed Kahlo scene snapshot 1`] = `
{
  "anchor": {
    "lon": 143.5128292,
    "mode": "asc",
  },
  "angles": {
    "asc": 143.5128292,
    "dsc": 323.5128292,
    "ic": 233.3283717,
    "mc": 53.3283717,
  },
  "aspects": [
    {
      "a": "Sun",
      "applying": true,
      "b": "Mars",
      "orb": 0.0207493,
      "type": "opposition",
      "weight": 2,
    },
    {
      "a": "Venus",
      "applying": false,
      "b": "Pluto",
      "orb": 0.5925206,
      "type": "conjunction",
      "weight": 2,
    },
    {
      "a": "Sun",
      "applying": false,
      "b": "Neptune",
      "orb": 0.9765235,
      "type": "conjunction",
      "weight": 2,
    },
    {
      "a": "Mars",
      "applying": true,
      "b": "Neptune",
      "orb": 0.9972729,
      "type": "opposition",
      "weight": 2,
    },
    {
      "a": "Uranus",
      "applying": false,
      "b": "Neptune",
      "orb": 1.7867708,
      "type": "opposition",
      "weight": 1,
    },
    {
      "a": "Moon",
      "applying": false,
      "b": "Saturn",
      "orb": 2.2668781,
      "type": "sextile",
      "weight": 1,
    },
    {
      "a": "Sun",
      "applying": false,
      "b": "Uranus",
      "orb": 2.7632943,
      "type": "opposition",
      "weight": 1,
    },
    {
      "a": "Mars",
      "applying": true,
      "b": "Uranus",
      "orb": 2.7840436,
      "type": "conjunction",
      "weight": 1,
    },
    {
      "a": "Venus",
      "applying": true,
      "b": "Saturn",
      "orb": 3.1059264,
      "type": "square",
      "weight": 1,
    },
    {
      "a": "Saturn",
      "applying": true,
      "b": "Pluto",
      "orb": 3.698447,
      "type": "square",
      "weight": 0,
    },
  ],
  "bodies": [
    {
      "aspects": [
        "aspect:Sun-opposition-Mars",
        "aspect:Sun-conjunction-Neptune",
        "aspect:Sun-opposition-Uranus",
      ],
      "body": "Sun",
      "dignity": null,
      "drawLon": 464.9696246,
      "house": 12,
      "lon": 103.3755085,
      "retrograde": false,
      "sign": "cancer",
      "signDegree": 13.3755085,
      "speed": 0.9536201,
    },
    {
      "aspects": [
        "aspect:Moon-sextile-Saturn",
      ],
      "body": "Moon",
      "dignity": "exaltation",
      "drawLon": 408.9696246,
      "house": 10,
      "lon": 59.7121096,
      "retrograde": false,
      "sign": "taurus",
      "signDegree": 29.7121096,
      "speed": 12.0236443,
    },
    {
      "aspects": [],
      "body": "Mercury",
      "dignity": null,
      "drawLon": 506.9696246,
      "house": 1,
      "lon": 126.3359479,
      "retrograde": false,
      "sign": "leo",
      "signDegree": 6.3359479,
      "speed": 0.3728324,
    },
    {
      "aspects": [
        "aspect:Venus-conjunction-Pluto",
        "aspect:Venus-square-Saturn",
      ],
      "body": "Venus",
      "dignity": null,
      "drawLon": 436.9696246,
      "house": 11,
      "lon": 84.3393052,
      "retrograde": false,
      "sign": "gemini",
      "signDegree": 24.3393052,
      "speed": 1.2165151,
    },
    {
      "aspects": [
        "aspect:Sun-opposition-Mars",
        "aspect:Mars-opposition-Neptune",
        "aspect:Mars-conjunction-Uranus",
      ],
      "body": "Mars",
      "dignity": "exaltation",
      "drawLon": 289.004236,
      "house": 6,
      "lon": 283.3962578,
      "retrograde": true,
      "sign": "capricorn",
      "signDegree": 13.3962578,
      "speed": -0.294293,
    },
    {
      "aspects": [],
      "body": "Jupiter",
      "dignity": "exaltation",
      "drawLon": 478.9696246,
      "house": 12,
      "lon": 110.4352203,
      "retrograde": false,
      "sign": "cancer",
      "signDegree": 20.4352203,
      "speed": 0.2231618,
    },
    {
      "aspects": [
        "aspect:Moon-sextile-Saturn",
        "aspect:Venus-square-Saturn",
        "aspect:Saturn-square-Pluto",
      ],
      "body": "Saturn",
      "dignity": null,
      "drawLon": 357.4452316,
      "house": 8,
      "lon": 357.4452316,
      "retrograde": false,
      "sign": "pisces",
      "signDegree": 27.4452316,
      "speed": 0.0055653,
    },
    {
      "aspects": [
        "aspect:Uranus-opposition-Neptune",
        "aspect:Sun-opposition-Uranus",
        "aspect:Mars-conjunction-Uranus",
      ],
      "body": "Uranus",
      "dignity": null,
      "drawLon": 275.004236,
      "house": 6,
      "lon": 280.6122142,
      "retrograde": true,
      "sign": "capricorn",
      "signDegree": 10.6122142,
      "speed": -0.0404165,
    },
    {
      "aspects": [
        "aspect:Sun-conjunction-Neptune",
        "aspect:Mars-opposition-Neptune",
        "aspect:Uranus-opposition-Neptune",
      ],
      "body": "Neptune",
      "dignity": null,
      "drawLon": 450.9696246,
      "house": 12,
      "lon": 102.3989849,
      "retrograde": false,
      "sign": "cancer",
      "signDegree": 12.3989849,
      "speed": 0.0372234,
    },
    {
      "aspects": [
        "aspect:Venus-conjunction-Pluto",
        "aspect:Saturn-square-Pluto",
      ],
      "body": "Pluto",
      "dignity": null,
      "drawLon": 422.9696246,
      "house": 11,
      "lon": 83.7467846,
      "retrograde": false,
      "sign": "gemini",
      "signDegree": 23.7467846,
      "speed": 0.0224984,
    },
    {
      "aspects": [],
      "body": "North Node",
      "dignity": null,
      "drawLon": 492.9696246,
      "house": 12,
      "lon": 113.4131361,
      "retrograde": true,
      "sign": "cancer",
      "signDegree": 23.4131361,
      "speed": -0.0235342,
    },
  ],
  "engineVersion": "0.1.0",
  "flags": [
    "lmt",
  ],
  "houseSystem": "whole",
  "houses": [
    {
      "cuspLon": 120,
      "index": 1,
      "midLon": 135,
      "occupants": [
        "Mercury",
      ],
      "spanDeg": 30,
    },
    {
      "cuspLon": 150,
      "index": 2,
      "midLon": 165,
      "occupants": [],
      "spanDeg": 30,
    },
    {
      "cuspLon": 180,
      "index": 3,
      "midLon": 195,
      "occupants": [],
      "spanDeg": 30,
    },
    {
      "cuspLon": 210,
      "index": 4,
      "midLon": 225,
      "occupants": [],
      "spanDeg": 30,
    },
    {
      "cuspLon": 240,
      "index": 5,
      "midLon": 255,
      "occupants": [],
      "spanDeg": 30,
    },
    {
      "cuspLon": 270,
      "index": 6,
      "midLon": 285,
      "occupants": [
        "Uranus",
        "Mars",
      ],
      "spanDeg": 30,
    },
    {
      "cuspLon": 300,
      "index": 7,
      "midLon": 315,
      "occupants": [],
      "spanDeg": 30,
    },
    {
      "cuspLon": 330,
      "index": 8,
      "midLon": 345,
      "occupants": [
        "Saturn",
      ],
      "spanDeg": 30,
    },
    {
      "cuspLon": 0,
      "index": 9,
      "midLon": 15,
      "occupants": [],
      "spanDeg": 30,
    },
    {
      "cuspLon": 30,
      "index": 10,
      "midLon": 45,
      "occupants": [
        "Moon",
      ],
      "spanDeg": 30,
    },
    {
      "cuspLon": 60,
      "index": 11,
      "midLon": 75,
      "occupants": [
        "Pluto",
        "Venus",
      ],
      "spanDeg": 30,
    },
    {
      "cuspLon": 90,
      "index": 12,
      "midLon": 105,
      "occupants": [
        "Neptune",
        "Sun",
        "Jupiter",
        "North Node",
      ],
      "spanDeg": 30,
    },
  ],
  "signs": [
    {
      "fromLon": 0,
      "slug": "aries",
    },
    {
      "fromLon": 30,
      "slug": "taurus",
    },
    {
      "fromLon": 60,
      "slug": "gemini",
    },
    {
      "fromLon": 90,
      "slug": "cancer",
    },
    {
      "fromLon": 120,
      "slug": "leo",
    },
    {
      "fromLon": 150,
      "slug": "virgo",
    },
    {
      "fromLon": 180,
      "slug": "libra",
    },
    {
      "fromLon": 210,
      "slug": "scorpio",
    },
    {
      "fromLon": 240,
      "slug": "sagittarius",
    },
    {
      "fromLon": 270,
      "slug": "capricorn",
    },
    {
      "fromLon": 300,
      "slug": "aquarius",
    },
    {
      "fromLon": 330,
      "slug": "pisces",
    },
  ],
}
`;
