diff --git a/package-lock.json b/package-lock.json
index 6cae1b90..f5e7eda0 100644
--- a/package-lock.json
+++ b/package-lock.json
@@ -15,7 +15,7 @@
         "@vercel/firewall": "1.2.1",
         "@vercel/functions": "3.7.5",
         "@vercel/og": "0.7.2",
-        "@zodiacs/engine": "file:vendor/zodiacs-engine-0.1.1-rc.5.tgz",
+        "@zodiacs/engine": "file:vendor/zodiacs-engine-0.1.1-rc.6.tgz",
         "astro": "^7.0.6",
         "astronomy-engine": "^2.1.19",
         "preact": "^10.26.0",
@@ -4253,9 +4253,9 @@
       "license": "MIT"
     },
     "node_modules/@zodiacs/engine": {
-      "version": "0.1.1-rc.5",
-      "resolved": "file:vendor/zodiacs-engine-0.1.1-rc.5.tgz",
-      "integrity": "sha512-XUmtZ+mOwMJxElr6hbhQ59cPatvsPa8/XrLfihZfdsQnMZgptlTZSV6YBRVr+Nqps0No64HUpYLXNhUoeCVzNA==",
+      "version": "0.1.1-rc.6",
+      "resolved": "file:vendor/zodiacs-engine-0.1.1-rc.6.tgz",
+      "integrity": "sha512-W3zxJPAjG699AP/9xLXf5iKxSg9o+DMSUQzyLf5yrCjlubr/mWGIO4SOOHfx1VKFC9k+s5bqt34kMi4E2j5n5g==",
       "license": "MIT",
       "dependencies": {
         "astronomy-engine": "^2.1.19"
diff --git a/package.json b/package.json
index f8e4d42b..c9937add 100644
--- a/package.json
+++ b/package.json
@@ -133,7 +133,7 @@
     "@vercel/firewall": "1.2.1",
     "@vercel/functions": "3.7.5",
     "@vercel/og": "0.7.2",
-    "@zodiacs/engine": "file:vendor/zodiacs-engine-0.1.1-rc.5.tgz",
+    "@zodiacs/engine": "file:vendor/zodiacs-engine-0.1.1-rc.6.tgz",
     "astro": "^7.0.6",
     "astronomy-engine": "^2.1.19",
     "preact": "^10.26.0",
diff --git a/src/lib/engine/package-integration.test.ts b/src/lib/engine/package-integration.test.ts
index ae89b5ed..047910a5 100644
--- a/src/lib/engine/package-integration.test.ts
+++ b/src/lib/engine/package-integration.test.ts
@@ -10,7 +10,7 @@ import { computeBodies as packageComputeBodies } from '@zodiacs/engine/internal'
 import { computeBodies, computeChart } from './full';
 import { ENGINE_VERSION } from './types';
 
-const artifactPath = resolve(process.cwd(), 'vendor/zodiacs-engine-0.1.1-rc.5.tgz');
+const artifactPath = resolve(process.cwd(), 'vendor/zodiacs-engine-0.1.1-rc.6.tgz');
 const docsPath = resolve(process.cwd(), 'public/sdk/engine');
 
 function walk(directory: string): string[] {
@@ -52,7 +52,7 @@ describe('vendored @zodiacs/engine integration', () => {
   it('matches both recorded checksums in the repository', () => {
     const artifact = readFileSync(artifactPath);
     const checksum = readFileSync(
-      resolve(process.cwd(), 'vendor/zodiacs-engine-0.1.1-rc.5.sha256'),
+      resolve(process.cwd(), 'vendor/zodiacs-engine-0.1.1-rc.6.sha256'),
       'utf8',
     ).trim().split(/\s+/u)[0];
     const lock = JSON.parse(
@@ -73,7 +73,7 @@ describe('vendored @zodiacs/engine integration', () => {
     const siteBodies = computeBodies(date);
 
     expect(ENGINE_VERSION).toBe(packageEngineVersion);
-    expect(ENGINE_VERSION).toBe('0.1.1-rc.5');
+    expect(ENGINE_VERSION).toBe('0.1.1-rc.6');
     expect(siteBodies).toEqual(
       packageBodies.map(({ body, lon, lat, speed, retrograde }) => ({
         body,
diff --git a/src/lib/scene/__snapshots__/scene.test.ts.snap b/src/lib/scene/__snapshots__/scene.test.ts.snap
index a1205bd4..66361e73 100644
--- a/src/lib/scene/__snapshots__/scene.test.ts.snap
+++ b/src/lib/scene/__snapshots__/scene.test.ts.snap
@@ -256,7 +256,7 @@ exports[`buildSceneModel parity > matches the committed Kahlo scene snapshot 1`]
       "speed": -0.0235342,
     },
   ],
-  "engineVersion": "0.1.1-rc.5",
+  "engineVersion": "0.1.1-rc.6",
   "flags": [
     "lmt",
   ],
diff --git a/src/lib/time/localToUtc-precision.test.ts b/src/lib/time/localToUtc-precision.test.ts
new file mode 100644
index 00000000..0c3f5d7c
--- /dev/null
+++ b/src/lib/time/localToUtc-precision.test.ts
@@ -0,0 +1,85 @@
+import { describe, expect, it } from 'vitest';
+import { natalChart } from '@zodiacs/engine';
+import { resolveLocalToUtc as packageResolveLocalToUtc } from '@zodiacs/engine/geo';
+import { createNatalEnvelope, parseNatalEnvelope, serializeNatalEnvelope } from '@zodiacs/engine/receipt';
+import { resolveLocalToUtc } from './localToUtc';
+
+// Finite, independently reproduced host-IANA counterexamples to minute-only
+// matching. These fixtures do not certify historical records or chart accuracy.
+const historicalGaps = [
+  ["America/Caracas", "1890-01-01", "1890-01-01T04:27:44.000Z", -267.6666666666667, 0.06666666666666667, ["dst-gap", "lmt"]],
+  ["America/Dawson_Creek", "1884-01-01", "1884-01-01T08:00:56.000Z", -480, 0.9333333333333333, ["dst-gap"]],
+  ["America/Goose_Bay", "1935-03-30", "1935-03-30T03:30:52.000Z", -210, 0.8666666666666667, ["dst-gap"]],
+  ["America/Manaus", "1914-01-01", "1914-01-01T04:00:04.000Z", -240, 0.06666666666666667, ["dst-gap"]],
+  ["America/Paramaribo", "1935-01-01", "1935-01-01T03:40:52.000Z", -220.6, 0.26666666666666666, ["dst-gap", "lmt"]],
+  ["America/Port-au-Prince", "1890-01-01", "1890-01-01T04:49:20.000Z", -289, 0.3333333333333333, ["dst-gap"]],
+  ["America/Punta_Arenas", "1890-01-01", "1890-01-01T04:43:40.000Z", -282.75, 0.9166666666666666, ["dst-gap", "lmt"]],
+  ["America/St_Johns", "1935-03-30", "1935-03-30T03:30:52.000Z", -210, 0.8666666666666667, ["dst-gap"]],
+  ["America/Whitehorse", "1900-08-20", "1900-08-20T09:00:12.000Z", -540, 0.2, ["dst-gap"]],
+  ["Asia/Colombo", "1880-01-01", "1879-12-31T18:40:36.000Z", 319.53333333333336, 0.13333333333333333, ["dst-gap", "lmt"]],
+  ["Asia/Tbilisi", "1924-05-02", "1924-05-01T21:00:49.000Z", 180, 0.8166666666666667, ["dst-gap"]],
+  ["Brazil/West", "1914-01-01", "1914-01-01T04:00:04.000Z", -240, 0.06666666666666667, ["dst-gap"]],
+  ["Canada/Newfoundland", "1935-03-30", "1935-03-30T03:30:52.000Z", -210, 0.8666666666666667, ["dst-gap"]],
+  ["Canada/Yukon", "1900-08-20", "1900-08-20T09:00:12.000Z", -540, 0.2, ["dst-gap"]],
+  ["Pacific/Norfolk", "1901-01-01", "1900-12-31T12:48:08.000Z", 672, 0.13333333333333333, ["dst-gap"]],
+  ["Pacific/Tongatapu", "1945-09-10", "1945-09-09T11:40:48.000Z", 740, 0.8, ["dst-gap"]],
+] as const;
+
+const adjacentCases = [
+  ['1913-12-31', '23:59', 'America/Manaus', '1914-01-01T03:59:04.000Z', ['lmt']],
+  ['1914-01-01', '00:01', 'America/Manaus', '1914-01-01T04:01:00.000Z', []],
+  ['1914-01-01', '12:00', 'America/Manaus', '1914-01-01T16:00:00.000Z', []],
+  ['1884-01-01', '00:01', 'America/Dawson_Creek', '1884-01-01T08:01:00.000Z', []],
+  ['1890-01-01', '00:01', 'America/Caracas', '1890-01-01T04:28:40.000Z', ['lmt']],
+  ['1883-11-18', '11:59', 'America/Denver', '1883-11-18T18:58:56.000Z', ['lmt']],
+  ['1883-11-18', '12:00', 'America/Denver', '1883-11-18T18:59:56.000Z', ['dst-fold', 'lmt']],
+  ['1883-11-18', '12:01', 'America/Denver', '1883-11-18T19:01:00.000Z', []],
+  ['1911-12-31', '23:59', 'Africa/Ndjamena', '1911-12-31T22:58:48.000Z', ['lmt']],
+  ['1912-01-01', '00:00', 'Africa/Ndjamena', '1911-12-31T23:00:00.000Z', []],
+] as const;
+
+describe('second-precise site timezone adoption', () => {
+  it.each(historicalGaps)('preserves the actual seconds-sized gap in %s on %s through the SDK receipt', (timeZone, date, instant, offsetMinutes, gapShiftMinutes, flags) => {
+    const resolved = resolveLocalToUtc(date, '00:00', timeZone);
+    expect(resolved).toEqual(packageResolveLocalToUtc(date, '00:00', timeZone));
+    expect(resolved.utc.toISOString()).toBe(instant);
+    expect(resolved.utc.getUTCMilliseconds()).toBe(0);
+    expect(resolved.offsetMinutes).toBe(offsetMinutes);
+    expect(resolved.flags).toEqual(flags);
+    const envelope = createNatalEnvelope(natalChart({
+      utc: resolved.utc, latitude: -3.1, longitude: -60.02,
+      houseSystem: 'placidus', timeKnown: true, flags: resolved.flags,
+    }), {
+      reference: 'supplied-instant',
+      localResolution: { date, time: '00:00', timeZone, offsetMinutes, gapShiftMinutes,
+        policy: { fold: 'earlier', gap: 'shift-forward' } },
+    });
+    expect(parseNatalEnvelope(serializeNatalEnvelope(envelope))).toEqual({ ok: true, envelope });
+    expect(envelope.receipt.localResolution?.gapShiftMinutes).toBe(gapShiftMinutes);
+    expect(envelope.receipt.inputFlags).toEqual(flags);
+  });
+
+  it.each(adjacentCases)('keeps %s %s in %s precise without false folds', (date, time, zone, instant, flags) => {
+    const resolved = resolveLocalToUtc(date, time, zone);
+    expect(resolved).toEqual(packageResolveLocalToUtc(date, time, zone));
+    expect(resolved.utc.toISOString()).toBe(instant);
+    expect(resolved.utc.getUTCMilliseconds()).toBe(0);
+    expect(resolved.flags).toEqual(flags);
+  });
+
+  it('preserves the existing unknown-time local-noon reference immediately after the gap', () => {
+    const resolved = resolveLocalToUtc('1914-01-01', '12:00', 'America/Manaus');
+    expect(resolved.utc.toISOString()).toBe('1914-01-01T16:00:00.000Z');
+    expect(resolved.flags).toEqual([]);
+    const envelope = createNatalEnvelope(natalChart({ utc: resolved.utc, latitude: -3.1,
+      longitude: -60.02, houseSystem: 'placidus', timeKnown: false, flags: resolved.flags }), {
+      reference: 'local-noon',
+      localResolution: { date: '1914-01-01', time: '12:00', timeZone: 'America/Manaus',
+        offsetMinutes: -240, gapShiftMinutes: 0, policy: { fold: 'earlier', gap: 'shift-forward' } },
+    });
+    expect(parseNatalEnvelope(serializeNatalEnvelope(envelope))).toEqual({ ok: true, envelope });
+    expect(envelope.receipt.reference).toBe('local-noon');
+    expect(envelope.receipt.houses.actual).toBeNull();
+    expect(envelope.result.angles).toBeNull();
+  });
+});
diff --git a/src/lib/time/localToUtc.ts b/src/lib/time/localToUtc.ts
index af8e37d2..f2445649 100644
--- a/src/lib/time/localToUtc.ts
+++ b/src/lib/time/localToUtc.ts
@@ -46,7 +46,8 @@ function wallFormatter(tz: string): Intl.DateTimeFormat {
       timeZone: tz,
       calendar: 'gregory', numberingSystem: 'latn', era: 'short',
       year: 'numeric', month: '2-digit', day: '2-digit',
-      hour: '2-digit', minute: '2-digit', hourCycle: 'h23',
+      hour: '2-digit', minute: '2-digit', second: '2-digit',
+      fractionalSecondDigits: 3, hourCycle: 'h23',
     });
     wallFormatters.set(tz, f);
   }
@@ -80,7 +81,7 @@ function wallStringAt(tz: string, utcMs: number): string {
   const isoYear = year >= 0 && year <= 9999
     ? String(year).padStart(4, '0')
     : `${year < 0 ? '-' : '+'}${String(Math.abs(year)).padStart(6, '0')}`;
-  return `${isoYear}-${part('month')}-${part('day')}T${part('hour')}:${part('minute')}`;
+  return `${isoYear}-${part('month')}-${part('day')}T${part('hour')}:${part('minute')}:${part('second')}.${part('fractionalSecond')}`;
 }
 
 /**
@@ -114,7 +115,9 @@ export function resolveLocalToUtc(
   wallDate.setUTCFullYear(civilDate.year, civilDate.month - 1, civilDate.day);
   wallDate.setUTCHours(civilTime.hour, civilTime.minute, 0, 0);
   const wallMs = wallDate.getTime();
-  const wallStr = `${date}T${time}`;
+  // HH:MM denotes exactly zero seconds/milliseconds. Shortening a candidate
+  // to its minute hides historical gaps and creates false folds.
+  const wallStr = `${date}T${time}:00.000`;
 
   // Candidate offsets sampled around the wall instant.
   const sampled = [
@@ -126,7 +129,9 @@ export function resolveLocalToUtc(
 
   const matches: { utcMs: number; offset: number }[] = [];
   for (const off of candidates) {
-    const utcMs = wallMs - off * 60_000;
+    // IANA offsets have integral seconds. Remove floating-point conversion
+    // noise at millisecond precision without rounding away historical seconds.
+    const utcMs = wallMs - Math.round(off * 60_000);
     if (wallStringAt(tz, utcMs) === wallStr) {
       matches.push({ utcMs, offset: offsetAt(tz, utcMs) });
     }
@@ -146,7 +151,7 @@ export function resolveLocalToUtc(
     // Gap: this wall time never happened. Shift forward by the gap —
     // apply the offset that was valid just before the transition.
     const before = offsetAt(tz, wallMs - 36 * 3600_000);
-    const utcMs = wallMs - before * 60_000;
+    const utcMs = wallMs - Math.round(before * 60_000);
     chosen = { utcMs, offset: offsetAt(tz, utcMs) };
     flags.push('dst-gap');
   }
diff --git a/vendor/zodiacs-engine-0.1.1-rc.6.sha256 b/vendor/zodiacs-engine-0.1.1-rc.6.sha256
new file mode 100644
index 00000000..df983491
--- /dev/null
+++ b/vendor/zodiacs-engine-0.1.1-rc.6.sha256
@@ -0,0 +1 @@
+09c3e63432f8ba2e9df05af137c42f65ab039740a207a89418d9e6470ea3db3e  zodiacs-engine-0.1.1-rc.6.tgz
diff --git a/vendor/zodiacs-engine-0.1.1-rc.6.tgz b/vendor/zodiacs-engine-0.1.1-rc.6.tgz
new file mode 100644
index 0000000000000000000000000000000000000000..e5938427088b08c0ce1250a774579aa4fcae444c
GIT binary patch
literal 36591
zcmV)IK)k;niwFP!00002|Lnc{dJ{?VC^-MFo+8n&XIcWOEcw<TF#O!cfM&4Gu}#nR
z&>ozsN=em}sx*})i~xV%d57I6JWsM45qYgD$)=}=o!NuGuNzffBQql-BO~K7=ixg(
z5gRXu2ZzUJhky82{PlXh-R*5wm)`63HhVkU><?QzyS;vYcel6A{?P09Hg|W~A9{cI
z3V#b(@ca+G-tRETUa!Z@zyBeBN5gaWG7d#5MWb<$&6jyRnHH=Sw%KNHbC>-si(($i
zAj>C>#w(G}VkzS+WwB&ak&DriO>&+VBI>YlE(FWQES&OuB08+d7*CgME^?WrEE^R(
zPUCdKI197+vXPBhF^wgY*|@mkxnMkv7?&~&V_t}eMOnC*iL~Ga^f!(ZAz7=K3f4SR
zHJWYgBoaJn#3_S3oyD%=Vwx=qmJ3<raR_a6Se%B*A_5q6b`sBG)dN(=!OKRGv4s>J
zgtNnDSrm`qUxCA#FGfi$ryUl>(DZ0ghz^sGh_l#%acpEclOjnPVK$G2WH?p}9hL#m
z=P;p#nj#4)SJQ0fk0h3j@gh%SITctZ%9zZs$6rNQKnfHeXGxM>!O+4ijba#)95fo|
zQ^EKsdoOS-w6<wh#34;LF2LNbs>+g6o+NA})P#wM#VO;?aB}Eg7CbFtp0IhAV}Ipg
z293t~i$ivH^6dPt`=^I&c*b6xp8Pa?diazz_s`hytl43I9iG29d410Qx_^4Qe|-Kk
zJ9)<TkAG%=86H3Fu*3iJ)#>5c89O;`43A#D93DRHu;KB+%hykb$Isc1ug}@>$vJyD
zJQ|)KK4s@83_4Uz4G+(tv7^J&gBSb9=leenUk=ZI?lhha&yS(aXD6p@pS{{YJs%#t
zez||jUcEkjb#ivd_K%;k<CEjz@w3z6@$<u@!{hUS4UgIJ2|N7h@c5jaz1V;G61r;a
zzdnC)atiRVgOgW3pAMhDIA<?TUOqiMJ!3x}vX{gCA736)SI0lIgO~fmqYitzf3*Mn
z5Nn;Bzc@T?Krw=j{q@BmBtd`s$87)Le0XvU!#FrOK0n<*IPb9Ylhbok^{>OT!w%a&
z9iG92JUcx(>NH?FPo6=M;W5-ZKBQJ)s+qSUC#U%R`s~m&$eteVzZ@PvKZD9JL|r&&
z{NdZ*|L^|h>ij=GIUgSUYmWb$&i|e5&C2=T-~Hj+`TsTk{`(^x@EanX#HmmxKx1#k
zU!$=vi#$uS*^(V%jYhZhM~6<B<$~plw1{VdMPe?}NU|(tTvzX^4mX2-(0|ZjW!|Iz
zpu5@I+-f|{Qg)DMQo09j#1?5Jay)Gu4klp3LVCsi%-{2~FpuX2li4B<MI#r$he$d!
z7fFKkog)yA#VeizQ?pdF5wJ6?i+SppXERaoh!=d&m=?uc4mLI>aWP$tf-swHgqe&}
z@h&ck<%St?qw!p1$9yJa!=I~c4#y`?SZOgfCL&{D5{tB8Ax~K@c!b>3Y|g`i#c3oy
zut?<bdl9j5p3O`LER2g-$o@{R*XuAI&Em9wkVQi7pB)T`#D0X?A}#XeFdb(BGZkS-
zz;dWz>WMzc1ux?Ff*oYD865Td1<f%`*>=!l!?X~2%GE$x2M6rOpCO|?XfznpQ*?E8
z6--2yLRY|2Za8_N>LR2bFk3+(H%7~i?Vz_o^X2fQY7+8n0r-{hA}$t@TBt0Y&=;^s
zSHLHR@eJ6Ngoi?Q8Zm+_8KCILEEQ^^0DBOSF3$z`=86Ggr4!j<GRq4+%WSl4%(M9-
z;lyP^1v%w;Bv~%P4E`N03E$#e7Qm_jONC3p5>XT)57=>L)}Wzl0rxjrq)|c)7&2?=
ze8v>b4%l$amf3<$Gg)Y6HOpBp><(bOf#_1iqePe<x*BP4_BxFAgzCU@hup3)uySge
z5JeiLEnkPZQ6{iCA0U{A;r{VHgZ9|ppuwlS;3E#(_hlCHq=7Ue%+mKF$1S;#g7zy6
z)ZNmGzI-nM{gRF0!D|FAU@u}>WO)pYh1q+Nb70&p_dm}?7r57m=TZET*#88&W;4N4
zM2HS_n2RxxF-yK00L3WJuB6Ces*kfs1iwl)TEs~Na7KEm!z`7HnaKa$xh8%7!wPML
z(?$BOd+=)i<>}e0gWy;BRnGt2-L3NZzt!*Ud^`WY#^1&UlX<ui@j`UtbiOEpLN?y>
zoDI)T-VTq?&i9Yc*&f^Yd+V3z)Ase}H}|?1zeJyQuiITn*|h(*o(#^_&w)*He*O}`
z?|x_Ny4`-#e$x6IHdd<AZa?{M<6&dGNb%0j-t#1mhB6xhY%PSa%|104Zm@#Qco9z7
zo(pXtK8R42eAr+t9<$aRD);#_Re008V0ZTR7#6ar{R_6Yx5t`YTEk`=2;(A8*_bC%
zJT#py1<%<YJ6_C2B5&!sZChZLrNy*dV$&@V@nt!G>%xFb^&hc5!iFD@S$}gCJc;0Q
zwnt$7k!|B3dhAbsVl9=_@AYuJJ!nrC>-DH$8SbZiDcK%-v(@iV%TL(m12$lr_d5*I
zwtA(1D`^*c956~X3i$chcJPKq)n)yQ>ZsJWH#^%G?8y_>YqLjtY;y|+=Vk9W**gy^
z*}LnrAFOY@-}9<JY+PIXgpKno&t`;h9hUHsNL&n!Q$%65$69T+_n4*Pik<RwA`bIB
z%Ucb`7`y!L6V|(CvxO``@WKi4;b;^cHjdM{5KPRoaN3>4NfJu|VjeuHWWi^1Jotxa
zCoJTNfO8E2qiv1HDG0n6Pnq~IPvS5x*z5BHmW{_!6v1VKF~ovI6j)EMAMKAgg|jjg
z*%-m0!7(hz_HaCq+=BlF^E@lEVmTMVL=<qs2O&=qwHvXIYbFvYuz4t#jnyv1otNUY
zH|+`pv3!Pu*G;VG+-~=^?Gyio?bi{OTenWdifNu*=>=|4z9u+j@S#aPC#`n7T~}G*
zJ*~iXqai+kWDPshXx6xX*!WkU|IdGX@xz~oKR^3A=YPN7+pfs}w|d*XZ|DEl_={%-
z#}1F5504Mu{&aYHHat1*AO)Mv7lqhQCkb4bOu~x{SaL`Je)(jS#Q#{t#j<gYw@}s$
z6ehj+;q=dcIr#A;_*FI^Hk_^^G0BA(rf2aag=WTa8tu!u2n%dA&GH#f;*a8`zQaMP
zj3?={EH`PD?uN(1?VYWko>O-X#oCDZRLn#kOW<rA7=Fy6B{X{&Ch@$8!{;J9$}$8;
z{X8px`qKALA}q2TK92Z10lOG}pJq_R=HYjorEd@a$DiLG9-KqkSsaO6@I=?4(gygl
zK&1H)*{{?6r)-b)@AudSJL1JOcr~PqS1<RE56{owgl;hQiNRfZz?x@^wAo>!ELsk5
zWWm`YW!D|I$dSmyMZWZlsl-yzpG3NlenCtsx5)ESDM%?5`txEQ7b5q|sl-yzGY$l>
zG!9HF6?~oZ3V@VWDtIjB#Ud4cNtIYC`YKrznO_i-*mdK=VMv8Smy<Cb4N$s+<k>y+
z@yOjXsDjkr;j_d)798%UJYjnlxl~)~_L(od8md>e=iywdjBqWe-R?L&IE^G(3a46S
zbF~n`c)`=nmhLE6c1)+ihc>$l80ogf3mhO+lyPe7ebfj$UCy(@rhjnSbKCydR*gF+
z;3ojJgMD0k+}141QZ@1ADTge!SKiGne+k;<P6l<;0Zj!-mbMXu0i*8<Ft9`*0I(Im
z5DjEOe1=PIXaQ{*o=z4C&yO;A3SG?Dp5i?|45)grWOvoC_a9kT{rqSXk;XB$98|MD
znDQT-MyUM9K{ab>$~&EY0IsKss1Cp$!eZkquom-x=~87&V+Rx}CoQW<A88A<HB+mW
z`*vvW_SLN<F6};W@W2Qf_lpWS0A3K%i2a0BwztYMG6TvztkgNq@?wgDCR=j_=2a`7
zWeZ!G5NGvttitDea10slmX>**@KgW=P{&aKCwQwB@-&L6*4|@gz5*bz2oZp0Z{^gA
z=7mc)qs!OnyEMB>6+!;)6a0I9>8@#s7E^P9vj#M!&RRj99bb91RI@7<w0_ag=0Zd(
zjsaPSxw=mGg3TSfOGYGE+^gxzTsr(418zOl+Ff>kcU$bVT{1C-)AUQ)ySJh}yaUGL
zvB*Ul0*KUfSHWzq_O{4l#1FSpcaLrD_G*egV%>7td#0?u{@A<?*4ji$LxB1#FwZ2a
zIjC{!6Qjc<tcbUug!v=I@G&e)KX^euuueyBkUX2@JQ4#+W{+4;m5L|npu&f?;HU^>
zvY1dQVr~Z>lZ$1DQaVFW?DUUW6bo57Jw})ej2;S9##zo<-tNoBdi&|kP1#|V<x!mS
z0&Cy6NgnFiiG>X23pphs&Fl=TI<Sj7ZtDR~x|aY8P}&<_Z90argAz$m2Y8t(LLmj4
z1kr_P^*gNBvA_{k?J#|6cg%TRfkYQ2Ae`-!0+9vU$M)6{S6x`O=k7PvfkUmG*{#g2
z1>UP*z`zlje$>fmD>-DnQ%A||aENx7nk$`*1f7qVaNgyykY{lkia&4mdc9VKOjaor
zihy39AG9{b7WUcifY`DP8yQIqyUVtAcQ$w0b=%-z%JUi#?>ONT+yy}pkc662o;+c1
zE-oHcw~N24sLG-U4Rzyqodr&Kkt8~CidR}E(a667;3ocpC()n&M8c%NJT!t-^?epc
zByUxj=Hb!i`WqA>7?M~@WiU43vUrg#ayjs>jFyA7BT)#!%!B8k1eeLzpbW~e=@OZ~
zybt`le5(!x90;)bHIWW8p`N^;Wk;z<3=KXPa*-6aGzk+_+qev8OIe6n$C)PeTdIc4
zVo_UEOHv-Jn@S#wB>9nt@7jbzwEvp(Ea7=~%#&oq!*|WH(C|)a(e=u?O{5tLRhx!_
zdFKpCf*qpTab~IG3_zum++*MhL0VK%tuuB_KS@UL6FrO$N+KJ5zPN%zkKutfe2V1=
zb$&Fky8H2W7dU?V`*(l;b)<G*L;l<A@9xydf49ELf4{Q)x5`M|Qo>5qOg|hyJ$$Yu
zL$8Kx0~nASM4B&7UY{MlJ^T6W{O||`o6W0fmH=<l1YMmtTF9m=g7XimUl&Qt(*u26
zdGZ&w$4c4Gl_?MD6%7uO``cUh`@wc^mv!0pZg78V_lMmF>@F+diSqtdUvz)KFZk~s
z+wAqWwoTGqw#B+^=Z9U<eV|jep&cmG@9Cr+hvjnm-hk^*&*O(Q$8Of)WPA#mar+Xq
zp@0L-dB>jI9#dAs4dTJ!$U5*R$n0{??!t1lJCq$}(x$PyHqmsY@{|~a_(=CL6d)%h
zu#>TOKUxK@6(Aa@%AILIAP*#%9td9dIiH0mW0!+mJt=g`8=i~ZW&Is?ugoRY@~Miw
zsW7V0J@6zh6wcdv=-kEDt?Vr9C@}1lJ#;!zUC=x@g10%~aj9at(0m%3LWYMmWso_R
zVZDsF7K;dD+8x$)vC6|8F_$20!0&>mt@$+emK5@Rgd!fU1_Xeu%VuGlJ>Dak!%Ao&
z!^*8Z_KeGrc&VBCH<ICCeH&CRt}iyzr7G8Zq+)RUKUm1Qg!bTRKJ{-ms1m5?<v7W*
ze8tFh)eW}QgX!9GWhVQ1&X)nu>eeTgh;&j+2duxzt~;#twnJ)uq<v6rn;^KSG%2Cs
zc1h5pXfTZ;_V{rl<Rr`(X+B;fSDQU%ySqkksV`Tz*)Z#I)j$W&NFXdAU4{;uEs`Rh
zC$Y#i=MHFXx6M7J_3+T-k*47U@AF0nMaf$rpC)FH^&YC9kJ#?E{(Wzc_1oqS=f1Pt
zyw__M12<FM?zgQwM3(KXCAsU{;rRsZt2FYJHz$0%eG%Q&ZFp<0o1%?bS#76JJ$9Zv
zb!Ck97_d#5M<H816(5T7I<kAtlC!(@UDQHdCpdu)x_~XTrSbF!y&u*W-3NA^86gxD
ze`u0iJOUw-%^Br_ztf-BjoKEjUFp1S>dEhjM{Ho0#ERX*g`D^Mu+!8=0v)bCkQrw$
zVxdi^&~C58HfsvGW%`>d3T?TCcD(Ljfiy&WB#Z&=G2MSDshYB7Qp)cg&cIdD8|PXc
zm{S4UwLiDq%X<*3LNzn4pmq<8Ri!q)QmW}lu5WwuHcfBUwLEi1*6%yNHyeyy)NwdU
zBqNm^W(CQoY<g%ie0oU|4MzssTYH39u??2Co6Nk^(*0t<J~8TY;Plr~eOz~#7WWK@
zifieVx3P5FHBIU}2evn;9Nq>^+N3vtM}+AS_PZ5{RYXF+M|Y*+Rk#i8<7C{jB0lC!
zsF~k@*aMVJf=X%a+glScKus;`B!*dvHUj-kD?yS0Nx;^fl>N=RlhV9@=O_q-Zr)(2
z3s+Jo(#YhtR3p&FA6b9%!lI38#!6y8f2OLA^cBF5Q%#dq_jA5N9|CH32|Q19sZN~Q
zI#%lI*8~Vvy+_pL=g+EZ)V|e-V#ZfOp#CO`^wd=wR2t1q+n4^aJ=W}jF;zDYgI&0u
zJ7PfZid|9Mf&}8iYPG(6+=LWwKi4XTDQxUi^vb>o6#w1je~ysntLT6BH!JeL%^!aF
zX8-v$?LX8bgr+R}XRi(q&flK@{OV9^8aBf${Z*YcP1x2=DLxc2oMHI!j|F&Sz~7)`
zt$t>6{c70+Ejrt_RbT{?HYhbuyukpT5VL$VVD~#LS<K>;=gSlL?)S9vo~mtN(KUB<
z)$LN%opMbDxUTp>SNx$=@qVeI8l|p>-0rO^I&)%c-(NRWJ#{Z%9}SQ9PlvcD8+X}%
zzkU1a_37c;x9si)9^q%AXuVOop!C=cMkUUQ{&@2AhT5=d*Z};X_j3HDl}F)2sfS`Z
zs(`{Tqvwe&C{0fIt(7(5x6#Lh57M}70EmW*kz&qsyl}R7hmBlONmRWtj%2IV;-H)Y
zT*20EkKKd+tB-cQRtf5>uqRl&>t+m`4`1yN%s}XAuEkMrm~s24#zvGhGD$wvWIe(5
zys^2}UpnGOU2V$cON9n(&sq3j$|b?j21cTkfsmMo?vX&zlD_&l3M7$0lM)zPHr6}R
zXU?*G<W930M%SqvAohAJ(u{wIXQ=k)j^K$~$w6<Ja+{ImBZp_oM__KF+XHK+J2;@v
zpAoi4I6SD+wpRu<;!jSixUJl~fWuosac`k(o?xA&H2Q3CrBON^<2Wfq-a;iLl(2al
zjTQw|i80?**rHy1?H*V(EfDNIR6id%{VL{NXSpo3X+W6<?ddYC|4^sZHl_0F1X&=V
zur=ObgBQL?X5<&4#x7iW%N-6&c4t&(!pkOn-X>G}Nt_gVM(T5fTDe~1SZh_&p8j2L
zvnotFGdr@hJ)t9ZkMV#sz^o3M0)pLRqe`BEOrNHxEnsCve8AMetYm1Q2WOJ#l)!NX
z&gOt*TL_N|DwE|So6hI+WErQEf!(>KadxXs(=KL@Y=c@<)vnz(dU#+2-%@0H?=j<0
z6KFARO83?R8gus6@)AAj&_mxi#<RC6cwS852amy0pn1jNC{f4W(aF>Om&0>9xZX5F
zj_PI!lpDt%L<B!(i-M05p{tw?pC20*gLL<j#bm&m93BCiN{B*=|NBmoNCZe92TVam
z4+UAo6I79L`c^7g3C}4f;!D$PvB-IXccB66!`yYsU=)0jFG_HnyJ;2>H8o{O)X2+V
zq#zos1!S`pkcj}72R<Or-82gbE=?H>J@2=kkF8oTLO5G;AB+Px&4NLw@dYchdP=ry
zVM#>h1M<=&+=L!07G>33?9}%EKF%j42!3*sZp4h0OR{<*cIzi19_73=6;9F(nDOOX
z<%e1*WSHgixHKVWUgC|&@x`0vemy9B5*G!}<MP%$t7P1SDPO#A9<10m^E?hS#cDfS
z$4|ZyXMW4>>Gx_u;&7p=%+S7{dIRo!;Xdlu6WMtz!!ogd<)+<;H@{&kp;X=6*x(#`
zd%S;yM;9JS!HmyaEjSVJ(1ahTJMLbB>cxvzkXx}XhTK)6T+@azE+=zxCA`(jyuj2{
zuTUO$46qJCOj*%>uc&mae96Yr_=a6+y1rG#$;FdY&)}QYa2U@6cW8p^XXGGTB$4t=
zBeUeaVC21q7Q>qsNGYkfl$82!&@;gzf5g{%Uoq1av2@J0^HW_R(DK!=Zz#I8jB<_b
ztY)v!RMjv}Xow1vr+*Mqt~a)=%yFF+Zl`3<`%S+4pDzFX%g)j1`N3Zgzmor-o!)l8
zs{i@JH~asuDgPbCc`>yPfPD8mybwP^{+TEWaDUdq(k^*cZ?sx*-zd*_jD><@i^Hx#
zd;(2qYVA}mSyYsB)U#=AR^<)4mimA1*3&1VZZ^xEW`gfMmmby(#0OD%8S%55qby4V
zPuIiJw3V#m7gaN8mh7WIo~G5H_E?PtiZ47gv+Woul?vn3JFP;lTXj9`E1d1=fyl)i
zRC2&&@kD?xHD^H3@d^`~8s5gJl70Schy93kAN0JG$Lv9`eM^uvkRwrC36Wx3FpLL1
zb(YC8v^7(>0$e+L0G+8vrjLFaSx(*nb7f`?(9j-04gXfb_7o6;z%{LLAIqPxPuFbV
z?_jNR5Co3#Q(YaKYipQEuB%W>4zwx*FwD<h?ms6nPb7=(gwH{^13$rQBK%Hf1^lB;
za6m`gH|TLS#bwIpa+(#-z=Edro+k@WHm_76_LTl)Eb(7m?g=|V7u#Usc5;=z%Cou1
zi{(=x(feSQQ$c_U+iA9+1en4GrA?+tgrj+3JRN~()SwVJ(VU39MFk0gsLmr&YfxX0
z+3xmwtRWLQLsUTHJm*Ug_H(eblm*+}#x0uV;3gGZwku1!3f;jW)d;F<ls&Xad6mKk
zbinp*JFREvtcesq+Inv71A&@UZ1axm+zF->(I`;v%Vi4+InM+)&Y9MB$<kz5J5AaX
zsG2RUWrSA`ny^aeDj8+MnB>xzavg*HZRM+~nu{A^J@NRSh7|G?E<1WqqpX-R(*aTt
z+n{sk8T~8jz5{2&(*@Yzf~bF>p>nWV{Vci3h-ZTKA420@m<Z$a8w$<}T#D_Q>TM3Q
zU{k9md`^E{N|6^&$-^mitk0qj<6*JjN;lAX55uOjF?+L)uIQ;oog>v^X_W!YJJiQ-
zLOxicoJTSE^#@O*z$B3ukt`<ytxX=Ao@m~`TGldccz1KjAtac!fsg9MeY?y3?{)v1
zi0pT}^xgLUxA{Y_U%CJFx3;#w-T%I_{a-EFsF(mc(gDW=a3Zn|<Jen0^uc)oZZ8!(
zwfC4#jKBz-TFv8UPn+!^7wD3^wejYcMQ^Lu>%u>~<BN^SqQjcac2Hz5vn!Dwa4A}@
zob=Z$PDS)OPg>wU`gNXkFiwnj#9V&&NoCr8e%bhLgPOkH`0f)_xxVzy5apH;98-fa
zIeLGmRxR~DU(U6snxXRXX}qX^_es~fCXdvY{uz~KshG`+rDAa$##DRwA?AkI$r{&{
z3lS7~JZrTB!xHw&J)~lSe#|vjd7ED99B`iTak&i*1lW6&WW)&OIY`YlAEyVa&1)Pv
zb{*f{_GZ6{>|fK-oIr_uomZ3?ZZ3K_?qRL{fEr1G!zmiz;N&hX3shJG4kJ*Aqr<W#
z&Iz-<+0k1JC9Cd&7#`5GXz<ntA<vL?M#z85+~GZrwcZKRRk<Z24#gezTU`s3bM`%G
zwAECfZfCRsbOHKu^U<lk&c=_Xu>sMoqn0{y^rf}Yds1bUaUGkx8I?YQ+J}R&2ukr0
z155c1_$Y=#U2)23w#y^S$s0+fyvg*csDJ@A<taxMM&1(>0-4Q3%Pi$PvGg?iabh<9
z{)Try_Ab8LSOkTT1(wD+)9QZIRy&aKN5U}GxW0jEj~4Z_=-(1($vSG?J2VR&R(#YE
zC^~jxI(opRy8;Z`*&H28DLt~RqHKmLJyJVU-A8>37wxP__n<V)emBBs6mL|LRbs0p
z1!pi18Wv@!`6cub=g~!Kh)z&P9^u@oqmHFc^6UyRB+sr~gu1`FTix*+^6<oE7{}!$
zU)D;3NmBebjJ;taXk37aUv_10`sKY3{UD6kmGW#}L%%VbNQ8q}8ZeyefW9h)4AfN0
z;4Kw&kjReef!M0%+L89}>wKphJACS=__&gy+4*tqlB<_QSv_S}O5*UlElzpkLl^!I
zgE%fivqA?LzNSSXZai(uu_(eRI;~Tg0j7Xor%95Hcyd0CRhoI#Rdw8lU3Gunr}kJp
zo71B{X}iS`gXJHKI2Tc1PnSEoN6i@$FSY8uSe2@2%*erB<=HHDee&aC9Pn@|Rw!E^
z@i}?@=5m>a)}9%M@n@N(two;r;<H@Hc?PkE_87n7v6(_F>1-EWF38?hXX?^0sWf3@
z9w#Ci5X(x{z_aH<Dp!kkp>_7J0GvSshi3+i_9%-xHD%pWm`T#swIjCtd})C?jE)`b
zyV-6B#Z;s%kDF=-A-s#XS^|cNXQI`-Bxhb07^LY6f;RJW9NDcau)$^@mJ}mdxvpxn
z#`3U?Cf?j3w!rBO`;SN3eW9{lH#23C3V1d=&Anw;<FN*mUo^#+-+g)~me)APmwJx<
z+gtU-QsCY=`!%5Zi{KQ9L?Q~|4DZHOa4Jh`y<=LgSqo>CuB+}LU^~up0V8WwP5WWE
zW&<jme^|0uH9)`Dj=HE`pm`)yfOsX7uUIF?q<jJDNh+5ZDmx>JJj((4##4ogj~7n!
z$Ygo>lysq|P|Z%q8M_ob52pth+p6`Cg~0Ox;-oTU13tOx*VU&BC`d0CSmlwcRlf3#
z3yaz(P_mDC5AjE_RU_@R*7I72TSRyn1X%;Ys%g2aB~HZx^Oj;Gsk|wvv#(!YD)UY(
zF(MA|))$(yrY_*oh<?4Hm?6zxlMUeip3=Iv6jo47-1!Q~6kA7dRp~`p@tx<6ae?a^
zG^Ox&ZdR2^gwEV$Q>`LmsOvY*xZ;!Z?8*es(Rb@7I(2|QdKb=KMuK1(3kcf3#>G@m
zV_S`Yco$$vZDr%B&tKKYdkiDDIPIE=HLcnaF*6l)eO&vX5-heO!q>ZOtG&XtgIdBM
zP-E-B!>I1?B9Q3Ew5PUJ8ys2|zz-1f?a@x_NE}0@?J={>-@vr)UR?OodPf(nL8OxB
z1Nw8PL~BXXf_1zcVi^rBqECcj^MX*l=~qy^rBA(phsH`<^_8qcODME`0sg~!y;2$L
z)DjBq)D|+ltCwo|SgQNOg_CU;{o-Mr0fcMO0P;>9H&Dwv$;$f~NH-y-pIp!QL5(Y(
zB)2VJxj3Gy5w`4#fAZg(4c3%}UOJ;BLsSOoHz}-Olg`t!2`OY`X?kXqFvC14JGX?=
zWR(W7dW@Ru9_yNLe<)2nau{9>x;*Ftj>(j10|p8~1cRrlTWYS=6lwQ0#HlvVcO}Hq
z0hhp*A{Ub^UmBDqnL(UR&a~5qgcqsF)-4^AW-_4l367-MaB;6PI_ZqAV+T>bn3)XU
zCzXqG|J1De$on5M=OX8z$3M;T!lXe!v;j(ZL>`AG86%VpSaY)*#go_;kNC1Cb($^m
zn&erWE(%eTL56ZQ8RMLX6h-w6i#&x~Ibd6EPY25otcIJ@%`G2UN{jMOp$Z}1zT3j0
z2#;*|F<GHFrTjIjE=pUf+~9iZQ*PdJj5kL}tLU{*OoG*fD4<z6&tAa^UV&6aJeY&0
z4>+>n2O8-S8{}^8W>tEwjUG{!g$LpDqw{7v!1UI}-=80yx1J1I5FoKlQ4{@eitQ)f
z2Lw%Al%gH3oytpB2cAbxG&tl2H30{)fF6mG2V9qR@=LK3f%EJ3*?=6GIBN9lE^Czn
zBC4o*cNtn8l%gT3%zG>10B*3|k_`diK1u#=##!ZJPI1XAh~f<x@X%`q7891=AcMRi
zCWgTktff`QkSB7yI--{_Xs*>1IkzG#$iUsT{}hGN=KIHk<`=E}b0nZKoZ~sa{o<<_
zm<XThmOWv8*44{JFhem=QX14I+i}J+`<YtAh94`5E`B`PV-FrYc)*@$jW9@U2Xh{s
z0dw8j?!W~L`nde=6V*VKL%_uWYu;;KfA>k%G_rYY!f9id+JI+Z_vKiDb>02$69JBg
zLer_ZsVbThV53x%f3EX^eAg8im@e?hSX+cJu&zj;i<FNMxA2x7Y-#(r_>J!URV<w{
zoyP!)6|T~9onGF0nvNl#DOx4gM4AqYPCx(r^UvL*qwdqEsG|1b#o*|uq;_}h#8WNA
zk)o-%yEGxCu(g$7wVGVo>y@qzzrET{a9WSZ+AcA?srt~NWpRd3+HcxcjJH?J&hGCr
zKb3j$L)BU+*M+OKrB;WmwPm*4GJxE+kR7ex9U^#LvCSJp;KCPn@)!cOLKZdlnC(3H
zvUxO;5T3GZQFOC$H;3YE9E&8XOk_9};ky+#Gz?av;^;y#V7p$QA3R$m2~ZCtHXUXn
z-a=rIWu-K_AqGnbD2ju^2pT=>77+_i{HEK8MYzh~0nsUP1l_58({;HJLf%#gyS(iL
zG71yVxF2n{s(Ws_q6i_rvt}~A!&c9;*G1^i8~gO+X=_7KkN?|SOSCM;K`FKe1Rb)0
z7DIvSL9Z9|dc8~M)rQ0KQAF1;sr(19I!?F>OqXr#Vtf;^qx>)4rrH-2MZ-+pLqka^
zYCMyG*vY)_djo1;lsM4(@Is0a%*IZ;{!3Ju5#Otw4?J!2Y>`IV1KwS>E4H0Ci`%kn
zz+ymIE5TFXmtAa>YB~-x5P-pLE;TEhUzDQJT<AM-IL)Lmf!j1(j!31X1n>Df5%NvX
zab>7E_sa9;xt6F<?I@OfJ{R1+L^1`3ZnzZHqy*Mu3zW{OIP)m4F*x?9V}XC4aiOx{
zmkiF2$YK@ZD^Z$D5!b$WFF*We@LqN6;=LJ)#@ZD)`=uCrT|X;mMBthl7#^4a3Dnm7
zBcQ}%<>%OK1PpGfUep%_cth8RpK7WMmrL7@@Jy2f=5^}?xT!caRVM_hqq^SqZIm8|
z>!k1XI&yxH?-g(TsB-T}H>owvF2w1Caawdb3b~Ropdh%+G)SdH3y;dRhLmNW=PF>R
z4MF5*DMKvNu4A3`<cVdxOU6fT_$un45|(PUu-8?3U{_O-I)KCywd5+p#)VrbuS(T(
z-UdkuA{Ahnl>vk6TYq!V!{@U?MNVeU#K1-<#W8ab(?S3^X?q}}RO^yg3kl7Hx<+tt
z6<1z*EtYz1JAs+tsYf?*D+@TM(;DR)H@9ji=h%AGY1;rqnrfhHS7#$R-*!p9*?D}k
z{{Z_Btz+{w?LW5qJ3Cty`;Xmk{$Ibk{YTaQ>t>s=-(oZ3bXkc`cS9_?QoGN8eDTAd
zhd)27wClT^?$kNJu6Vg#=fb+;ExY0X+q%#8y=7NmcA~5KFvB!H%d=Uf#=)!om#1g1
z4k|U)xr`~hm-%A1Fs@IR8aFc~Cp0UZ$asEh>O9BPx|z9U*fBcxZQQZ_pFu$h!i*}n
zf&2gG+k?}Sv$Nsx^S5XFN3UL@7pA`0F2APNNDvY}5{biawn*@ik{8r$jC}7ZjnT{R
zK4JZ9=Y@(agfK$tr6&yYt`nF)&$A)}zE+D)f{-VPALG07k~Z_7(SAEzIy$-2Ud2_D
zh@Oh1;4N6D4lA;iZhBj-B4b@#&UUSPsdWx|-H6gyb)|z|Ku&``2YDtX`6)rKp#{$;
zqHrAUYN$J|gU}sMH#yH{=fsOw5rnEYbvNuPPNVFKG?rXNe33>g+knn1Er>L-4?G5h
z$GV~Q%zC*oT;VByFK914+G9mla%xe*q0&s<a8)Xmu6HlCvM=K_72_f3b$E2628t=F
zyVJ^o)!SDg=4eo3!kj<d|M}rMcnmDA+Tv}%$i+Mt5`rn2r)X@3{4FGcgH#QqHx>sf
z;Eop2L=@OOY#a*LwQ7+`%Z-T-p%9ToWAT2k)9dxRB=J+NIXdqYkWIu%tECaMYw#SN
zQ)vS3u|9iTOFI4eaG<ri;OKrB`$w0%UYssUZ@CX1s9UFsKi*r>>5A@{=?L6RxH6i=
z@qFX)7m6Ghp#_5CDp0R><#Lnt{^5KoKzl?gY9=DaK^>~AkioQ6@)zMek86@zp;n3K
z9o%`5&}7b&M$U8bKF$_WQ69a(<!tN=HV3VW!2?rHq*0ts4nOb^Ubais(BS5Y^8Yfh
z)biT%d~!976Tw;@M32hE%#(W{j?UuLuX7Jkvtw#HD~4;x9($v{ak0vq2zM%OV;;Rn
zALsZ6=&zKHXO!n6ElRUj_)z(UT%9_$eqN0slM&H*`QV}Xft~k`l4%Y~t@w*j5{43l
z9u#hWF6gQ|aB}39540rJi?^e~IZo2Lvh=`Yi+H_wTDb<Nm0X|k!jUq1P2;44mVc3F
zlbnOd#G81~0l2QHjhE)%n<uk?D^|s8-e0Tguu4NNE#%E}z77TKjKNk-z%<^$CB5Bs
z{$f7I{K83BN*5_ek8msO`J;R6<CLc;jy6viy^REX;Qz;bK4P2O?zit%-ZH%rsqME2
z_<IB-oI;xqYs;2)93_@C%H5KWSr0MP4zX<}g36T?%JnSzna0{+EnX7vJ}%yICimK-
zBqa)Mm!(Xb-4$_JDHn&I=<Rr?BGdin_EO!Je{8mt`^Kxg@fh++o-O9Xw8+i`msu)X
zrdWqfxaPUHd%ZPIZB;pB%5<HZ`9oduX7-REt9t;|z~U3A2D}{E4i^W7@z_qli&nQ^
zJqD0+s5Sy#*w=8@)r|xRmu|+RJu_b9Ssf!JRiU)D`qNs0I1K|P+5T(K1U-b(V=9UR
z2PRj&9o}R8PL*H}*c<)ZF&w~%5d*h>n+LFYS?hxiC@AW}6;iO7QxXS|bIR96=-%fr
zZRKT5*XXb&%CS%s<KE=V<DuC;w!tp0kmD#|Y?Yf!Memi0;>B!5$xV8H+zB>!6cRX3
zLD{NW4>s#+)r=Si)M3qIUhsrbAdBifwptNKS6|QEURU0jX`S?f-ljXeCf8Ooy=i6M
zf+sKWJo0&d6N!i!yl~V#5dJ-n|6W<0Seees_Hk<3<_z;5r8IaQ`*rFNTY}>eQ#LFL
z)dy87x<bxjfiN8zAxFDiwq23Sl*<Av<)kk`0UN$thrhwC+fjPz?q1>~oYetlesctz
zk!eR=h=12mIy!(2+`xZyBKdgPBgh{4+5gh8G`9~70|BB2s-tz$Vn$eQ<d^#mA!L51
zh%W}8lxzJTc>*`8nqW#J$}xHn5GG-ucK}8yFkd{*&2MznKVZFvQh0DzGmFr}<;Yu4
za&fT^lS-?k0DDt$Nsm=vr2{p%3nP1QV@gqVKYo~sC~*7P(D4||xG^Gv`BHHS{=c3F
zJ+50%gj~#KJdZz$S3J&r5(BhqexO_e-LGQ{wTZDVhm4`A^yo%y23^w1zCl8x{cMzM
zjjwCS%MCQL<o`$7#k8Rf2bRWTz(V_tVF=A91{XA6Hez7?iW7)P>j<*80^tpP<IcB>
zRI+zBZ#oQSb6_{Swo)|{u3|@H(|V&yF<vACl^7u0?4JHqqg3^#AliydSsJn}Y)9!u
z=YX)u4MQhObOl$St%=&GlCPG=HF8%-8w<bT@*b_UTrS`>T|Q&^Job*)SmFz2+2t4c
zie2mK%h>Uv@3b0~Phx3l*Q%nv+LJXo(G=lNe_C0@AP`(zOe*T#JON#r@)MZvHcyhW
zR@KwokL1)``8cy)(;W{>T5ao3e_~+h)nsw1oE6n+g+(-<u4_Kh3zJ?(>C!eOLmlLj
zymFqWlTTEzL%Kxxn`Qtf;JS2;#0G|_ezvE+sPsd}J-!Ngu2hKd3*XSu7ryt1-f|jr
zy*i=W*Jn!m)c0$xIwkkI&im5`SW0AYtq)$?wX!&ppy%}F!Vf)3kKmprno%L6r1k#i
zb#(<9eLEZ*KDyg{`gZcsgYFC0VYzDaNk9SA^{Yn90{evBQSI98q!QMv1?sr=V6CAb
zw=JlI^({~#ut0J;)K2`I79gozlLpgT9djw(!HNPVTmiI8Yg6|0zP6FQ+lNkQI&Q+1
zz#Mc0*i~FiSzJh^gb6B<#`}Mb)8cDShtncg+hDBHJk`FK%^TK=;n^uzJwloSJ-kv!
zRe#b1WsNK8Rr{x7+BDEQTQ;cr$~GXVG{8QSCf<vD={Ur$X{zL2`fDwmIefA-4tX-P
zluQ!~>IEmovG0SdgDHR%>5^2f6i>nC1fIKbgWap<vj!yX#js38EgbH=R=TTQ4&$Rw
zyD29pM&;#sgQcuF(;aUDz*n6IO1pIQ42%;+Jc3GxkH^2M@|u$YJyg$$5Y`>|3-ClO
z_`p5Ai~%~GQF`z$>*NDdQP}p+F(*h2&H!mvTgpn`>j^8h@jGa2Yp#J=7N+=eb!`I2
zkss;JqT<;Q?mw&;i`a6mLa_QVD4*u4uxnoof*#lFEjiGsD1k%s%Ehj(Qb$USRY<Mc
zbCsl46`QNC4W<6RfTE7;h^cO_T_PdoPKBtbRpw}6P}Q3?&F^OWw`zKu86B)rwa*vg
zE9!llt`tJmG_Q7TDcFLV)waH%I4rKqk(Tzc601kFkIO~9h}epucC|DeqlVkAHnG^2
ze>LWVJon>s>kA@j>3KH{Pjj?oFoU%Dnk3OLIpMaq0Ebrj%|+%yQ=x2rV@1wW85gpJ
zt#+7&PhSCOuCA>~gu23D1y`I|C>!P~{LbyqJU{v4=0&?+_^j?RN}yKgfR<`H&D(j$
zl?e>05)WNWEt$GdR!#yfVqPspHU}NAnG(8tKdcrW)f9H5F9x|mLWw@Ne1Q{J04vcg
z-i3X@=Tk1xXGco~#n#6ce!}ziX0U^<XYm`Hj&1!A?3nYrc?=$#vMg;rELGg~iv5*;
zfP?8E7cvxSQ7PT;Z@R^wVJP?ivEVs`DXkRVscZXrJQ`&SSt-5Q^P7hIM=ivg+ofjH
zwaq^8ntjPj0GFC^M(znpv-A}#L94ufZnY~2mc6<-oTXPA9B_y60-j;ZFFFgARozN@
z<6uY1Bq>Q2Gw}9{(z#Y&+y8}`RC9Be5?&3#PZ`Gh+F+Y*P}(xmX-W474CHQB`F^ju
z&zzS}mx!U>M-iHPlXS^k+a95n%|s;vRo5{f)uJ802@@d-sbf@;WmtwucW255-bvuZ
zHY&3Y?8ypZ9JL*(%)n{cq&j1u-hGBaGYg)1W9^&r0-p`9tMOaET>1VMrU|#w&%fDz
zp{&90i$-g7`peW_r&V7ZA*cK}SvHyQ4FoC{6eV#gC8^zy76s;XUTt4cvBEG1ns1Wf
zZj*n)E&(&#0|gV*QHQ26iV3JQ1Nk?#uq)Yr6(Uc0(wzap`rYin*2jPC_xnFo;=gWf
zevAL}we7$D6OE?6gbM$27ECu7CH>Zu;rE#H(!joe2;Y*dI+WC-oc|#-?%UrN(*NJt
z1b99D?``ewl<EKGcCY`9{(oiq|7FIw@NGm?XQ04#JM-N2H2r4k`p-l8jY_TB|G5Z7
zJTHE44*+ZT|88$*ce}FxH#fi8|9|cM|F1Pb$7}4ZExQp9yAX-QQ=^&lT#8f5rEn$^
z6fx0_e$^W>WR^Tp8VO<cZa_~Z5CjS2?oAa-=`DtsAz`_%f98h!q8@`t%ypb@CqYN+
zURyQIBBgZTCZOS|uZvQJ6bM`*KE%cHE!I`gqBF8ZF42Cpr&Fj|CjlB^d!_L@Z(0RM
zM~Cj~EqQR>1owwsa6H`m{HEW1aPdoY7km=`68sX~Lx;p~#Nh?FEPjFs8%y`$72o9c
z;8h%?1r-3Cum=i2D)_MU^5<HdIu8D(aUtZKlg+u)ma;)q)A9&WLcbb=q7nN)e#w7H
zn^yb;1>R8c3s8xqiblQBou`}(r&^H!h`j-r7#w8ABX!IgKq#k&d-uo-==aU<+iHrm
zb?X|y%bLm{8|NWe9r%sAD#=bM-Q%ZnTnHKod&2&Fc5)oxW<zk5Dj<%iqXvXdef>~L
z*LB?m@arIp#D3B0f&JRnW_he-0CCIy@=LR-Kdls-WXQpH@|w}=BGA&JS+zhzpX*XJ
zp@v5db<CQx?UI2R#8d2bAMoyYzx(Xs)Asdu8x;J7T5DIw#T*3MHq&IKst%aemh#T`
z&0l`m7>(1s_}(HW6|MA9ifd%E98^_Gc7Ul!t_-3A2>0$0g?Q}KA@FI7wCpkSX`Sk$
zN`x%ps;$`aT;~<pJM?<zZZNwkR4y#nCvqli6W%mE11NVtqUJ0Rtg=S^yBM77`>j5)
ziUtGL<e*^SL?3~mXFy!>?a4_Gf}q^YCkO!~2erOn!RcljZE!zbmv!pxy4x0UBN8oX
z(bN6Ih8N|=>AdUAjITCBX^;0X-jMlzw8xqcoXJyU9Ie7oxLKl3I@+QtCO(J|w|@;{
zn{%epX03slvdl-jQ1Hb1rU@_T%?@kgnBfQL!8I?)XS$jElJj)htTtMZ$u&et)%1-q
zRKM-IZQ>)9Dro|TI=a0e-Ce2y;f7Kke+{W7Jhb7M%Vc_-Q@{Z%_r@#TWqm`vs{6<B
zCxRCJd?o_GZ(nWp32R;>VqbW%rl>d~w~Eh15}YjesAB10B4_?0jY=Vts=LqGf!W+8
zd=9o(8g6!)w`$k}o;6ePp=efmsG+%~Q{#Hwe9(S}O>@)uYk{mC`^^AU)~|X*QJ67B
z8ca0eN<(6as%s{ASa~v>VmyjULG|j8Z6%k|95kyPTsLZ$%3_%=NPEUbd+!9RLZWPF
zValO*j{)+b@K|M3&7s}~Wj>~@l(!iMD^xSSiqY1J-q+=8iFP=3ynnv`^6laAPlqp0
zULC$YJ9u$;v=4*-m_;!UWq?muU6H;QNj4Wjl=E@Xecx|BbgG{o9vlu|o!8V3c@nB%
zRbAb4Z4*z2`_GS0&d!GiD`ALYK1nlK#9@6CW)LrjN5gaQlBGg}k8>eDiq<DKTB7sT
z-JPAS-43w^1J>W{(EVb-wtEkD@uY)B4^K}|PTwA!JVl3FtBy(Vt?gd|I&O-b^11Mn
za8-2@?2=d(A}!vME~Q@<_8`y;OoZ^(icP`q3iE=gixhP4vb+${TOH55k}($Wm?)Z!
z3vaMLp6(w%T`}0d3jWTC`h~W$hYBmSzn?JSQZn(O5a0-mQc3$EvPK{IB80H)blq_8
z8fYEH_S}g_qCh2|5IzsebF2L5EaoC_U6MtwMpm`MC@?IxejVs|um!~BRhKl(a*|b0
zoo026syAo0C_2$JmK|zF2MMEDIygE0>G1e`cye5Wjtwsc)I84;F)!k<JJG>RaNTGR
z3|O<svpJ{+H`VJ#DvDQD^{L6{a}HWf-HFIRCnb-=t_YJDo6N>tR5LLT)W#C43GcpH
zn$4D7kxt@N*h&+Tb!VAEANX-hyQHa9PkAb`g>?IaLftGM#YGnZ#F}JH08y^EEV?|6
zy6}S2&GZva(-UvLPUB+0n)K{1yKj0OaI}VH(7@Qqn~S^~@#RD89qEI1tJa+-3)zJL
z1hU%;Hg}*H!J>7-nlt`umUq?nL%B!^co9#g3iv`kOtUUhhGs((g@coy4o~-=AJ(oW
zXbMUR>Iuk#ga3zaE;LLbmqK>4G$Bw%dB!2;wLmps2;G$x-B9F3JdQ<VXYTMrm@K4P
zWC5NmV8$mopHJhkJI@j!aZ=5)O|v}yn5Eq?i_<WUpl@sq6-v&QX~93J-gw&8s}G3P
z<zcwUdARIO7Ch%^A%q<`$;4DJ0n#plA4eKLnnxlJ7b=EX^Cyumq)O+x`t|3<95_?@
z(8k{I`*qGu@nbPB77BBkuaZTPsq_pKqyYm}{cNGX8y5uPvzPnN5kliK9JH&nPxTH%
zC*Z)OD>dQ{E34_KhR%mahi`AynyTPEcVZo-i0kMeo1$mu!<UC||8n^A+GC~p_APo)
zeESw#(asd%!=a+h3pc1DM8S6Gs+BiY2^kghy`3z09*L+$A$L?0=C+`1s4-Jr&J_ou
z!zFtK5f;n<v56{Dji6XA;cBl^l4oC}WTKQ&x;eN+8RGb<1_wsR8x*9=XNRjWoMfrM
zAoMCKG*6Q3>ZyuHp)}GzIePXe30Qf3UMadHX86ZtVUrz$+cP7PgM)vwB<H|1dp)b=
zdjjNg+Oz^L)1Y0>IsM-w7aZr}Lvfe_O609}An=#!-@8Rp99diaH$mXabYh7CnOkuo
zW{M$ODcPy-sv_vAFGfvkHXq?yCHp}|L2W~z?ccP6eq&oOB3n=^jgOT<pC`Px<x63t
zn7i88T{-@?ZSQ(@t12qts(9AQ2N5=}m&0d6%e|^YEtYCYy0CB1zT+l%d~;vFFWPO+
z{KDoz-mVrjuedTE(FD*Qyc1Ep(y1q7cMi?f6E@hX7$;CXyGs8emeMT;kl>y2h7F}&
zIc`Q9hhqHcPcF=RWv96Qin&1CAzyoIX2dx6xXIV9hgS9ecI7Sc!Z_-g$r_J>D28Nv
z<wzC&Oxx*zA-1T_6II7%4)ppua|NbmEq^-oiEszoY5QBdcG?i<KzdNYlnhOBG(c}I
zQ10n@<5Y2QOc{%UCs*mKJe!NWSUwdp%;Py+ZfNr~sh)|P$p-qF0g(mU0&~IJpdS#S
zGMZRlR<{|yK{T1oL<?moKx)+<20=|Z7M{ziSn<qS+;sdoK#SC{a=Fs>k=~3SWkk@m
zp00}M$)Bz}8-H&(k9Ye00tfW@vku6HpO5t<wQsefBC~=XnOV2St|*Ek>e)8n8Kl*u
z4F!$>Y!=yR+wVYN;9hWtawDMj*l_z+(4wOpp`mSMVDj`%EIW>1PDz#U>}@$9D6WUj
zQNSttd|;s)I96jQ@yg?(E<McBaXeW#b!vR`s682pMCen>lZ9pEe!w;PBB&Lpy|Pn<
zFw3Lg;GLpsvZ>nm{8^PQyG(Da-D?_Fa%kas_!dbdHTXIrO^0Q3igJlB))sVKptNJ}
zsI{JQd2*HN)<|^v`Lo6Z*mr6i<@%;w^Dc*3Kut9yepY+!fL$JXn!zKa0*St=Dh<vG
zIMn8jDsH<b=+_)jD<_)xA`QnZPCIPIKY)2VUZ&rRBmTi>>g&N<7xlS}BafgT_-uK-
zJW<(?!3)<1GVy><_^O@P+l&vm&oZJ{p|?Ehm!m3h|7QO9hj_LC{}uhs`?p+8Omzdu
z^(v{4O~WRq$m5v`<!H9;#+zT}pAN!n`2YC&Vq-z%ULnVCoIoWRb?4ATL6+og#F>EI
zZEFL+@%LY%d#Ejf|7$%Nbl>cE|Hiu?d))^?_kxs2ez{jp)W;Nca7)0cu)oEuivX0u
z-HZmSR^>5jF{}i^-u<CjV|1jZL<<3%?V!kpXD8}Na@KB5)BfAV>SAkYX~HKjV_A5&
zbrCs)e=SM3lb|Y^XPK4Y_~!7`%8bt)4;PC3k&6WlkU<?S8Xyzl0Pe*&TVuz~1Heb$
z)|Si!zyk_hmq{@LeT=F;EVy{3O#D3~JZ*DLj`18h40pHj$Wc7v6&D|)vPX~7@%KSQ
z&%86x_#1JpB+>Z^Do;5FI(iGEx>TU!oph!lGu^ehrK6Bqdh<>!FFb!HnBvW7-Rp@z
zIwQia@f_u!N4*XN0_iaI9_q`Wq^Pcd@uSVb&=Y;@_C@!;ANe}x^O~NOv#PqNB~E3Y
zP8JEz57u-K9__IYf}uklg5yNqu7^n5GM*y-RY@)3<(hS-0v-0INp{X4{G`_e_(krA
zFpZ@6O~+G-zxR~`7;P>6`7`rU+&fi&bIoa~-L%e7bhlRYR|?~>s=Rtp^Da&(PRYis
z1hp3k6ucvviE}t-HFM<B6X$J-vT8IGZYCTB;P{XNKdi58OpYg5ir!b$Y`TMn7e1nJ
z#^GW|Jq$Q^Oq?FPF2b+%@&zgjmvSsyihuxHK%~Eckx45K8>x_;S$u(m>ga(&H%uFj
zD)FMjx(|9C@H+2yp*`oig)yzex{BL_a2`MHzkGezVdWIBDVnoVTa-xq-EMb1Psqbz
zIlByWd>T)>fT;vkJRxl<R6u@%8*-dvSq|Yn*aq9`wJ)9oGFeQBlg53lyN4owgd$}j
z!HP5D+H?IBXg_CK=z`K4m8X5AX}4hQo7%3nYh8-D2yUFKDHQkW__$7KfbCp{fWNbl
zo@(%)I5ddt`kF*@^lYq;5VGIaPSn~C+L1B46RpE1l~^H&WY|$42V915d%oYJJAPg9
z*p{B@!na(TigP-Dev}V4Z+<8Z=7+q_;S&;=y4f90o0<wL-*g@SQOliyI=68Fw&=Kp
zql8;iR_hW(&ZTjbry2n!%MT#qGgQ>KWvJYqR?Z_d;ElM>#hO)3$k7MAv+<ne#{CCA
z%X^+GFv3p!2K;uNZuw|Ixzxu!Duu1J4OZL&FC101YU>cl+QrZs+@xX;E*#XvQfe65
zjp}au)<aVM!`MBx3+{0ia;|ax3kgyEX>Oc++T&b1eKoxO_Rfu``JBi3ji>qQ)7e1b
zQ7>|3yXJtV5=gXQKaSvk`h7Rc@srQz$r3JZ{z1&`DeU><4!D-SDaXjS^hB-}!|P+T
zs*lm{*9U0^z5!<QLdl1NU$Z!EH8;E`6}ol6BI8OqYJxXz398^L3@SZtdP!1abo>i<
zJd>Z&5wCra!%GJl4Uwj=YJeVV)$hQ(RNxba$JwB(l^ljoqeFEH^v6S=s8oSxzn?vF
zvc30<d}KKfHJB_PA>&~>d*Tcr(5WZ+2;vdi403_)ni!DaQ`0`UggC4hyt8xgK2u5?
zc_GP&9YKgpBj!$_d%!yp>zW>+RR=IShi`vOB6p>ChT2JGp#s&Yy|Z9gX)CBj#YHPx
zunvD+&V_gz(s49uKk8)zn(L-nRu#r+6+ch(?Ys1&NbRfdNth3`gmk=EQ>(Y=7~@D)
z+yM5FFyZsFX*_n5=2;Sl%cko`S2<@!X&ClH;m%pV*Y4<uXHF)?^xE;oWuLaMyT3%A
zHr4-)!3k=_!$Gw1cd)za^)G&jK5xG1b+<0sgEzhI&c!d0E=+OmYUD-U{DFSO6;Bdh
zeg!G6-<-?uKEdzn^Y1=Ev)6-O?{AkK)`W7+wvAzPlc>t;+Ah~e2$EQt6<CK33Q(Q7
zQ9{BCM_BmwUiacINDwzliTB!{dYvsZd(caJEix(Mfa`AQ13~0rLx*+y+uOYkga5mp
zApt$gHA`rNL}v5;{a&TZBREx6?|0d**zQn+m`+V&vKQMCNQ0@aoKWT2B8^OHyA7dL
zMR(UkY=b(wWv_}#G&OES9{>Z9<z8JgE8szv)8LjS07^XS2}%uO-3W*)DWhqpt=R!5
ziCF?#kb>t)4BB)MW@*5h2xWJi<ySn9n(Cd+B}tCs**e)GUOaJC9@E8hZ9PzabHc;f
zWn+JYSZO%l4{kNzH&aYh`~pgY((L}`px0YRMZFh6^re*L%c}HAd*XEE{F^(whKwxo
z5*1nGiHcbC`t+saAF@^vf2~X#hP}uW(r^efx>7f%MKPBHdTWB*X(kJlx_tf&eFqB(
zZY}KhoJ)C?<&pkYfgsh_l*{SbHwNET<}CiQhXh5kd3W6FKDhX_-Mjv5K6baS&7=G+
zUTJDh-&c9|UZfbHK+B0yH~A-ewOM@-+tX9s+c*WiSaot@K3<IrUVxG&{ziAg$by45
zE)P*?mM>C$tO^|{)sZ-2O93@QvlS*ho{6Ygev`$LZC9q=Uvo)u+D5SIV&pk4{OwrX
zO8(tLdu4vpwEKhfN&yYbb;H>_%EP@)F+3t7j>@Jl56cM%J&h}2Hw8-2>vSJ}eI-$u
z`bzSqDW`mMXBQb6atNXDrFmh?0DGCoqXppGsW*H#=Ri$`du?&{gzh?^9_x08yBqXo
zC{<gbwBrd#5y{nCrK#?Zj>vFngRJE-Nu5SDRzD%GHLp_Fswq#?<dj`8q~Fkg6;(Wp
zyrH_IE`u1l2KrL0D2ugf!>>eIonOLPmF%OeN`yTJB%J7svCaW0<>Dv%ReX#_26d~#
zOD%!$WtY0&Hl1jsounSF{ec<swQ^{-L}_p)!yleWHUsQ1GrS9D)lEUNvB7;)Hb60F
z`-&$w)L~Lv!nUVUsv73{OwsD^>g0Af0b?#?<u&GTN1(Osn+&I7Mp1KX&F1O=*R$ZB
zI=VqTY_Lswj3KR@XEanvX~-PWPrTkD=AeZY+Jvlr^D<DE+il-)+N`WttD(Abk@OoM
z4!};W(>h(M%Y0yEl6~XC+s?6Su7ma}U_7VhnZ7hnu0C}D0WZ<`O4kX7L)8h$qn?86
zS)?aAIm|MQdxn>4O44tYx_8Y{+onzI1)ZcegZi2qj>z_sz85K4f7zt>BIgs)Y%r$o
z@MUF@()FY|`|eCs-e#O5aCHUuAgnFrh-Z7ZIxj2_UeZOWZN8(|vsN{wJOLE}do2V$
zkAG8PPa5C^HXxytF~Bt;W8CdxE<sv2S-Bq})llITx(1Ok+!WoHI^ON+!dYY8I4x7T
z4Smm2acpk9w|Vz9)4Pfb;>~gZ_MqtOpm~n>w?VHL^m@I&HQQfwM|5`9ig!aS;k}Dh
zYWhbPRe(9wfeh4pIf*mP>7`^KRNM)A;J+)EN*NDttlPg2@|F8Nmzi_}QrSrAeh+P&
z-Um0++v}=cMM(j}A-(Y3E`_?PPMY(Y=)NV=&EX#lAq!F?AT1jFHIjf5r|9*_lOvi6
z7PGOjz+}|DIO@8}+tM8;egzmbzk{D-%*O_-4ol3d^%K^d#pw6B3!4M!H5*`_#xjD(
z8-gMk_|rZ!m0rE|i@2%aN5~44K2!DGT*m<e%QSjEzl{o))(lp&>4(OuZ@(NK>xLd2
z0f~-^WVG$7QlXAxFS#<-Tcy5}-C^arPSCeELE!Xd;>O(hf`D74$?~GYteG$M5`5cG
zTL_iaqSG}x?nJb2IrVh*S2rZ3`>Z6StY*83p@T9G$Nk^RufoP{8EzLUbuj_*qM2}N
z-{rt-1UY&PmXj$<b=->d{-W!Y7%lrEQ<jxl5@494j%$R!rUJ1}9b@5L<%ccT?OmM8
zjIAx^YFz4UKfW+pTH3nqt>jlCdFcFuII4JTxq45jwAOqRU4{HprlJb+U(tb`r{pif
zcOqJQk*eIftaU9_qZm%*@!vFIVJ>(fJaguj3UjHL28gY6?P)J+yXIEaxm`(QW?@uq
zqQ=%L;TettAMbCaoCt2Bh`-moeff&-%cT`eZY)k85*5(s4aOPOU7i^gAA5bdSk2uS
zpxjIPotBMAQ8s*8tIb!5Csv(TTBLTZKu=dR!a7H6=iI$2*R`69n15kn-i5g=)6?BL
zl*!%Sn&UV00#~J4r`^FQP`^QZ?1qJ`i@t@7gUUAHv|O3n&1+I0%hctL@Si~m>pXR`
z${yF3A-Y-*>SZDwBfIm32?J+&6%igdMrwYWz6iitnW^i=plk)}T>F$ItVU?ZsLjKo
zfx*7gjn)fOrY5Prs1v!~MqVpL2kkh{DiuOI&G}a<(`(I5t*(-7yR;pg!lfL|c)E6b
zhIbyY)hKDE!VL-M7x&`9m9h8Q_DDE3@I0v*j%`p42HSDU5obMM_3X4)(&g$0tQ@tq
z?mDq<^egWY)~}n3rJ8*mRHKW!7-9HC9nz8tx^|cojHv!e#ayazavjZ-nHGGe&4J2N
zE(bpx5?H_5K@hAZf%E`2a9+QzJ)=;~m8rH||43dz;>JuV<#fk5qqLL*=FCMNI*iTm
zN5-ML!UN@u$cx!rMMjVQIkmO>AYGll%TQs+HZ?mA(^wbr&}KWU;MAcJUwdY;n*Z{+
zrfdHt6%EIHK8bwCeX3Y?t@bm0gE6`5hIlQ530L9YgHQE@Z&k-8B?G<{Znib5DDQ7;
z+=b}nRL<en80R-!%VuPu2#O$k*Djm#t?>1y7jsbJSM_462DM4-^^FdAYJ6^2ob6m!
zUQ49NV~nNZ<Boqpsb#D+FJHmVx`36ZVxI6NM(n*!+b+}o$-F6CqbR9nFO=flsW_`;
z&76j_<#k|HU-IS1rW%!#y&}dfg&uxGq_QL|xo~L24e}~QAyyQ02*Y(*=_TS}@x|-+
z&(5*Wu~pnTcC4dgIv@y45p~HES(Ywm*+MqIWTp-4;7*caZLhu1(a&zRCf*6`mUS{N
z%Jc3-^;k3XTH;ZYQLa(te5<~^FkDFWVr=5iIhze#2Ud;-jE+>r8VZ$EM-Tqp!jI_q
zAL`!#DE;r<$NKm`+x?x*a{Q0}&Q9-J{Ex5k2b+%spmjVkWNNACfHiwTKj?S!FxaIm
z?E*z*|Cnc2QsiAS$I(tV8EPpc*<{Ham$s5EfY%r;+253>+AN<0)GQdxq!J-I8lF?y
zJFx_fJ=q-SXKB-{dG<BJ0hK_$Z&4s+o~u=~M)OjwA~u@u<y?(Pr_hw(yD$PW&1PZ_
zFU13`cet_f(GFolM(@=0Z4l(6#RQ-xV&7ckiCc3L7t_TE^uIRLJe-WjaTxOi8;Ye|
zfDcW@A-h^<rbV=U0Ux2UfmwAjiHm!;>nLz4M{zDf)rHmuGZ<kY(Y?;HXrbb!H)R}&
z!|@npcA9^J^cjy4KLQ<PED|3e;EQQUR&t|2tx1y(31<d_roFV>RGV}LFknp`01fBv
z(F`^wB3sw?L}WL$3`MH#>ac3-0au~dZiL;0Xj|3I21M_?O<xq|^Ohazn4slewVutI
z{*3qP^*!0>Q%$Q3fH*LY6XEQ9EPdB)PAC0p5>5~IpB^0svq&c#yx2c}e)#g_xs&#C
zcyM@pcIbZ&kKH22C+EY1L%aQHA2{d;w-^}2<GucUyFKQMQ4-7P0s3;Xg?ShXiBp3G
zLR*1|j??aF5hoFpEaYO2?#Bsj3yB|qY3iqSORkD33@Lrn0v3{WLDhZ6A&$z7b-NKJ
zh2ZXnb-Qw&#6<yqG`rnGk}oQze*_3rV0?AM#AhLn2i82wLe}k)A0)|CidR}~=7F4L
z?{L;&_Lv&`2GNpkZiH-IEEmjvb@X&n2@bVZwD4Z!@p#z<swJYXF6=g-2-*O}=_yY5
z$|m?kbalCM8-plccJl?&wRApXkOq^fQjPABfDBzIU!;uIRUbD(;tqHZ&hJq#(mjaq
z_CP2QvhLh2gUQ6nW!>&P7e%ool524)5_6G)7vtDP*oxBNfHnWV2`Bplx9a<+wYC2n
zH}{6d`oC{(2K`>pcfpRb5VLy0=KWx^*HjnfZ?X3No#X$x<ngQW|NWhQuM+>c-}_<b
z8~^_`{{D*{lEy?h1!w9>Hfc2e>%W-g^x6OVpZ_;oq`6202aesu+-Wqr>>!(g>wH#B
z1tagSg<xU)K2A^yAqzf3OLwq+f-^;mFoXC8JdM~aPLfz9blBBYq&i?Rl;p~E^Tmt7
z(UFq<vlp=}vK%iJXm2H%obe<PIV+|-WnerwL)$u*W>*dMI`&?Jmjho5CSMz12c{f3
zu@wB)k1})}O){c<Nx(C(y(O9o9_44FcmhuMl^-c~J{3%ggtTpxWK4puO6V;Y1&>n^
zG4f@PPwaV?NXEgjNYLoAV;y>#fnR$zPBIS1Zg-x=sWCl7u|K^(6d8*tf}l5ZL4&bZ
zxsW1%FWA)1k7~fouhOI%=j4VQ*a4a;DkwWlS;e8reiEsnk%yxQ$0R<)5;+59DF@bX
zjEw7GK&Lol^pPEs@#_Xm;|AJvqQFd6n<}Qc5Z;(Ua>8fx1RfyS`81X+mW;D`F2Y!n
z$rUanDzl_nfq7Xr2DN^Jg6diaVY?ZaMdPc;vg1yW(qPbz`&pJ#Tmk0#^*7HcL8Ebs
zk2fOHLN&<%^W)iUfo?o;Y>)yl<pR8W79tH8RD*c5>ed_bluh}2(NMz>5gF*wyVfF&
z5Se3%Qh&Afglk%^NYX+OOhaeD-vFcy;OQ0#mmQW}r6QNpc+SqA{-wiYT!;+}nk8~J
zk5gI&9-=!`rVZ(6G>eqTKom62p8kdX*UtA4lVqO6VO+48$U#tqj4O_YO#xA$HT^`*
za`8SES1cEB=L>vNva^<y7$gQG(lPE@;3e27hUf(}JrrpRIUhitNaXQ*5it=?GXYzR
z$EY?u#r;YMue8+If!hA=Q{@IKqv`5tb_KH$Eka?Hzp3K}V;MZ`;ZVVZwOi!z9HRs*
zCR4;{Gjj|B?37lE_Q$Ud0N@%jfi)8}gGeBF6ywdC;S-<?*jdWwa+(!vF$V&$yUlWb
zMWI?b!^j~*va7h5f*<B^A&YFL94%uYGhC!BXENk4&@dBu7-#827Kvyv$7K{+bIkO4
zV8%}RH1udGnG`dg7I7$P+rgmaVl)FZkEl}^<xfg`$?CFT9A=zHW;FN0rCF^Qi6(Re
z(|{uA4SZX~c=ZK`p$6<PLd>02A@8#cLUa^yv3zI)*&_|$MGQMqEiB9r<3LxY=vdG+
z%ff8FR755s6et*96jNvw=EkQ5WGw`PJm7QC#4xH_5u;tPK}Vkyc!QFNG=W}t^%%(f
zG8n5QvYQNFFzDz*x-b%B*yqEvKwMTAqkx_0ql%(|&=g8M^I+>C{l$nW4;fEw^Etm_
zg!K?{C0DN=xOpX>pC~h<@H$#lr(sa%8uTVZ4!ip(o)D4^Sd`)Hfig7h)gog+JM%aa
zjv{}St7f!bDd|s>_Ce5i7Ju+}!iLfo(3;tVq;Sgm_$32!LoBgVy;1ZIp<qTH|KJc^
zHDhK%<U<Cb4;5Jlz0__lcrt5DL{W%bZp`!S12n6tz2s>$%07rFfOW#lHgkx+(Ya(-
zaV{8LzB`S2x@?K}{;Oe`D6`WNorM~jP&aNO)U`x;do58myBQYExLSTLvSW1Q7bdYt
zi|-|Ey0BpH`^pECJ``w?<&@_U1nwb33OVt3<3%!#lLVsv1nkI=!x!i0uezJP9x8Am
zS*G>VJDIdl8~WW$g)~7T$^lscN%NS5%N&$!L~b_#=rnoMSn{!8wA67LffwZt5lRtl
zWQzjgKjkp{u6_^kuNq+3blH{EqoXYX<C}vPn>mAIV9&VMX^a81(1~A%iP^kZvRq7v
zVWIP2k%F>8!bc*J9cBX;VU(^2SthAyrYyQJ?Q~x!yBXlR8aiT$4A^l7lr5X_A`aCA
zA<qZ=BrcC$E(v=Sn2%HxS6Tkfbf$Pb*#3rq(pe+bDJ3bm_vJhnNyejA`;y5FXB?PT
zwHsiO(hS%<4i1nU8VYD3C=RP4_?Wj5r`>S^!KHMGDMxM{w@V&R;uI;?SQO!O1CVC}
z5T}cebvdd$pb1{13v85B{DagK%cJ+8;4YNudzQ0E6o4cYGH8+WBv}$na5e!Fb|)g$
z=PVsmz^T3OBQYr?OF$}Q%WNoVl0LX%A>lO?7ErR;0z=~fdYD^~-AuSfKvgHAn2J1T
zG|u2&0seXPCeOp5Z#ZlffKen%7KtQ&FMw*m9VOzRQpz;p$-`i)p(x-yPT|T@WY9vK
zTP|H|V*(y&hSPt{@#s{8&+*6yWFTr!n(<mW->|h+9+T*rOS>8l?UE0PHx{@xVmh!<
z`sUEOELUutI^2-1m8jm<TB^4n0Z(S>9dUGcGHO!3VU#%u7P`TJrSS;(LlMy#-az|@
zEH5@l+TF24u?w@XkX^;6(m6OM0>RC_OF#AFHAcs9lx3cU=H2l0a+!vJgjvqu3XYO!
z7*L!>3wZoOx&WAvM-ENWTZs+NPQZ_50#`7+m$Q)g9nI^*o48t7x)L>v-l1hiLH3%^
z9WRUc@_T8>67G}{ED9UW6lOTub20HmY>~QKQ}L${p-+c3;bERhsWD2j8DBCAX6F!j
z!|SR5=MkMO;8LQa`Ek?4hBDuf=<;4ja7M2~z@aF^Sf3F4u%W0s&W&RR!YJSzM48iW
z0g<R_HG&+QSF&=tJC5Qa2bM0@vtsBh%xE_DP=Lr8-tLG%=nYNRa3BT&dqvVccYkzh
zb_X=ju!_cPx|s2F19a(-m+>xjhO)2;9EGKgwYmO|CvtFlP&t$hL!nNN4dsvpjt(G4
za9%ALAJh0KFeRvHs1r(`TpgT$d}0|d667P`?44&RsI_D{Ej!FUav#pYU^W4eSrq5!
zBgeMww2WkVgN{u+lVtfYA}DE!L2tJ11YWWv%jQV0MBY`$WC(j8QP{ozYDnwsZua-)
zhUFeh`gSo|C_O&pXmG%03P4um;S8Zg8Fh&GTfqjND`p*oMg!q735xnipGTaCOtFWI
zZXxC{u_BArCkR`0f+%sdFBv&|`j^J5Q}$mwHOGg``j(Nke}in3BnHsGzA}Xnaum*Q
zlJaS60jU#kvEFqFr4w;FX=rV$fW4ym*6&hQ9)>I8N-N>k!SWapm4ApOQ8V10?3J>@
zbME*gC!Bzu_CxZXZzTq%lp;|i&140jH!y!iHlIT`VGbqLeFYGK<Z~#yREN@g!FG4M
z%3(7qkUCV>+;3H2R=k3O<Pim@*+QyoE#6E~zzTwd6r-!69TW*C)GpRk)V&|l0MaZ~
z(K$R}j=50-mOs_EUp&m{Zp>s6CkcZHs_gao0h`593Ulz#fk=};JpNG}87O{WZkDb9
z5h^h2IUEj#dc#IfSn1`F9iAO+;ENe?ozU8kz#v!+|1O?jc+>(dqZ9U5Vmrkgb`>ua
z&&+uA9*;<X6`DFkYMRnf!@>;qeHW#tf|+JBv=_vylOed8r?)~Kj|!TAy6m|QsLPgu
z=WxdX-0Jswum#9e9w*-ls+G@Icwcs;tyEhx2Pji#5nm#W?Me>&1SIoHw(dz52&+)`
z@g7MtE~ZDTP`?@^S3pAX6nP(K3z@*33f)&WvXor{Qe3h;OA?R~ba30!eHrhg!Z0Wu
zl$pheNDH8>lQcu-Sxa?*QEw=CHbO%s;IV*!3)oY-TZHO)1kZ?wp(c_eKE@?#7~VzC
zj>qBPx#3B4;Z)Ex7sb+agae&3vWz&zl1LO4vq*fZ7UuaR3nh9Dk4cEcJjs?&q67Ez
zgq64foFg6)y$`-U?*6C0|GK&_UswNgr?*vo|Lt#XetZA@I`6+PQQMLTFmOI+O3nQ4
z-RCEGqva_(8lG#`>+W4(g-QNSk^;xM7=z$>90K@Fk)}7`3YX>ZYFcDWDMeu&N9(go
zg+#>8mveE3dN}4KOz3{UmkoeI>4p*~XKmzxAjT=MrlvxfExY29@rciXtI&+4^Z;@C
zZ;&pM8~`VH32IbHJkoldKo5gLULyNQ0na(g08~hM65t`R2RYDelq_pnQB0w3#}VKq
zOA9+3JoBkyn8E%ip1^|yULR<2D1-yLT<Bu33mvrppfJ25CDwqU9lvWhlmm7xf~u*Z
zb!Z*X3%J0j0b_OOd&Co58o8LwILI4o+9F}8?cLfr8vX@k-1x}RbzUF5#_%x@xsmhi
zbrG7@P%?T6Zzq>l`e0cVw~2|!)UDIhR@axYdb4mOYS6BT?6no|gM@sJ+#h&dtwV*<
zs>`zK)qj)P)n&kj_zETq;9w#UX*JB<KN4ZW;d$n0c-~PFbe=-%5j#NP2jDgCAX@Sy
zPTzr`uyI+V`x|C5PQ|;pD3%)r8r8pX@F$|irI0gQAo%tFosyB5#Ho?ND@m1zkT#@Q
z5v%u6&Nh4f2mkAT{$HED%`E_wplrZfTaH)i1YBM)cc-G+2|NT&L>A(sO~~G(5;6+o
zwcMTMnR-U=G{BQP$%^5HI}*r!lcPX@0xzahk<3L-Op>8cm}{4X)?7$7Mz%c7*x6Mq
zB|9{J{Is(|CBbWGplu^yI+{krBq|>VS+2#tC<@Hp!F5bMGN||c`Aj!O#H`$}3Wb;{
zs&*wtcuPb@LAlUMC2*~^yWE;Vqcsw0q*yp$=^B^wrG%cue0mA10Box*tS+R$Q!jFS
z>c(3j^f^kh@EyAnxoChyc_h?kxO<ma-FYmcyLYY3$!Jy-_^P0QMQH$1Rdu8K^Q)Ka
zMV7}OfpFUGua^H|qYFp@^ezqwzuYHTxO2koq`-o5nHEz4*A_*E#_<Of<vm0JSC@?h
z97|cQb}2m8qq2LlgtsDG7P}-c>GrDapCz$0*Y@uvu;)yvUvx((NU#Tq(ot!kr4vvR
z&`eR{oorlLbP!J}hCMOoa->yX@QGj~8o+`>-;tIzfL`&OMD^*i(x^tt5xy9A2oV8C
z8x}XzQ~@o|++&w;(@;9Z4_A&$^K^;I^Ov45T#bgV;dmY_(kMY8mU?GVmyv+f$ned+
zfuvNBAa^8;iU%Ip28zoN-%k2Fy<YFK!!CI=i_<=sXUhGvgW>QJi9q90J)#ZMadrtu
zWE@UW&UA3Ve*Bqj2R*o{U8S<f1)l*Gf;;LoL;4Pjl?zJ~8+Z{{uU-_^7Q}D#UZQTJ
zm!vIz3D{FTZivjm+(P@`OGYQt#_-^E3BNq**f5em7aRtjPCM|vHuWF1Ri~r~l?ti!
zrxX=y%vF42mUDPVBE>nb`|9HOKv|2Y1?Z`LyCD5<a{n{-690le*53cNc7NFImG6JO
zot>?3_rI@m|0@~&H5#wr9B{5;EA02iq%nCVwIKT#&aPjjPrTGgE3G+T&4sC>9#`=S
zAv;=q(<&Bp8v4@FVaWN-r(7yluXH!i&n-hdf#4~03jD$X+K4036=<N=9b<gI!?Pni
zpQxp|$l(~r6RPyKL<dled`zw$eH%(GqH*`G7Q&eagn^?$9o)UECI9eNP28YV_X^8$
zD8&&GHMV=(EKAvDZ*#ZXd(iFuKvOC{%sKkDFwb`CSpyi|2-|big7i(?73(o`9S2P%
zylp6TT$CT17oCFVBgiv4R><^&UZocP*%tzsld~85U2x{Ey%9AUmzS4v+L*(5c@(ig
zn@FmQPuH29V)7A+HyY3MYmWs)De0o@JcIXFu%NkwB|v){Y`@#3P+Ap4MoXK^4m6pv
zOUFouB)VN?@pB0*`DMw_5m;j(3&RPCr~yW3P?R&Wl`=B^1u|*3h03>JVjFyfN_}8~
zT}(HMZ2e4KD!p^8i__AGva1vxO^LP8sv6%*&0xD$K!_R6*4_yo1X~Yr4YNftUw~Yj
z1jKGz3?gE5%tZ*=h-H@0tGu2CV>TMFeLZD%A(gHM*D@efVI$29R(?(-iMsTZwMmV=
z3!Y0Nd?)}QP)|KfxRmi&W4L~nAO$~HW752Q&J$k1J~x`WbcsSmRQJ(yhr!h_ey`|E
zLCQ%L1sYWyv`XOVs)+xe_O5lgZ6rJY$5V7^t76FksEcjcCdcEFWqC#$OV(PllUbL`
z1W8E33<Yoi(6VOis=Py9Bzc8>lsrl5+`3N#O-eg<oK2No$&LtujYeNipWFAHsaQ}F
zD9610O2s*87eSUaDA$Kh_CfbIH_$?^aT7IlM0O_<7d7dWvS~k&Jn8_p2T{aizIfXs
z^_x`ya3Pz=%I3p|8_C9YvUv|Eh3^2R@Lv(Y<p`<nZuIVNZau(@j*BX}f48@>u^mS(
z?hhvXjDXewJ5Wxu-n2X;GC*MxqE0zxG~D#Vc{3i0VS`aL8|NYZW3zv1Qq;{s>f%|$
zGmPbi$mE9@A&4h0{H%?Uy6l9TFm*1VJ6GWMgK3J+Q!rR2I{%etskRnm|Bp?Ry_?_n
z31+!3xF3PZc4{dh{*m`foLoA0)a>G%!g~R9|3UxGhP?n4wfbgdha&OohuP)3pUUc&
z&szkR9oDUb;6lU~koo`9pRDzlPxIz#$#BL-lz{8kf7)96%T_+Jk+|xO;h$|Ko14kT
zos*6G{mpyrpN;h!097FOlj?!D_k_N=*OW7ECj5OyW?`+y>uH)#uS7?xmkyZRbp3#l
z0``Xn4fDI8927rn72Ak0i4<b4t3YEE=@P=^oheW0r+y(&JruS)r}64c+KQUSRcu5;
z85yCSqkZ(-TLqH}<_%fJqSNhoUXU^wn+*Muq?oef9H^y8)kK;q2#*gtYj_CCP0eG+
zZvnrKIc-j73|E}pNAyWtq#2&1JojbQcG%-{+XLHrnbg$3xFlT4O)f#iB~6)leZ$uL
z#p#;qdhw}$yaEB8o#Ogtzdp5gQI^FKDC6xR&Ol^vFgc%6)l3S#qzv9dl^cGFPHpNN
z>hhFjY{%HPNC|amU5l1)5jgn2;AT3@%)>2gDj-9Lm}ZzmN%{Sq!yTQ!;1mURVk_rA
zLPy%p|ClmzJ5d01Hj^H&OW4B!MR_v_UKqaFz@nY7f?yPE<cQ0}8C(wJs)ip$nEyc<
zM2`^<a_BkBDjQF8%-VodLCm5)3I(UCEJ|mPmr&4RaZdMvZ;-hBQnvdt)08vop@$Kf
zPE&Yg=O-l$+bLonA*C1-rzo=>FdCy0bBOF%i1uqw9X!T4PZ(IjYXdyt;A87VxM-$e
z0}g#w@u37JaWO}X*Zf!5l5mv{Q1a>54v&QkD^*O3=@j#XSP^0GxgyuXESBLw?`7_o
zAWDEav$4t}ZLM)yAtnXhbI642L(F?YZSYS9*`@?9<(-UdL{k6#JQxd_8{*;szOA7E
zmdr7jao~gHe0>VxK#a3)AVZ8{G6Rb!6LpL-V+ljRt-+*Pm@Ik=>uCv+<z+U@aD(%G
z<8nGpXP6U1^|_N00s<7BfUM!FXI>Th36Nunsf!Ud85?5DfLt8<4B27|-8Pa@uk(xf
zv`LE$lFWu&mvOj`e}RoKj2Je=iB%lJ8oq=a8sq^RQks=r@OB%D0gTfj0I<kDBR1|K
z*p=b*q8ZBkb4sTJ7WGZ)Eh)4lB2Mli;t7*#r8Fp^dd96AbaS^?Kl{!R{ziTQZz08)
zB#Lv4Xk=&IdwEC4S!24(9h;M!Y4~;kfE*Z|A_L@=V7@4EE#jmpunDDqA><ian*!Jr
z)Q}Y_s#_7H5im$I5b}0NbNjS$DnwI7S*Scom_~P?4<QedFmQmFz*N;SA!!nQHrS~|
zDNY8BBBmWiB(ouCQ43~`P-cV$6hO0sGD-%XWSEngJT2>bn$<Pi<ESfnfJ+>5LS5QS
z)fOHW{QG3NpeGCEmj}M~k*dgp$3QB|@gGQ%ze2K-$h0Wo2&JmkP+&udelY}f#yio6
zHpP|j+!BN%nMIzOs|dXsUA!nRQcz{>p2VoX&B|+`M_Ji|dEWJ)wI$%^LzqGV37(v1
zR{{>QorIs!290PQxDQ@5Qn1E5Adjmoom{DT-sR*!@)i()HF5w}1zWXnh4t2i%EC{>
zNY*&wpuCr5O^bw8xfcG$!$X~?vsqS{lrVCUb@lL2fWs8vwJ6gP$Vi;<TYyAt!BNE<
zYY!>Psx3-LBdk(!_iAyogV<C&+akgPqezyNRXD$J^94@(E`Zg8uQnyGDQwV5p9Qd1
zv(v^dgSgJpiLBl_lB{T1o78*?%1vz3I4xetWrWxaa5}<Kcxy9$=#orR4_<81=j0w`
zG!DbM`M?Fe4n-XbeE0tA`sCR2aK;X(TxqWvw8YumvPKZqgh@QI9vJkh@Ue#Rv4}81
zfNWWr5~NVXtHzG2!q-Z~JM+@MhnBW#s8eb%_cgC0ErCv4B0jHgqOPD*B};2)$DC7&
z0a-aUV>2XrPDxsj?bJO;^1@^}hDu47J<l$3%*e`mW~X7-xkG2dU8qD*bimBcuWHza
zkc*txn2OL?MSWd*H7@gF48j1XSpyAFABpBg{_8xGbd5<SaeG6AP;>2EEay#~lOjzb
z3*{8b#Ci->R-(f!txN;sM^52JGnoL|0D-g&DjQuv?JZH*d+t;w6+9BWn*$@DYu2gm
z`Kifm2D==<;B#h;LD}TdG_4`^PwtXdGt6<)2pn`IRD@yzEM%6MH=4re?W+E?#(ScL
zSOGk>%a<Xd58RZb-5|h09Jb8;A;1stBfqhZ<m^4q-87q=W!2l&o3Jhd{ChMlN9(Wy
zKCDY)N!>soK3xZ9HG6e^@AdxEy~ACI(604x&EuO8l<XFWSoSWE_Zp|pI^FSv10BLU
zt|UPxVh|mQNBpHXFlo*13!<_a5KT%}sUrs06??TK2}-3lOm#-Eq2Xy>OrDEPyvzB0
zwUXbd(B%O10sGq+Xrf_iA4_`^ak!2qs4-~CY;MF5d36<7GmwnDGiHdbnojlBuF4Vu
z9$>7Zj}62lBmOAI5d906zM&w80Tyy>A-yAu^u`IwPE*h?wzm_2KL}F;v}{guluvnW
zM)S#8*05%Xo2e!O90(Q73)TopVB%>85*pMrOI*YIz3Qyxo;hYF9a#Gjs695V5}+K-
zWtJ5LGr|4n){9ObvDqNx3=x!KL|%Qy9%eHGu^CVW_D~{T=EbDEO!(Zm!m(z?9I~w@
z<Rb%VH~BdQp8_c8zhzY^uWzxdaOmXB`2%y5BH9SSN)<OO8b&!oM+cY%0Iz3mr+N@U
z!wFO6Q{TYc#0O0bJ{7iFmd@#oZ1YM?vXW4gb`X2fj>6wivvO2k#jevZvSmS?npkN8
z)?ic45$A}Ic*u7m)qGANGW6M|E)`Z(3#@W55qy@jn5YNrM|jzaqzFYwgg_YdGKh-+
zeIFM2?I};hLV@XJCS@!RA!%Z}U88JPj?WXdKOOs5OE8VD%%9WuDTg1WA<D3=GeB!a
z>~6qFJf&a%^wUp2B?kw|)2G9jW(N2UQTw(iF0`vD5{oh0E`o_jO%R$UF-LUu<hW;)
z>3<3~JE>@xr*=z_Yx1m~->H)yf9zjeyy@5Vn_gYlZ{Pmaz7pa1EWV6A4~~x|GG_SC
z_;a$B68W33XXcru>oOiwnk)E(WKt*|n-YRMz^7#<`B@H92*7WcH2}+wAXwluOr3kN
z&Oh+o2yi_&DWI>12~qPU_<tu@bQHY)!vVK4gs+GH{qO%V+}L>daOjv&fR&9F(&odB
zjsO1l|JZ!^@L?~C_7{Ky1&vk9)6KJNRLwzR+}Xe(*}B`uB)@5v&g>vW0NUi`-9;7R
zl`H`tHUx&9d&vU26%SfunZ?M##3vAK402MV4$CA(1m+8z3#3c>E|fj7v>AIQt})Vu
zs_Z=^Enl7^qXX=7@)tSyT4ZUBCWPOoL4<c5kiQZ!w*uVfor4R6Z3h-UMV3uKS>}Eq
zjFL|8mLJh=&RexUaJBm>iiWVlhyRR=f^sc!$-pP3wm7|V%U^lCK(QdSyd!LaOm){S
zYj_L1&%GW~+KH`_V6@f|2MkPJM0gOx1XQtk^YYoQxpU{vLrArh?m73a)6y<4FMHML
zILRiEB91KH)#(`iAAbEOwic4Ry*q0Wa>S&ZYHJ-~v<A6@th3t;`JRa45aO{$GQzqY
zjn<Aoh(|}3I)`W(NL+$&?wK8w&KW1YLlSiQ!Jg%XQxxn$9%&O{QjX^gGzn-BQACkx
zXP44ZfNrv3C<(xPRFU8zM^hNEtK8?qo_TS>OvBB2b|Kml5=RZWE%vEGEN(b(=+z+@
zujFc@t*I?X-ecVzsx`lMcrF3~M(+Bac`l)dRO585Q{4HVn2QCZ7E28(Vq8Zc=P}H~
zHICo%o4m2bjNc9smk&$peKx(KOpqO!D#CGa{x_MpPOXIqO?iogE+g7z2m2=p1EVHg
zlnLiD)dEKaY!jHottICoM0iSt((^efpBc*luU%)6Z&Oe_iSzYcdOo<5GxJ8H4BxKm
zPium+i4bk7_(0P6BySXRBrk%6a0zw^NWNEkrhpPQ^&Fnnr6X}^?hU0`gU4B(j9?<j
z)plc+xP<HUeFn~@maX`P62jlE(tp?Dh?3AJ?X2_qyqqIXL1QVpER`4<n<|+FRJe9@
z(|Jp9oh|wrso{qljLzQ!-p|inP<|em4_%vq9HY~$aTYKqf4LmOXc6`fi5q{(vYDg|
zf)!MNBeBX!_(%~RT3yrhx2uQ%16H91)i1RkT2VPrRMA!tS9-z@P86{s^y)#>oafa9
zc%hmrbUV?OmN2RogeAw(haFf$-2y~Nekja3aE#L83(;VpkE#w(i{O)BY-;E6ixkC3
zjm}Y~Jt3N_WlSe+qLYY;PC#x*iYW+L3dS|8b=1zmZV%ixiAm4wL@nl)5Mc|1pNQWC
zh83Qkk^X>%-(dDC_Dw_~LX;TYM&;@0b<8McM<_3GOyIfEC<o)MAxus>f{Yl@b<-)u
zGI%N!qN2{&(M-2NEZb*K!8L+tNXv4}On1of#ast{rs`r9tg*q#Xt*(4AEu})|2AZ*
zHDVqjN(R&iutcgE!wy6$ITlzPcFiX(g1ShUfOUpRUYPTFF{!dib6%tKgq?O!0aXsZ
zzx~(4jlccp`rrO*^TEd7{&S6RGDTSw*%|SBNXxTwCYjzC&=B2|UbA$hagLcU8bW3%
z9=5A1qVW6K5k!)<vIf@9^4qC-dpqTvg6T|~06Y;b7NH225T{BPO<rYf20{$HQAMsU
zSswtW*nKmINUhNRMq>Gq!2bI*pTdmv%$}m|TlY!(aBMxMKRzFb8oFmJMu>Ih9J3p%
z%yu$`Ray``pcpZcqlo~Q2eN9D@*~bk+1QLS3Y>GVt#J^Ac~2D&UTjqG1mm=m_Ygoq
zz8s_*%YL1w@V3)wMDi*o?9^$M)eIFCIu5;t$o<1JBOF2=3c45V7fim$E1&YO=_lkI
zDQK$T-C#E=K0a`>SrQL&Z)4!*vMSLbMwA>pV@e<3B$)S`mc|69!3cMsgLcCBNdylh
zD$@nxNL}PL3Jp+vx|DwF9XdZvnkXJ|8{M-wh`u3@G)DB;R04vzIx~{Ej4u`uiy|II
zF2a{$8VE$tsn8?JH=-?UiP8Yvv6{n1ieNEIkeWk4eVeF(5g&5d!-w2fw8n`8>lz=)
zVM7$y<k*CuXJw^b%4R0yI(Dh|SV1UBXRVr4(qp`Xx1$2_uR9pURFoVJhl6N=tPE8=
z%2t>}REgMiHSwZ2FSw&9N6!jpj6sYfOn2+(tvL0;2E>^T7oOJ5!HU3tBx-NW69(P^
zVU2tB@_B4zTwOs_aCdU(y+kYnghX)LMJ?h$SPryPEz2Pelt(xwG74i0ydsJyZ2;}d
zaaY&}uwI>ILEMa1vj?L~#7^(?5~&v#@(b7DTU^dBRQNAY;xAg1tStqRZkCI`1#Y&@
ztz>KSWaA;b*;;AX_aF4Ow(e}T(y%x0^|rUR?_ZaOEv3ha_wdo8Dy4z3qvZWH+lFu_
zJ_=RH<p-<{BB<fYw_*)fc-8fFLj%ejTvqe7!Nlx6Cg(AodTw)PFre)ceR`49*<=<<
zZ&W+=QKcWQpz5HNVNA{R{3_UiySjBjLv3>gve1KDMY@wlR9GgvbwSk-=`0ya4I4O-
zQZyu2PGv7z*`QcHO;HLTTtWO<+TDyO0OjYASRG!E`RVh*K34k&@cjGG$ZsNbn<nyP
z0}voX932w)Gixx+^v4H^(9TCk9e1Wne?Uf3(yY_k487X%LslfDF9Yi|<!JPj?DInM
zc_8NOnK@D_gDFpYLhmjdu4>|x0-08MbAADA10W9LAn~bE#w;hZXki$`b2^vYuLm4P
z#-^#Mbv=~#s67@|*;f9!L7ER9%!K%hyg??Rg=H#K)Q95~q+8J~vGPDE{*1DUWCc6!
z)qx~4$|PGPnN^oC%Zz{Mjs)xGgjc5&ElPUA#3&nG-BIe4EIe6dsC#o}WsamOa}2qo
zYwu}Z!zjvNW6s}1WR0>4DVXRJv5|ryguIH2l`<ial-!^pN6}Pwa+k9!-nJ9a{ik&t
zDXqbQU>yUjXnwJGej|B5bH{?&1Zy~|N$sQk2J<NWlgA_Bp{)`Ou^1dO+J~6qK>mQT
zkQ8N@o9(;iU-BnlM!q_EmOMaRkxf>~_~1(4SUrvO2WDPjUhvupEz2w`<hoRq0uu@?
z{~ZWC>*jEIUp@1}5-~&DBSaRUMkzf}Ro~fA#MBZ|E+=G<0Hc)nOqrZw%tYf^F|MxA
zhi>blq*ny0L}fEOgFFd4Rm5pQL_3y*P?yKKNFhHTv4Fbz0?|)lie-en^WX<OtI|ov
zb##1mpwI|PNRqmN9>ZI;Gj5}<QklxqwrQ}On;0#^|9cfKzjFQG`**wbf4|lL`a1ut
zwvEBpADt!{8_c@0aDv!8fzKEYB8UPjz_)tDaGE^%%MaDd{21y(-Wo*cqpD89kFW~@
zpXvvK8>G)?In_cZ?iT+VTjl;mrw~(=g|9k|SYLJ^N8N;TYPq{Vsg8>GX&-F#1F^oT
z=PaiD$B-rx=zO?0HB@9zCn!DWCvV<zL+B3(ejV!IF8VQFFnc(4aQ*geF#X8$r_+fA
zn615vQUX_uRrIKUjPIG->)0IVD6gui|88h(KJH@_ygW5$({hwfA(x_u-z@8_>gCIY
z{*3{biJ<5zVLc>skkS#I7Z=KofUm>$*m_X<Kn!@1*V%W$3H_dj99`DC$RxD->pXMo
zEv94fu}q?B5SH?rx8K8yGB2AAT(JG=zx66tL+yvBZmoUY+c(dV(JsHpUOEkwMiFgC
z2$~P<pdMg3x7tv;930!b13`kgYzK62wByXAA|R=-j3w#B+@`;n5zf#zdmoSp`8y>b
zRu~q8F<`;P;D_l&v+{j=G2`ngc|xy7C}zFr;O+2UvvoH)FXxp*e)r5%6*flG=aK*k
zHqH#%076&nyTNyl{YQkwg-D#o3q(%qx-!Eb_q8Z>&%iD{?n^uz#sjzQ$*x!-Ot^{o
zMC-YQ$fBP{aeKYH{-}kWX0`n`F|3yZRWwj7Y<Yq8+qWZg+h!_sF!s8-8u4SX_I|5w
zbrv0p(AG0dY#5)HB}dq}!l1mx0P`OxXGm%aN<@2%WOKCVp|Qa0astqEOZ&L0mrl&U
zcl}9^$yz_Oy>J}NE~Xzhb`ZD(9c21idNixk(X?RwGReb`cPOi@x2)>~-NzsI+q+?{
zua4S56j2!w^E--OJW*r%)0ZE?i!5wf-+3~TziV|uU-btn4obV&uEE%Q$GAIL=F{LC
zx!6At{}<PK2d&_XTL8=T|NGnbw%Ypt*5;k<Z~FgN)&Iw+-ItRq*w3-qwaR}-@sG_@
zxL~u0V*{8@Buh9VTCRz-b;K5PYyi|^ju{$ANr16Afr}@E9h7Sa*j8TT7wHt5hz&aZ
z_9z||n|=6%xiLGKJ{6mv>FLBy5St_Tc$DVVG4c*yU1O(M!MX##+hIE86hH6-M()E2
z5>T`)qf`5t2V@VseE7ru;oiH~doPdo!FlqdwXhEH(2WB&S8lIB9;-L3G%pwUc7Q~}
zmp#T|&CiOb8K$7&SpO9+QdA4R`uhgp_-JqU<XA=kKfQbM;_3e0u?z%VJNfAdE{*M|
z@vBeVVCg>5h&<mr*gJ&QX)Ip6I^KJC{L}Ht-odfV{EMeM&-YL8arAQgKO7$Oki*~a
z4tEaVOB{2Kn8~c2scSNbIL4F+v0uP&@E`*ig}Pbu5<>m$#VL<5dKhH|-~tCN`Ne3O
z|2oH^FDN|EX{;945}O%(AyJs!c|8Ny9bBu@i!rp1l+7F;#KFOdhWN&_vQiC|av6_m
z|GP{04g(|bPWTix&yw$zK)zS<<S%>kUmyJ2UdJ%+fN@v{hkO=iT|iz%iC!vCadpj*
zJ$H;bLdwj0QDjVqE6534_Erza)5ce!Ejp#&?VFg&NG72B2cR+eth;rrpvNR#tP`S1
zr_bBAJbT##@5<I<jdq-VS+ZzYbv~vPD2riYI0%z1EPyBx0!0H3p(zXa@W4qsgtNhf
zB#Ww82$4b+{Nx<diCh*enMW<u2v&LgFwU|GW0DkWqTrLDHA3Ee2BgO*NDnlqP(Aws
zxFIY}7}bND0iZMj$%HIs?Al*%4DX2-;(G*M4Jc)Zp3yr?rJOLBXMoAgJRlm(W7=RI
zXzY*Td4fhn7)`f2DkoQcb&xk{b(S^H+itQLJ44$hHccsi!4i9#Ue((95!{NM{+w0i
ze70XSCGCxRRc&VL)(SKggBjR<WP6uIXoz40_Lw*!A2B%lqh}}KZF=L|yY+8BI^~5d
zz8&GiQ3Ujku+*k6uyMZB3immu`tC_<eNQEVw}MAM0hUUWY6etEZL%x^7VC1Y51>s^
zrLD-dJ`EW?*OnG9Pi>IWuV6u8jf?bWcxxtvYD&MW;a>QJRee47vFQ$rrvXy$4)Cde
zKP6SLJC^Z^j}EUpBrUy*YyFm{N`3k<KRZucl8@t|^;ya-?nRAe&D6Hx{`nkQ{@7Uc
zkNQAdk&GlIrVdSeYYDN^8Dj7+h_Z@lvBHDXq1@^RHqcr>aGVaJuvAjoc`ajZC4f@x
zVeiZEhreIzYgIoec6cp3p%t)7sMICxy~Jqwch;UDk@Ni^G%d8c{@$jYDYCe2u8Hzn
z28PP#jS)!i*)9YfJcqS2fVB5WTXF7;@J%(g`jma=j4y3>v2Um)&|}|tbAzGm!?rMw
zb$9t|eFE^M?g|WiAuV=nP2bG)mrdMRxAB7WHSU~qaeJY}ZbQc&8>0&K>s=T7tHIG+
zYW~LmEpJ)N{}VJDKGz|%)c>=&b^rc$+y8TK<6HdqEBk*sPL6;R$McGK{*r4v8C};$
z%SRFPWZXQ$-1axHp$EU}tC!-4GxXWF{mN?8it!*{Wp(vJf8k<&l!K@}Axb*GSs9nb
z&n)RzVzW|bADVoc;h(?G(+dBBC<Ok&#tq!7&Nux8ukqj6Cg;!eiry0k{vG_f8?DRu
z$`4u>z1QB{7(}096Mmq)Q}|)q!Kd9__OyG;9!8@Ue%8a_v+gf@)`KO_qIn5FYIEz$
zK1)sgf(JhMgVVNPC9x;359EH|Q6TJlQY>E;U|SPY5WuIEe+q$&j9OiwL)v>+Q)gg~
z0%69klI7fNtLYQ8T_t3f28`B`f6J(I%UWOJ$W|EiJK`a*=|7o|$cZ%wtF)rcc631B
zq+63`q0Q>gfamS>#07z!W0ktiw&4N9<x6on3JIX4d0pM#d1baXHn!Kmf8;2df;NVB
zUatN;pXO<?n-$Hx%Ck^BSjkrF+*Q84AF3=XF0r1Hn9i*#Y&o(rR<(8aouzg2BV1`o
z+F)7_JYz4dn}jyV`^-h%JMX$A4akmNNQk>|Ec#_75POu5fB8;(v{!7;DVISWwetP4
zh3&bfrES;j8h@w*KlR<ZtCkI{GfnJ60N0XZ;Dw31$R;@wU7=r?Xi=D;3%HH4i#$my
zaB<{JZqTFPKjq~RzTUYCHQClR48LJlmFEoajz!EAx-ul{{TA;^&&|JDGy1_-L2mG%
z-(BiP%|EXt*J(O^l8%4TPVYcJIBKvu?FuU#eYMl&rPlgd7wQNKiIR9S;xs3<Axo>~
z9R5i23jT8m7|5>T;KC@rVv-_UbPB)3gk|`Hkz?IPF!ZuS_o%1yv%XnDxOn>jqeQ=z
zozQn|d-V;yRqI=^ra-Ha?zV23ar~=qRwn6H_tA(^!XfUP&CvPFJ#W%^HDA>Ali-)G
z?=%yOJ5S@gxaUYEw7l<IOZtA6UF1c+pzl8fzjS?v#k08QvLHTV)bA|mIRd$>1wG#l
ze(8En>;1Eq%nb(q?vn0Lu^30F@6Ws6+<2*9w_2_p@q0_U{64SF7Ipe{=)0S*^6S^i
z4TgJr*>LBhDqS?-q3>?G%D;qgxxb|2^|-8N`J!Pz4u5;|h5iM^%Y$XTPtWqENvnLJ
zd^}!!$BkG07mzd$mr9yhm5<A+SSV~3e1G%x|7GM&*wmKu6|CRI^RTnv>znR_&z3x!
z%Z}JtUXK@Q2S>p#Z@ve<i169m3fapp)kG;k&R-P_MRb!vKr6h76&y_R_<Mf5<afSL
zE%1At9JAn=DoKbuQt11Ot*VO2J+T2%4zBTU;-bqhR+=cL_r#=CqO&jdy%I?B8+%?g
zxHMuXzp_Iio+ek@o<GR;iPiMMg)H{XG0gvoeG>w%oyFc@U{X-5?SHtE$D;GYr=Mfr
zw1#WH#GN^T%hOnUJ20at4y+kWD~iKQ0=_F_-=4y3qnM3YOf!nL^9E9g;&!GG<PK3x
zVX^=J%jJPC&;Q)q+`7~D|KGWH@0<VstNi;q*?*yQzndoT{ljJJ{qfYhKay+O%F7Kz
zWpt|USIJDhCNA?Wss8_O{y(kVFAM=#F8?>~Z+GIqTibWHzRCap%l!X<oax9CCwQ)l
z)OK`E$Wn9)YddGrr9t@!HJ5DyY#oHON)0CL0XqP4Pf&d^Ao-Y0=k@wUUd(HxxpvWr
zPH(L5_83~dS$7sWq@Q4fXw~~oJMVANZz*w)-PUfTUE-cQLA(Ks{fEb1dvWXa{9F=m
z|1)*bmqq|B&;Pi4?|v8mb9a05+y4It!~ZXV1YNiPVec}{8kdeDvbFc+I2}Q_`D!3^
z)p;?QV~t-tjIfG5bJJ4s?P}ufVY1c_cTRSmzuP-}z4!dZ(cZh`-5>W3cFZHQ!rWXv
zVso=RZus=%{pQLb*wD+p-M#&zlR!I)5GJv^WqD&y_ji6cd~tlTzq_zsj!Wjc#_TIT
z-#^%g5YbEaO?*f0m(dmCwYTrxyR$vuIQR@wI>F0<C<mx!3#FYOg46Z;fl90vYAXZ^
z>;kLHBeTN1pYMPw0K=bhp*~M%nRf-5xA}^#j@7&)<`M5srjo*IP&VWp;_dMxl^*$!
zH&^PS;`e^XJPe)d%q*kF4JyM2UX9c3YeSz}ek-7b=`R=%A$Z_$Xj!c;yBi6?-0=Rn
zE{oSNL_k^w%z+;zu!uoUI91F?p}G3l`VB@x?WGq;ps0iNt*`i{-u#l;WQn)^R+E13
zT*045W<@B@6V5fK!EVM0AnZ8^4)oXfkulT4ndM3(#tXQzf>c>h2>KQR`=;y7Z<7&j
z^49wydbq=d&?OAe$nRzNegr8I?4G$z+tue|a}lCdXz?jLKRCGwaRNN<8N=KGSDz5b
z9r5o2V-p>46%xU1l`*;1)8i9BNvK?k*)jYq_#C1VlF&AWvdig&eA$4%XLl&K1HOJ}
zDq#dZfBQ+e365<ER3xZNg`LYQk|yj^Cze>r<C7&CTh3p(2u<ygr2yNdYK*@tewD}i
zU0_UVsMFA*hoPN$agjIv^-rAi#|&g%TlIOmb#J@d4l6~kh4Q8SJt#}U5C78k=kf9z
zcd>JigS}%e1+Q~msvJc_6L?lWp1)rBC2Xnix7-5@NelF0rCm{ArPH5Io1fY<EaGvO
zX#^Ec5bJS*{~YVVA=_1rWFDQ84VFWr%j#iC4IlSg5>0LP1=NDf{KsV>SdxK8Vt~<N
zovAs%qlAexHTAK|CidwbC7~T*o4rCQN}lwRZnlM*{)r>Tle^pdM7^7kq*+#9lq5ZK
zh@&c0Xt5<iW9nF9N3(?^nGjRn%Q34x?sw0hc0%m#i^JD@hbQ|l4!fF(J7Bp45Cn&$
zN>g$sRhrtd8d8)nFO%R{onQ}^I2Y@xhSka$X^8`KC6Y6jl&1+yd^f067Scvw!Mop|
zWo2?vb`v(?+9ByyD|~oRL2BI#xG5=t<uAc*2eUq*1;{u{(qfXpnoDdJTl;=%*u5%1
z?5%KCT=HfkhT`(=+tFrLw*k5SB)uB20i8GlIsw}`LEAam=xyCg0zp6qWI-4Xz*-4^
z9@O)KUX-ZqX@2TKQ6{K+u8`W<UO2D!Uhe#`w|LcnT2a?FstgF*#BTWnixeU&U%QuB
ztPsp_#K1yCuxyesXedw@GdKZzQb`2f4dJMXtM8d$eNUVlyC%4bXQHZjwi`y9{uoR1
za39hl(UnsYDbthKiWNLkEjjv<%Q5o-i5!ZSkSk=q3>a*UYtom~p418oEmG~U{sPSy
z`@n6%a^x;W@*${PKEFscL+!2Fkz#xFOI%XiLs;9{49oA9_`HGiRK*eWnHEksU6Mrl
z$!k?o1+_-Pc-;W$6RIA_?(Kc)wTSnOuvqm=gcS9`vO(fZEHHx#H`lCAU>F*<e_Ruv
z)H#6p<%{c<GbNa+Vnmp4G(3S*jmm&4l>Tgv4uHDvoB@KxC);k(w<J3Q`b3w;`#N>P
zKMnh4HLNxMlUDAUw3)*eMs?Nh^-pW9MIubewcSPP7?Yc*9G1F+<kb>AXW0gAIV#-b
zo!FUh6#Q6x!1CI6m{bS02pJFzV!0Jy&#IMjBENaYKk2u~2icL)_XLcdU`~o=-_Hsq
z!Q--|6AS;OjX_uGC|F^pz3Y^St_uQdurO!CBOb}}mp<?bXR@~F&X(~_iTv&ds3XcG
zE;H;ubp-8GNASC3Dm&gCmaMY)gfBQDna?b|D}$w?P-Kjrk2f;FZwH^VFD+e#kd&u}
z>U3Z+1D;_j@4$4k1Wvr_nO&+P!6)}bS3r-UMPwqk%ocK<#hPx=lEgLD9B9FahC24R
zu=C~$v(c?WJ3}uZ&@|c_Y$cSA17eXBX&{<&sPzGrd`g#`z91KUA=7<d-k!ZvkNZKx
zWv#Q~5XH|-#Hf6$3KNb3S!j;eEd?@}J0mC%@7G+#sa?P>(52r0xpwlh-8r?7LWx7+
zS^x{S)|wN_MB<4A{2>DJb?ZH$S4<rZu}4)5^c(E=u`Zu5qk$&%U)()S1c9s$vb2$!
zJDpC;%V`ckYpCWzhk`D>6Wck8*`W~=ZTf5up%D~DR9$cpt6#TDz~aufWQ>mOERZa5
z*asYk50yBm3~KDPd$_)8OJM}A@fL^!QZ#hC6|bQ$)zZ{oyOW`P6`hv)VoUeaU$qqj
z{T<6w{}QX3aj=L;w<JiYbVz9a;{|){ABX+Wi~qG^H(x3YxIF&1xxIC-oBwt9Tm0{<
z`~x|8grz>+TE&6_E;L7#3mvT~2K=e??Co_@-Yi#yd4zxKK!%u7c%x#adnCvq&=?ts
z1Aj8G1%p8Z2El+sR^opN%79le`5!|_oJ)^?tE_ZtLQ=d@F_m0ttWqo4$JjIGxPWe9
z(mLEh$=~?HoVp<y$@mlDwt(N*JaD*+QmWBxvl+_x3nA`<Uw}&mZjlsayg?;lnMY>R
zd^B6;qq$=~n!Dzsxo19_ZS&FGHy_Od^U*vsAI;_l{14m-AwI=^=0oXOg~g<7Hwl9U
zr0g~Yn@5GNy3A{Na~p8rd~10>%c!REtUbsZEB%sV0poEzr#U*17}G&kjpr2&((A0?
zSvyD>hxzCE3?Pm8HxYo~pRcM^ZavIq&AgzgJetlMS|NuexF^6@M?Wp+@=?zL+v$&j
zWsUhpt61Z7F5|w&c`ltbk0X|dR<vSKoI5T8MP3w3_VlXG%usXc4k_Z^sdEMeOQ9($
z6W>7G18Pzb^H_(}xtRFu&7?HDRn(#9w#?(KXMK5|Yz&iu*@h1H+6?E-ct{1vs1j&m
zeHX5f5swp*+0SP{j)ytjXr8W<<<ukBz-_NQjxL?_>SPx~ny$ontC$jqz`Uum>1o%S
z^|)ojA*g-^7RmNqLnZ(+r}xa$IZ#I<JeRx{x)wUp_@S0b^&#m;(({x{fMd~Vap^#y
z0+-ghzpP9)J}<>+q6(&7JsWOQm06R*gJUpM(O{F3y3`G_3{mAzFHJoku^EO${dP$3
z*2fAq(K0|)VF;Vz6y~-6;|psU|9WepZr)v;#>E}>Q^k}cN66zWSl<;AFHbRMEm(tE
z_!YoquL11=M7(W`2gbFriX?|zLz}qC(A}<DOq*_t?Swi9tzU=8fU$L9X)ih|P#5{4
zpn`6=T1cXqpB3HX$L~j8U}^dx+&k=!ks2cUDqP8faUM)(T95q>UbH?>+Bf9maI>8M
z%!lcsm4;69c|CJ;UJtmK1(iO<xyq?}7jl2m(zS2Kz;Ori=i}1lg`>)$IA2ipVM-SK
zn;272wL(G@_{*akX_M#3ShZL4sC^+!ssr!*G<%<u2Lq2A44nko8ai}4v}NX*;~XFt
zA`B9h3~WG4%BWIrqx4YChKT)#8mD=2wt%XZ<lOJhgQoK=2ePG+5~H28Dg8WR;#HIt
zT*THMrn(?AmbY{z@}z?v13@sfz^hDuWrJ;wUPRU6Sm1f@<S*!vP%LepEb|IrEGm?v
zn9@`rAKT(0#I&qwj#gPJU6k)({@^(%sfI#tHguahZB++)9+HFlK}3$%dJ-{IE`89*
zf6%D&pzu2PNn_NIXvXp1{W)t<7-Hk)EO;G@2i2BJPy<0MnIKMZT4$&8X^TDi9JpRv
z!kATgFJhH0p+S^;M%Uc)$+HRaY{3HpWQg4-EV!waM&dL2*(|=mz}tLjehh!ojd^r{
znityptxtqKb4dn^gu?+Y@dQ?0(v%6Mcj7us1-(>LO4kUvoZPx!uvk8csi|1tLHHkL
zm&RI3|C)Y)jkQ~4Kovvg#xvZ2f0?J17)gBB5BX?RvW4^voc^krqJ6{jw9`o8JxU)W
zwv#~`aa3U7M5H4ERTRq3Kb{wTvjJ(5*(K6UnMW9o@MUIK4D3&d_zEk+b4s2it9t7q
zm~va*rThlN*Be{<;u43-J40F=EgpgjCS;?x+1pI2ac_I2Q?A9KPQ?MM>?%m4=BvBR
zbZd6`g7d3D!G*Z}SVG-)90vrv#mibyL)`?vtc5?Ja>+fRwi1*X5PD7Dl|ay4{Knr!
zP|Sh9P<|fZ`SZZKjPq@4Gz#i#-2w{e>nYy^@@*O61oU+m?ZBP#RdMkU(zj#l6WZ5Z
z7PPPL>mkgqzbP5?8`!A?`}KW41pK9u^+g&$6u%Y5`S$PIzi<D((!c)!IZ2zG04f3i
DMAdK)

literal 0
HcmV?d00001

