var intervalSubject = (() => {
  var __defProp = Object.defineProperty;
  var __getOwnPropDesc = Object.getOwnPropertyDescriptor;
  var __getOwnPropNames = Object.getOwnPropertyNames;
  var __hasOwnProp = Object.prototype.hasOwnProperty;
  var __export = (target, all) => {
    for (var name in all)
      __defProp(target, name, { get: all[name], enumerable: true });
  };
  var __copyProps = (to, from, except, desc) => {
    if (from && typeof from === "object" || typeof from === "function") {
      for (let key of __getOwnPropNames(from))
        if (!__hasOwnProp.call(to, key) && key !== except)
          __defProp(to, key, { get: () => from[key], enumerable: !(desc = __getOwnPropDesc(from, key)) || desc.enumerable });
    }
    return to;
  };
  var __toCommonJS = (mod) => __copyProps(__defProp({}, "__esModule", { value: true }), mod);

  // <stdin>
  var stdin_exports = {};
  __export(stdin_exports, {
    createNativeTemporalTransitionProvider: () => createNativeTemporalTransitionProvider,
    resolveLocalDateIntervals: () => resolveLocalDateIntervals
  });

  // source/src/lib/time/civil-date.ts
  function parseCivilDate(value) {
    if (typeof value !== "string" || value.length !== 10) return null;
    const match = /^(\d{4})-(\d{2})-(\d{2})$/.exec(value);
    if (!match) return null;
    const year = Number(match[1]);
    const month = Number(match[2]);
    const day = Number(match[3]);
    if (month < 1 || month > 12 || day < 1) return null;
    const leap = year % 4 === 0 && (year % 100 !== 0 || year % 400 === 0);
    const days = month === 2 ? leap ? 29 : 28 : [4, 6, 9, 11].includes(month) ? 30 : 31;
    return day <= days ? { year, month, day } : null;
  }

  // source/src/lib/time/technical-locales.ts
  var TECHNICAL_OFFSET_LOCALE = "en-US";

  // source/src/lib/time/localToUtc.ts
  var offsetFormatters = /* @__PURE__ */ new Map();
  function offsetFormatter(tz) {
    if (typeof tz !== "string" || tz.length === 0) {
      throw new RangeError("An explicit supported timezone is required.");
    }
    let f = offsetFormatters.get(tz);
    if (!f) {
      try {
        f = new Intl.DateTimeFormat(TECHNICAL_OFFSET_LOCALE, { timeZone: tz, timeZoneName: "longOffset" });
      } catch {
        throw new RangeError("An explicit supported timezone is required.");
      }
      offsetFormatters.set(tz, f);
    }
    return f;
  }
  function offsetAt(tz, utcMs) {
    const parts = offsetFormatter(tz).formatToParts(utcMs);
    const name = parts.find((p) => p.type === "timeZoneName")?.value ?? "GMT";
    const m = name.match(/GMT([+-])?(\d{1,2})?(?::(\d{2}))?(?::(\d{2}))?/);
    if (!m) return 0;
    const sign = m[1] === "-" ? -1 : 1;
    const h = Number(m[2] ?? 0);
    const min = Number(m[3] ?? 0);
    const s = Number(m[4] ?? 0);
    return sign * (h * 60 + min + s / 60);
  }

  // source/src/lib/time/local-date-intervals.ts
  var DAY = 864e5;
  var DATE_LIMIT = 864e13;
  var MAX_TRANSITIONS = 32;
  function createNativeTemporalTransitionProvider() {
    const temporal = Reflect.get(globalThis, "Temporal");
    if (!temporal || typeof temporal !== "object") return null;
    const instant = Reflect.get(temporal, "Instant");
    const zoned = Reflect.get(temporal, "ZonedDateTime");
    if (typeof instant !== "function" || typeof zoned !== "function") return null;
    const from = Reflect.get(instant, "fromEpochMilliseconds");
    const prototype = Reflect.get(zoned, "prototype");
    if (typeof from !== "function" || !prototype || typeof prototype !== "object" || typeof Reflect.get(prototype, "getTimeZoneTransition") !== "function") return null;
    let validatedZone;
    const at = (timeZone, milliseconds) => {
      if (validatedZone !== timeZone) {
        new Intl.DateTimeFormat("en-US", { timeZone });
        validatedZone = timeZone;
      }
      const value = Reflect.apply(from, instant, [milliseconds]);
      return value.toZonedDateTimeISO(timeZone);
    };
    return Object.freeze({
      completeness: "complete-transitions-v1",
      offsetMilliseconds(timeZone, instantMilliseconds) {
        const nanoseconds = at(timeZone, instantMilliseconds).offsetNanoseconds;
        if (!Number.isSafeInteger(nanoseconds) || nanoseconds % 1e6 !== 0) {
          throw new ProviderViolation();
        }
        const milliseconds = nanoseconds / 1e6;
        if (Math.round(offsetAt(timeZone, instantMilliseconds) * 6e4) !== milliseconds) {
          throw new ProviderViolation();
        }
        return milliseconds;
      },
      nextTransitionMilliseconds(timeZone, after) {
        const next = at(timeZone, after).getTimeZoneTransition("next");
        if (next === null) return null;
        const nanoseconds = next.epochNanoseconds;
        if (typeof nanoseconds !== "bigint" || nanoseconds % 1000000n !== 0n) {
          throw new ProviderViolation();
        }
        return Number(nanoseconds / 1000000n);
      }
    });
  }
  var ProviderViolation = class extends Error {
  };
  function unresolved(reason) {
    return Object.freeze({ status: "unresolved", reason });
  }
  function validInstant(value) {
    return typeof value === "number" && Number.isSafeInteger(value) && Math.abs(value) <= DATE_LIMIT;
  }
  function resolveLocalDateIntervals(date, timeZone, provider) {
    const civil = parseCivilDate(date);
    if (!civil || typeof timeZone !== "string" || timeZone.trim().length === 0) {
      return unresolved("invalid-input");
    }
    const wall = /* @__PURE__ */ new Date(0);
    wall.setUTCFullYear(civil.year, civil.month - 1, civil.day);
    wall.setUTCHours(0, 0, 0, 0);
    const midnight = wall.getTime();
    const lower = midnight - DAY;
    const upper = midnight + 2 * DAY;
    const intervals = [];
    try {
      const source = provider === void 0 ? createNativeTemporalTransitionProvider() : provider;
      if (source === null) return unresolved("provider-unavailable");
      if (!source || typeof source !== "object" || Reflect.get(source, "completeness") !== "complete-transitions-v1") {
        return unresolved("invalid-provider");
      }
      const offsetMethod = Reflect.get(source, "offsetMilliseconds");
      const transitionMethod = Reflect.get(source, "nextTransitionMilliseconds");
      if (typeof offsetMethod !== "function" || typeof transitionMethod !== "function") {
        return unresolved("invalid-provider");
      }
      const offsetAt2 = (instant) => {
        const offset2 = Reflect.apply(offsetMethod, source, [timeZone, instant]);
        if (typeof offset2 !== "number" || !Number.isSafeInteger(offset2) || Math.abs(offset2) >= DAY) {
          throw new ProviderViolation();
        }
        return offset2;
      };
      const append = (start, endExclusive, offset2) => {
        const first = Math.max(start, midnight - offset2);
        const end = Math.min(endExclusive, midnight + DAY - offset2);
        if (first >= end) return;
        const previous = intervals.at(-1);
        if (previous && previous.endExclusive === first) {
          intervals[intervals.length - 1] = { start: previous.start, endExclusive: end };
        } else {
          intervals.push({ start: first, endExclusive: end });
        }
      };
      let cursor = lower;
      let offset = offsetAt2(cursor);
      for (let transitions = 0; transitions <= MAX_TRANSITIONS; transitions += 1) {
        const candidate = Reflect.apply(transitionMethod, source, [timeZone, cursor]);
        let next;
        if (candidate === null) next = null;
        else if (validInstant(candidate) && candidate > cursor) next = candidate;
        else throw new ProviderViolation();
        const end = next === null ? upper : Math.min(next, upper);
        if (offsetAt2(end - 1) !== offset) throw new ProviderViolation();
        append(cursor, end, offset);
        if (next === null || next >= upper) {
          const frozen = Object.freeze(intervals.map((interval) => Object.freeze(interval)));
          if (frozen.length === 0) return Object.freeze({ status: "empty", intervals: Object.freeze([]) });
          return Object.freeze({ status: "existing", intervals: frozen });
        }
        if (transitions === MAX_TRANSITIONS) return unresolved("transition-limit");
        const nextOffset = offsetAt2(next);
        if (nextOffset === offset) throw new ProviderViolation();
        cursor = next;
        offset = nextOffset;
      }
      return unresolved("transition-limit");
    } catch (error) {
      return unresolved(error instanceof ProviderViolation ? "provider-violation" : "provider-failed");
    }
  }
  return __toCommonJS(stdin_exports);
})();
