var helperSubject = (() => {
  var __defProp = Object.defineProperty;
  var __getOwnPropDesc = Object.getOwnPropertyDescriptor;
  var __getOwnPropNames = Object.getOwnPropertyNames;
  var __hasOwnProp = Object.prototype.hasOwnProperty;
  var __export = (target, all) => {
    for (var name in all)
      __defProp(target, name, { get: all[name], enumerable: true });
  };
  var __copyProps = (to, from, except, desc) => {
    if (from && typeof from === "object" || typeof from === "function") {
      for (let key of __getOwnPropNames(from))
        if (!__hasOwnProp.call(to, key) && key !== except)
          __defProp(to, key, { get: () => from[key], enumerable: !(desc = __getOwnPropDesc(from, key)) || desc.enumerable });
    }
    return to;
  };
  var __toCommonJS = (mod) => __copyProps(__defProp({}, "__esModule", { value: true }), mod);

  // <stdin>
  var stdin_exports = {};
  __export(stdin_exports, {
    localDateContainsUtc: () => localDateContainsUtc,
    offsetAt: () => offsetAt,
    resolveLocalToUtc: () => resolveLocalToUtc,
    runIndependentChecks: () => runIndependentChecks
  });

  // source/src/lib/time/technical-locales.ts
  var TECHNICAL_OFFSET_LOCALE = "en-US";
  var TECHNICAL_WALL_LOCALE = "en-CA";

  // source/src/lib/time/civil-date.ts
  function parseCivilDate(value) {
    if (typeof value !== "string" || value.length !== 10) return null;
    const match = /^(\d{4})-(\d{2})-(\d{2})$/.exec(value);
    if (!match) return null;
    const year = Number(match[1]);
    const month = Number(match[2]);
    const day = Number(match[3]);
    if (month < 1 || month > 12 || day < 1) return null;
    const leap = year % 4 === 0 && (year % 100 !== 0 || year % 400 === 0);
    const days = month === 2 ? leap ? 29 : 28 : [4, 6, 9, 11].includes(month) ? 30 : 31;
    return day <= days ? { year, month, day } : null;
  }
  function parseCivilTime(value) {
    if (typeof value !== "string" || value.length !== 5) return null;
    const match = /^(\d{2}):(\d{2})$/.exec(value);
    if (!match) return null;
    const hour = Number(match[1]);
    const minute = Number(match[2]);
    return hour <= 23 && minute <= 59 ? { hour, minute } : null;
  }

  // source/src/lib/time/localToUtc.ts
  var offsetFormatters = /* @__PURE__ */ new Map();
  var wallFormatters = /* @__PURE__ */ new Map();
  function offsetFormatter(tz) {
    if (typeof tz !== "string" || tz.length === 0) {
      throw new RangeError("An explicit supported timezone is required.");
    }
    let f = offsetFormatters.get(tz);
    if (!f) {
      try {
        f = new Intl.DateTimeFormat(TECHNICAL_OFFSET_LOCALE, { timeZone: tz, timeZoneName: "longOffset" });
      } catch {
        throw new RangeError("An explicit supported timezone is required.");
      }
      offsetFormatters.set(tz, f);
    }
    return f;
  }
  function wallFormatter(tz) {
    let f = wallFormatters.get(tz);
    if (!f) {
      f = new Intl.DateTimeFormat(TECHNICAL_WALL_LOCALE, {
        timeZone: tz,
        calendar: "gregory",
        numberingSystem: "latn",
        era: "short",
        year: "numeric",
        month: "2-digit",
        day: "2-digit",
        hour: "2-digit",
        minute: "2-digit",
        second: "2-digit",
        fractionalSecondDigits: 3,
        hourCycle: "h23"
      });
      wallFormatters.set(tz, f);
    }
    return f;
  }
  function offsetAt(tz, utcMs) {
    const parts = offsetFormatter(tz).formatToParts(utcMs);
    const name = parts.find((p) => p.type === "timeZoneName")?.value ?? "GMT";
    const m = name.match(/GMT([+-])?(\d{1,2})?(?::(\d{2}))?(?::(\d{2}))?/);
    if (!m) return 0;
    const sign = m[1] === "-" ? -1 : 1;
    const h = Number(m[2] ?? 0);
    const min = Number(m[3] ?? 0);
    const s = Number(m[4] ?? 0);
    return sign * (h * 60 + min + s / 60);
  }
  function wallStringAt(tz, utcMs) {
    const parts = wallFormatter(tz).formatToParts(utcMs);
    const part = (type) => parts.find((candidate) => candidate.type === type)?.value ?? "";
    const era = part("era");
    if (era !== "AD" && era !== "BC") throw new RangeError("Could not read Gregorian era.");
    const year = era === "BC" ? 1 - Number(part("year")) : Number(part("year"));
    const isoYear = year >= 0 && year <= 9999 ? String(year).padStart(4, "0") : `${year < 0 ? "-" : "+"}${String(Math.abs(year)).padStart(6, "0")}`;
    return `${isoYear}-${part("month")}-${part("day")}T${part("hour")}:${part("minute")}:${part("second")}.${part("fractionalSecond")}`;
  }
  function localDateContainsUtc(date, utc, timeZone) {
    try {
      if (!parseCivilDate(date) || typeof timeZone !== "string" || timeZone.length === 0) {
        throw new RangeError();
      }
      const instant = Date.prototype.getTime.call(utc);
      if (!Number.isFinite(instant)) throw new RangeError();
      return wallStringAt(timeZone, instant).split("T")[0] === date;
    } catch {
      throw new RangeError("Could not determine local-date membership from the supplied date, instant and explicit timezone.");
    }
  }
  function resolveLocalToUtc(date, time, tz) {
    const civilDate = parseCivilDate(date);
    const civilTime = parseCivilTime(time);
    if (!civilDate || !civilTime) {
      throw new RangeError("resolveLocalToUtc needs a valid YYYY-MM-DD date and HH:MM time.");
    }
    const wallDate = /* @__PURE__ */ new Date(0);
    wallDate.setUTCFullYear(civilDate.year, civilDate.month - 1, civilDate.day);
    wallDate.setUTCHours(civilTime.hour, civilTime.minute, 0, 0);
    const wallMs = wallDate.getTime();
    const wallStr = `${date}T${time}:00.000`;
    const sampled = [
      offsetAt(tz, wallMs - 36 * 36e5),
      offsetAt(tz, wallMs),
      offsetAt(tz, wallMs + 36 * 36e5)
    ];
    const candidates = [...new Set(sampled)];
    const matches = [];
    for (const off of candidates) {
      const utcMs = wallMs - Math.round(off * 6e4);
      if (wallStringAt(tz, utcMs) === wallStr) {
        matches.push({ utcMs, offset: offsetAt(tz, utcMs) });
      }
    }
    const flags = [];
    let chosen;
    if (matches.length === 1) {
      chosen = matches[0];
    } else if (matches.length > 1) {
      matches.sort((a, b) => a.utcMs - b.utcMs);
      chosen = matches[0];
      flags.push("dst-fold");
    } else {
      const before = offsetAt(tz, wallMs - 36 * 36e5);
      const utcMs = wallMs - Math.round(before * 6e4);
      chosen = { utcMs, offset: offsetAt(tz, utcMs) };
      flags.push("dst-gap");
    }
    if (Math.abs(chosen.offset % 1) > 1e-9) flags.push("lmt");
    return { utc: new Date(chosen.utcMs), offsetMinutes: chosen.offset, flags };
  }

  // cases.mjs
  function runIndependentChecks(api, intervalApi, crossRealmDate) {
    const errorMessage = "Could not determine local-date membership from the supplied date, instant and explicit timezone.";
    const records = [];
    let coercions = 0;
    const check = (yes, message) => {
      if (!yes) throw Error(message);
    };
    const call = (label, date, instant, zone, expected) => {
      const actual = api.localDateContainsUtc(date, instant, zone);
      check(actual === expected, label + " membership mismatch");
      records.push({ label, kind: "membership", expected, actual });
    };
    const bad = (label, date, instant, zone) => {
      let caught;
      try {
        api.localDateContainsUtc(date, instant, zone);
      } catch (e) {
        caught = e;
      }
      check(caught instanceof RangeError, label + " must throw RangeError");
      check(caught.message === errorMessage, label + " changed fixed error");
      check(caught.cause === void 0, label + " error retains cause");
      check(!String(caught).includes("PRIVATE_SENTINEL"), label + " leaks input");
      records.push({ label, kind: "rejected", name: caught.name, message: caught.message, causeAbsent: true });
    };
    const normal = /* @__PURE__ */ new Date("2000-01-01T00:00:00.000Z");
    for (const [label, date] of [
      ["missing", void 0],
      ["null", null],
      ["boxed", new String("2000-01-01")],
      ["array", ["2000-01-01"]],
      ["unicode-fullwidth", "\uFF12\uFF10\uFF10\uFF10-\uFF10\uFF11-\uFF10\uFF11"],
      ["arabic-digits", "\u0662\u0660\u0660\u0660-\u0660\u0661-\u0660\u0661"],
      ["year-signed", "+000000-01-01"],
      ["negative-zero", "-0000-01-01"],
      ["leap-century", "0100-02-29"],
      ["year-zero-invalid-day", "0000-02-30"],
      ["empty", ""],
      ["embedded-newline", "2000\n01-01"],
      ["trailing-space", "2000-01-01 "],
      ["extended-year", "10000-01-01"],
      ["coercible-object", { toString() {
        coercions++;
        throw Error("PRIVATE_SENTINEL");
      } }]
    ]) bad("date-" + label, date, normal, "UTC");
    const proxyDate = new Proxy(normal, { get() {
      coercions++;
      throw Error("PRIVATE_SENTINEL proxy get");
    } });
    const revocable = Proxy.revocable(normal, {});
    revocable.revoke();
    const forged = { getTime() {
      coercions++;
      return normal.getTime();
    }, [Symbol.toStringTag]: "Date" };
    for (const [label, instant] of [["number", 0], ["string", "2000-01-01T00:00Z"], ["null", null], ["undefined", void 0], ["bigint", 0n], ["symbol", /* @__PURE__ */ Symbol("PRIVATE_SENTINEL")], ["invalid-Date", /* @__PURE__ */ new Date(NaN)], ["forged-tag", forged], ["prototype-only", Object.create(Date.prototype)], ["proxy-Date", proxyDate], ["revoked-proxy-Date", revocable.proxy]]) bad("instant-" + label, "2000-01-01", instant, "UTC");
    for (const [label, zone] of [["undefined", void 0], ["null", null], ["boolean", false], ["number", 0], ["boxed", new String("UTC")], ["object", { toString() {
      coercions++;
      throw Error("PRIVATE_SENTINEL zone");
    } }], ["empty", ""], ["leading-space", " UTC"], ["trailing-newline", "UTC\n"], ["offset-plus24", "+24:00"], ["offset-minus24", "-24:00"], ["offset-seconds", "+01:00:30"], ["Temporal-timeZoneLike", "2000-01-01T00:00[UTC]"], ["prototype-name", "__proto__"], ["constructor-name", "constructor"], ["unknown", "PRIVATE_SENTINEL/Unknown"]]) bad("zone-" + label, "2000-01-01", normal, zone);
    check(coercions === 0, "Rejected domain invoked coercion/property traps");
    const internal = Date.prototype.getTime;
    const overridden = new Date(normal.getTime());
    Object.defineProperty(overridden, "getTime", { get() {
      coercions++;
      throw Error("PRIVATE_SENTINEL overridden getter");
    } });
    class Subclass extends Date {
      getTime() {
        coercions++;
        throw Error("PRIVATE_SENTINEL subclass");
      }
      valueOf() {
        coercions++;
        throw Error("PRIVATE_SENTINEL valueOf");
      }
      get [Symbol.toStringTag]() {
        coercions++;
        throw Error("PRIVATE_SENTINEL tag");
      }
    }
    const noPrototype = new Date(normal.getTime());
    Object.setPrototypeOf(noPrototype, null);
    const frozen = Object.freeze(new Date(normal.getTime()));
    for (const [label, value] of [["overridden-getter", overridden], ["subclass", new Subclass(normal.getTime())], ["no-prototype", noPrototype], ["frozen-Date", frozen], ["cross-realm-Date", crossRealmDate]]) {
      const before = internal.call(value);
      call(label, "2000-01-01", value, "UTC", true);
      check(internal.call(value) === before, "Mutated Date internal value");
    }
    Object.defineProperty(crossRealmDate, "getTime", { get() {
      coercions++;
      throw Error("PRIVATE_SENTINEL foreign getter");
    } });
    call("cross-realm-overridden-getter", "2000-01-01", crossRealmDate, "UTC", true);
    check(coercions === 0, "Actual Date override invoked");
    const boundaries = [
      ["zero-first", "0000-01-01", "0000-01-01T00:00:00.000Z", "UTC", true],
      ["zero-before", "0000-01-01", "-000001-12-31T23:59:59.999Z", "UTC", false],
      ["zero-last", "0000-01-01", "0000-01-01T23:59:59.999Z", "UTC", true],
      ["zero-after", "0000-01-01", "0000-01-02T00:00:00.000Z", "UTC", false],
      ["zero-leap-last", "0000-02-29", "0000-02-29T23:59:59.999Z", "UTC", true],
      ["zero-leap-after", "0000-02-29", "0000-03-01T00:00:00.000Z", "UTC", false],
      ["zero-plus-offset-first", "0000-01-01", "-000001-12-31T00:01:00.000Z", "+23:59", true],
      ["zero-plus-offset-before", "0000-01-01", "-000001-12-31T00:00:59.999Z", "+23:59", false],
      ["year99-last", "0099-12-31", "0099-12-31T23:59:59.999Z", "UTC", true],
      ["year99-after", "0099-12-31", "0100-01-01T00:00:00.000Z", "UTC", false],
      ["maximum-last", "9999-12-31", "9999-12-31T23:59:59.999Z", "UTC", true],
      ["maximum-after", "9999-12-31", "+010000-01-01T00:00:00.000Z", "UTC", false],
      ["maximum-minus-offset-last", "9999-12-31", "+010000-01-01T23:58:59.999Z", "-23:59", true],
      ["maximum-minus-offset-after", "9999-12-31", "+010000-01-01T23:59:00.000Z", "-23:59", false],
      ["LMT-before-midnight", "1907-07-06", "1907-07-06T06:36:35.999Z", "America/Mexico_City", false],
      ["LMT-exact-midnight", "1907-07-06", "1907-07-06T06:36:36.000Z", "America/Mexico_City", true],
      ["LMT-last-millisecond", "1907-07-06", "1907-07-07T06:36:35.999Z", "America/Mexico_City", true],
      ["LMT-next-midnight", "1907-07-06", "1907-07-07T06:36:36.000Z", "America/Mexico_City", false],
      ["Monrovia-before-short-date", "1972-01-07", "1972-01-07T00:44:29.999Z", "Africa/Monrovia", false],
      ["Monrovia-first-short-date", "1972-01-07", "1972-01-07T00:44:30.000Z", "Africa/Monrovia", true],
      ["Toronto-omitted-start-member", "1919-03-31", "1919-03-31T04:30:00.000Z", "America/Toronto", true],
      ["StJohns-interruption-before", "2009-11-01", "2009-11-01T02:30:59.999Z", "America/St_Johns", true],
      ["StJohns-interruption-start", "2009-11-01", "2009-11-01T02:31:00.000Z", "America/St_Johns", false],
      ["StJohns-return-before", "2009-11-01", "2009-11-01T03:29:59.999Z", "America/St_Johns", false],
      ["StJohns-return-start", "2009-11-01", "2009-11-01T03:30:00.000Z", "America/St_Johns", true]
    ];
    for (const [label, date, instant, zone, expected] of boundaries) call(label, date, new Date(instant), zone, expected);
    call("Date-scale-positive-limit-not-9999", "9999-12-31", /* @__PURE__ */ new Date(864e13), "UTC", false);
    call("Date-scale-negative-limit-not-zero", "0000-01-01", /* @__PURE__ */ new Date(-864e13), "UTC", false);
    const zoneAdmission = [];
    for (const zone of ["utc", "US/Eastern", "Etc/GMT+12", "GMT", "+01", "+0100", "+01:00", "-00:00", "Pacific/Kiritimati"]) {
      const date = /* @__PURE__ */ new Date("2000-01-01T23:30:00.000Z"), f = new Intl.DateTimeFormat("en-US", { timeZone: zone, calendar: "gregory", numberingSystem: "latn", year: "numeric", month: "2-digit", day: "2-digit" }), parts = f.formatToParts(date), p = (type) => parts.find((x) => x.type === type).value, requested = `${p("year")}-${p("month")}-${p("day")}`;
      call("host-identifier-" + zone, requested, date, zone, true);
      zoneAdmission.push({ zone, canonical: f.resolvedOptions().timeZone, requested });
    }
    const originalFormat = Intl.DateTimeFormat, originalParts = Intl.DateTimeFormat.prototype.formatToParts;
    try {
      Intl.DateTimeFormat = new Proxy(originalFormat, { construct() {
        throw Error("PRIVATE_SENTINEL constructor");
      } });
      bad("host-constructor-failure", "2000-01-01", normal, "Etc/GMT-4");
    } finally {
      Intl.DateTimeFormat = originalFormat;
    }
    try {
      Intl.DateTimeFormat.prototype.formatToParts = function() {
        throw Error("PRIVATE_SENTINEL cached formatter");
      };
      bad("host-cached-formatter-failure", "2000-01-01", normal, "UTC");
    } finally {
      Intl.DateTimeFormat.prototype.formatToParts = originalParts;
    }
    const skipped = [];
    for (const [date, zone] of [["2011-12-30", "Pacific/Apia"], ["1993-08-21", "Pacific/Kwajalein"], ["1994-12-31", "Pacific/Kiritimati"], ["1844-12-31", "Pacific/Guam"]]) {
      const result = api.resolveLocalToUtc(date, "12:00", zone);
      call("real-selected-noon-refusal-" + zone, date, result.utc, zone, false);
      skipped.push({ date, zone, utc: result.utc.toISOString(), flags: result.flags, qualification: "Refuses this selected instant; existence proof is separate" });
    }
    const transition = Date.parse("2000-01-01T00:00Z"), syntheticZone = "Synthetic/IndependentForward15Hours", offset = (t) => t < transition ? 0 : 15 * 36e5;
    const utcFormatter = new originalFormat("en-US", { timeZone: "UTC", calendar: "gregory", numberingSystem: "latn", era: "short", year: "numeric", month: "2-digit", day: "2-digit", hour: "2-digit", minute: "2-digit", second: "2-digit", fractionalSecondDigits: 3, hourCycle: "h23" });
    let synthetic;
    try {
      Intl.DateTimeFormat = new Proxy(originalFormat, { construct(target, args, newTarget) {
        const opts = args[1];
        if (opts?.timeZone !== syntheticZone) return Reflect.construct(target, args, newTarget);
        return { formatToParts(value) {
          const ms = Number(value);
          return opts.timeZoneName === "longOffset" ? [{ type: "timeZoneName", value: offset(ms) === 0 ? "GMT" : "GMT+15:00" }] : utcFormatter.formatToParts(ms + offset(ms));
        } };
      } });
      const noon = api.resolveLocalToUtc("2000-01-01", "12:00", syntheticZone);
      call("synthetic-nonempty-date-noon-refusal", "2000-01-01", noon.utc, syntheticZone, false);
      call("synthetic-nonempty-date-actual-member", "2000-01-01", new Date(transition), syntheticZone, true);
      const interval = intervalApi.resolveLocalDateIntervals("2000-01-01", syntheticZone, { completeness: "complete-transitions-v1", offsetMilliseconds: (_, t) => offset(t), nextTransitionMilliseconds: (_, after) => after < transition ? transition : null });
      check(interval.status === "existing" && interval.intervals.length === 1 && interval.intervals[0].start === transition && interval.intervals[0].endExclusive === transition + 9 * 36e5, "Synthetic complete model mismatch");
      synthetic = { noon: noon.utc.toISOString(), syntheticNoonWall: new Date(noon.utc.getTime() + offset(noon.utc.getTime())).toISOString(), interval, notRealZone: true };
    } finally {
      Intl.DateTimeFormat = originalFormat;
    }
    check(coercions === 0, "Domain checking invoked caller coercion");
    return { checks: records.length, records, coercionOrOverrideCalls: coercions, crossRealmInstanceofCurrentDate: crossRealmDate instanceof Date, zoneAdmission, skipped, synthetic, qualification: "Independent helper-domain and exact membership controls; no caller, whole-date candidate, new ephemeris, SDK API, or hostile-global-sandbox claim." };
  }
  return __toCommonJS(stdin_exports);
})();
