{
  "status": "passed",
  "base": "3845a04bcea822da3c30a18848ef3d8d133b7b66",
  "patchSha256": "50330a5cc5865f44872f607795b1135bf5c98a0a1ffd06113ccf6cfcebff5922",
  "supplementFiles": 4,
  "combinedFrozenFiles": 16,
  "originalC014FilesStillByteIdentical": 12,
  "testChangesExactlyTwoConstantsAndOneTitle": true,
  "oldCatalogCounts": 418,
  "newCatalogCounts": 419,
  "baselineTests": {
    "total": 26,
    "passed": 24,
    "failed": 2
  },
  "candidateTests": {
    "total": 26,
    "passed": 26,
    "failed": 0
  },
  "priorReviewedWorkflowByteIdentical": true,
  "allowanceExactlyOldSixPlusTwoCountTests": true,
  "actualCli": {
    "final16ChangedPaths8ProtectedPass": true,
    "oldSixPathAllowanceRejected": true,
    "wrongComparisonBaseRejected": true
  },
  "guardSourceByteIdenticalToBase": true,
  "finalFrozenHashesIntact": true,
  "changedPaths": [
    ".github/phase1-scope-allowance.json",
    ".github/workflows/site-check.yml",
    "src/islands/ChartCalculator.ownership.test.ts",
    "src/islands/ChartCalculator.tsx",
    "src/islands/MoonPhaseTool.tsx",
    "src/lib/i18n/index.test.ts",
    "src/lib/i18n/ui/en.ts",
    "src/lib/i18n/ui/es.ts",
    "src/lib/i18n/ui/fr.ts",
    "src/lib/i18n/ui/it.ts",
    "src/lib/i18n/ui/pt.ts",
    "src/lib/i18n/ui/ru.test.ts",
    "src/lib/i18n/ui/ru.ts",
    "src/lib/time/localDateContainsUtc.test.ts",
    "src/lib/time/localToUtc.ts",
    "tests/local-date-reference-drive.mjs"
  ],
  "qualification": "Supplemental locale-test/count and exact-base scope review only; no new product, native, full-suite, CI or deployment claim."
}
