[
  {
    "scriptId": "71",
    "url": "http://127.0.0.1:49799/_astro/chart-adapter.DdfW9XjH.js",
    "functions": [
      {
        "functionName": "",
        "ranges": [
          {
            "startOffset": 0,
            "endOffset": 50306,
            "count": 1
          }
        ],
        "isBlockCoverage": true
      },
      {
        "functionName": "ne",
        "ranges": [
          {
            "startOffset": 615,
            "endOffset": 708,
            "count": 0
          }
        ],
        "isBlockCoverage": false
      },
      {
        "functionName": "O",
        "ranges": [
          {
            "startOffset": 708,
            "endOffset": 813,
            "count": 0
          }
        ],
        "isBlockCoverage": false
      },
      {
        "functionName": "k",
        "ranges": [
          {
            "startOffset": 813,
            "endOffset": 850,
            "count": 0
          }
        ],
        "isBlockCoverage": false
      },
      {
        "functionName": "",
        "ranges": [
          {
            "startOffset": 857,
            "endOffset": 1205,
            "count": 1
          }
        ],
        "isBlockCoverage": true
      },
      {
        "functionName": "ie",
        "ranges": [
          {
            "startOffset": 1452,
            "endOffset": 1509,
            "count": 0
          }
        ],
        "isBlockCoverage": false
      },
      {
        "functionName": "M",
        "ranges": [
          {
            "startOffset": 1509,
            "endOffset": 1561,
            "count": 0
          }
        ],
        "isBlockCoverage": false
      },
      {
        "functionName": "",
        "ranges": [
          {
            "startOffset": 1568,
            "endOffset": 1634,
            "count": 1
          }
        ],
        "isBlockCoverage": true
      },
      {
        "functionName": "F",
        "ranges": [
          {
            "startOffset": 21152,
            "endOffset": 22355,
            "count": 0
          }
        ],
        "isBlockCoverage": false
      },
      {
        "functionName": "L",
        "ranges": [
          {
            "startOffset": 22363,
            "endOffset": 22397,
            "count": 0
          }
        ],
        "isBlockCoverage": false
      },
      {
        "functionName": "e",
        "ranges": [
          {
            "startOffset": 22411,
            "endOffset": 22824,
            "count": 0
          }
        ],
        "isBlockCoverage": false
      },
      {
        "functionName": "FromTerrestrialTime",
        "ranges": [
          {
            "startOffset": 22831,
            "endOffset": 22936,
            "count": 0
          }
        ],
        "isBlockCoverage": false
      },
      {
        "functionName": "toString",
        "ranges": [
          {
            "startOffset": 22936,
            "endOffset": 22978,
            "count": 0
          }
        ],
        "isBlockCoverage": false
      },
      {
        "functionName": "AddDays",
        "ranges": [
          {
            "startOffset": 22978,
            "endOffset": 23013,
            "count": 0
          }
        ],
        "isBlockCoverage": false
      },
      {
        "functionName": "z",
        "ranges": [
          {
            "startOffset": 23015,
            "endOffset": 23062,
            "count": 0
          }
        ],
        "isBlockCoverage": false
      },
      {
        "functionName": "ae",
        "ranges": [
          {
            "startOffset": 23062,
            "endOffset": 23771,
            "count": 0
          }
        ],
        "isBlockCoverage": false
      },
      {
        "functionName": "B",
        "ranges": [
          {
            "startOffset": 23771,
            "endOffset": 23886,
            "count": 0
          }
        ],
        "isBlockCoverage": false
      },
      {
        "functionName": "V",
        "ranges": [
          {
            "startOffset": 23893,
            "endOffset": 24065,
            "count": 0
          }
        ],
        "isBlockCoverage": false
      },
      {
        "functionName": "H",
        "ranges": [
          {
            "startOffset": 24065,
            "endOffset": 24160,
            "count": 0
          }
        ],
        "isBlockCoverage": false
      },
      {
        "functionName": "U",
        "ranges": [
          {
            "startOffset": 24160,
            "endOffset": 24193,
            "count": 0
          }
        ],
        "isBlockCoverage": false
      },
      {
        "functionName": "ce",
        "ranges": [
          {
            "startOffset": 24202,
            "endOffset": 30399,
            "count": 0
          }
        ],
        "isBlockCoverage": false
      },
      {
        "functionName": "le",
        "ranges": [
          {
            "startOffset": 30399,
            "endOffset": 30577,
            "count": 0
          }
        ],
        "isBlockCoverage": false
      },
      {
        "functionName": "ue",
        "ranges": [
          {
            "startOffset": 30577,
            "endOffset": 30617,
            "count": 0
          }
        ],
        "isBlockCoverage": false
      },
      {
        "functionName": "de",
        "ranges": [
          {
            "startOffset": 30617,
            "endOffset": 31302,
            "count": 0
          }
        ],
        "isBlockCoverage": false
      },
      {
        "functionName": "fe",
        "ranges": [
          {
            "startOffset": 31302,
            "endOffset": 31401,
            "count": 0
          }
        ],
        "isBlockCoverage": false
      },
      {
        "functionName": "me",
        "ranges": [
          {
            "startOffset": 31408,
            "endOffset": 31621,
            "count": 0
          }
        ],
        "isBlockCoverage": false
      },
      {
        "functionName": "he",
        "ranges": [
          {
            "startOffset": 31621,
            "endOffset": 31652,
            "count": 0
          }
        ],
        "isBlockCoverage": false
      },
      {
        "functionName": "ge",
        "ranges": [
          {
            "startOffset": 31652,
            "endOffset": 31692,
            "count": 0
          }
        ],
        "isBlockCoverage": false
      },
      {
        "functionName": "_e",
        "ranges": [
          {
            "startOffset": 31692,
            "endOffset": 32064,
            "count": 0
          }
        ],
        "isBlockCoverage": false
      },
      {
        "functionName": "W",
        "ranges": [
          {
            "startOffset": 32076,
            "endOffset": 32133,
            "count": 0
          }
        ],
        "isBlockCoverage": false
      },
      {
        "functionName": "Length",
        "ranges": [
          {
            "startOffset": 32133,
            "endOffset": 32182,
            "count": 0
          }
        ],
        "isBlockCoverage": false
      },
      {
        "functionName": "G",
        "ranges": [
          {
            "startOffset": 32192,
            "endOffset": 32285,
            "count": 0
          }
        ],
        "isBlockCoverage": false
      },
      {
        "functionName": "ve",
        "ranges": [
          {
            "startOffset": 32296,
            "endOffset": 32358,
            "count": 0
          }
        ],
        "isBlockCoverage": false
      },
      {
        "functionName": "K",
        "ranges": [
          {
            "startOffset": 32368,
            "endOffset": 32394,
            "count": 1
          }
        ],
        "isBlockCoverage": true
      },
      {
        "functionName": "ye",
        "ranges": [
          {
            "startOffset": 32405,
            "endOffset": 32465,
            "count": 0
          }
        ],
        "isBlockCoverage": false
      },
      {
        "functionName": "be",
        "ranges": [
          {
            "startOffset": 32467,
            "endOffset": 32515,
            "count": 0
          }
        ],
        "isBlockCoverage": false
      },
      {
        "functionName": "xe",
        "ranges": [
          {
            "startOffset": 32515,
            "endOffset": 32696,
            "count": 0
          }
        ],
        "isBlockCoverage": false
      },
      {
        "functionName": "q",
        "ranges": [
          {
            "startOffset": 32696,
            "endOffset": 32924,
            "count": 0
          }
        ],
        "isBlockCoverage": false
      },
      {
        "functionName": "Se",
        "ranges": [
          {
            "startOffset": 32924,
            "endOffset": 33230,
            "count": 0
          }
        ],
        "isBlockCoverage": false
      },
      {
        "functionName": "Ce",
        "ranges": [
          {
            "startOffset": 33230,
            "endOffset": 33414,
            "count": 0
          }
        ],
        "isBlockCoverage": false
      },
      {
        "functionName": "we",
        "ranges": [
          {
            "startOffset": 33414,
            "endOffset": 33514,
            "count": 0
          }
        ],
        "isBlockCoverage": false
      },
      {
        "functionName": "J",
        "ranges": [
          {
            "startOffset": 33514,
            "endOffset": 33647,
            "count": 0
          }
        ],
        "isBlockCoverage": false
      },
      {
        "functionName": "Te",
        "ranges": [
          {
            "startOffset": 33647,
            "endOffset": 33822,
            "count": 0
          }
        ],
        "isBlockCoverage": false
      },
      {
        "functionName": "ke",
        "ranges": [
          {
            "startOffset": 33850,
            "endOffset": 34008,
            "count": 0
          }
        ],
        "isBlockCoverage": false
      },
      {
        "functionName": "Ae",
        "ranges": [
          {
            "startOffset": 34008,
            "endOffset": 34105,
            "count": 0
          }
        ],
        "isBlockCoverage": false
      },
      {
        "functionName": "je",
        "ranges": [
          {
            "startOffset": 34105,
            "endOffset": 34209,
            "count": 0
          }
        ],
        "isBlockCoverage": false
      },
      {
        "functionName": "Me",
        "ranges": [
          {
            "startOffset": 34209,
            "endOffset": 34508,
            "count": 0
          }
        ],
        "isBlockCoverage": false
      },
      {
        "functionName": "Ne",
        "ranges": [
          {
            "startOffset": 34508,
            "endOffset": 34589,
            "count": 0
          }
        ],
        "isBlockCoverage": false
      },
      {
        "functionName": "Pe",
        "ranges": [
          {
            "startOffset": 34589,
            "endOffset": 34713,
            "count": 0
          }
        ],
        "isBlockCoverage": false
      },
      {
        "functionName": "e",
        "ranges": [
          {
            "startOffset": 40752,
            "endOffset": 40798,
            "count": 0
          }
        ],
        "isBlockCoverage": false
      },
      {
        "functionName": "clone",
        "ranges": [
          {
            "startOffset": 40798,
            "endOffset": 40841,
            "count": 0
          }
        ],
        "isBlockCoverage": false
      },
      {
        "functionName": "ToAstroVector",
        "ranges": [
          {
            "startOffset": 40841,
            "endOffset": 40895,
            "count": 0
          }
        ],
        "isBlockCoverage": false
      },
      {
        "functionName": "zero",
        "ranges": [
          {
            "startOffset": 40902,
            "endOffset": 40929,
            "count": 0
          }
        ],
        "isBlockCoverage": false
      },
      {
        "functionName": "quadrature",
        "ranges": [
          {
            "startOffset": 40929,
            "endOffset": 40991,
            "count": 0
          }
        ],
        "isBlockCoverage": false
      },
      {
        "functionName": "add",
        "ranges": [
          {
            "startOffset": 40991,
            "endOffset": 41045,
            "count": 0
          }
        ],
        "isBlockCoverage": false
      },
      {
        "functionName": "sub",
        "ranges": [
          {
            "startOffset": 41045,
            "endOffset": 41099,
            "count": 0
          }
        ],
        "isBlockCoverage": false
      },
      {
        "functionName": "incr",
        "ranges": [
          {
            "startOffset": 41099,
            "endOffset": 41143,
            "count": 0
          }
        ],
        "isBlockCoverage": false
      },
      {
        "functionName": "decr",
        "ranges": [
          {
            "startOffset": 41143,
            "endOffset": 41187,
            "count": 0
          }
        ],
        "isBlockCoverage": false
      },
      {
        "functionName": "mul",
        "ranges": [
          {
            "startOffset": 41187,
            "endOffset": 41235,
            "count": 0
          }
        ],
        "isBlockCoverage": false
      },
      {
        "functionName": "div",
        "ranges": [
          {
            "startOffset": 41235,
            "endOffset": 41283,
            "count": 0
          }
        ],
        "isBlockCoverage": false
      },
      {
        "functionName": "mean",
        "ranges": [
          {
            "startOffset": 41283,
            "endOffset": 41350,
            "count": 0
          }
        ],
        "isBlockCoverage": false
      },
      {
        "functionName": "neg",
        "ranges": [
          {
            "startOffset": 41350,
            "endOffset": 41394,
            "count": 0
          }
        ],
        "isBlockCoverage": false
      },
      {
        "functionName": "e",
        "ranges": [
          {
            "startOffset": 41407,
            "endOffset": 41454,
            "count": 0
          }
        ],
        "isBlockCoverage": false
      },
      {
        "functionName": "clone",
        "ranges": [
          {
            "startOffset": 41454,
            "endOffset": 41498,
            "count": 0
          }
        ],
        "isBlockCoverage": false
      },
      {
        "functionName": "sub",
        "ranges": [
          {
            "startOffset": 41498,
            "endOffset": 41559,
            "count": 0
          }
        ],
        "isBlockCoverage": false
      },
      {
        "functionName": "ze",
        "ranges": [
          {
            "startOffset": 41561,
            "endOffset": 41644,
            "count": 0
          }
        ],
        "isBlockCoverage": false
      },
      {
        "functionName": "Be",
        "ranges": [
          {
            "startOffset": 41644,
            "endOffset": 41743,
            "count": 0
          }
        ],
        "isBlockCoverage": false
      },
      {
        "functionName": "Ve",
        "ranges": [
          {
            "startOffset": 41743,
            "endOffset": 41827,
            "count": 0
          }
        ],
        "isBlockCoverage": false
      },
      {
        "functionName": "He",
        "ranges": [
          {
            "startOffset": 41840,
            "endOffset": 42265,
            "count": 0
          }
        ],
        "isBlockCoverage": false
      },
      {
        "functionName": "Acceleration",
        "ranges": [
          {
            "startOffset": 42265,
            "endOffset": 42438,
            "count": 0
          }
        ],
        "isBlockCoverage": false
      },
      {
        "functionName": "e",
        "ranges": [
          {
            "startOffset": 42451,
            "endOffset": 42509,
            "count": 0
          }
        ],
        "isBlockCoverage": false
      },
      {
        "functionName": "clone",
        "ranges": [
          {
            "startOffset": 42509,
            "endOffset": 42584,
            "count": 0
          }
        ],
        "isBlockCoverage": false
      },
      {
        "functionName": "We",
        "ranges": [
          {
            "startOffset": 42595,
            "endOffset": 42636,
            "count": 0
          }
        ],
        "isBlockCoverage": false
      },
      {
        "functionName": "Ge",
        "ranges": [
          {
            "startOffset": 42638,
            "endOffset": 42733,
            "count": 0
          }
        ],
        "isBlockCoverage": false
      },
      {
        "functionName": "Ke",
        "ranges": [
          {
            "startOffset": 42733,
            "endOffset": 42796,
            "count": 0
          }
        ],
        "isBlockCoverage": false
      },
      {
        "functionName": "qe",
        "ranges": [
          {
            "startOffset": 42796,
            "endOffset": 42971,
            "count": 0
          }
        ],
        "isBlockCoverage": false
      },
      {
        "functionName": "Ye",
        "ranges": [
          {
            "startOffset": 42981,
            "endOffset": 43042,
            "count": 0
          }
        ],
        "isBlockCoverage": false
      },
      {
        "functionName": "Xe",
        "ranges": [
          {
            "startOffset": 43042,
            "endOffset": 43178,
            "count": 0
          }
        ],
        "isBlockCoverage": false
      },
      {
        "functionName": "Ze",
        "ranges": [
          {
            "startOffset": 43178,
            "endOffset": 43645,
            "count": 0
          }
        ],
        "isBlockCoverage": false
      },
      {
        "functionName": "Qe",
        "ranges": [
          {
            "startOffset": 43645,
            "endOffset": 43769,
            "count": 0
          }
        ],
        "isBlockCoverage": false
      },
      {
        "functionName": "$e",
        "ranges": [
          {
            "startOffset": 43769,
            "endOffset": 44240,
            "count": 0
          }
        ],
        "isBlockCoverage": false
      },
      {
        "functionName": "$",
        "ranges": [
          {
            "startOffset": 44399,
            "endOffset": 44852,
            "count": 0
          }
        ],
        "isBlockCoverage": false
      },
      {
        "functionName": "et",
        "ranges": [
          {
            "startOffset": 44852,
            "endOffset": 45115,
            "count": 0
          }
        ],
        "isBlockCoverage": false
      },
      {
        "functionName": "tt",
        "ranges": [
          {
            "startOffset": 45128,
            "endOffset": 45224,
            "count": 0
          }
        ],
        "isBlockCoverage": false
      },
      {
        "functionName": "Position",
        "ranges": [
          {
            "startOffset": 45224,
            "endOffset": 45407,
            "count": 0
          }
        ],
        "isBlockCoverage": false
      },
      {
        "functionName": "nt",
        "ranges": [
          {
            "startOffset": 45409,
            "endOffset": 45725,
            "count": 0
          }
        ],
        "isBlockCoverage": false
      },
      {
        "functionName": "rt",
        "ranges": [
          {
            "startOffset": 45725,
            "endOffset": 45878,
            "count": 0
          }
        ],
        "isBlockCoverage": false
      },
      {
        "functionName": "it",
        "ranges": [
          {
            "startOffset": 45878,
            "endOffset": 45947,
            "count": 0
          }
        ],
        "isBlockCoverage": false
      },
      {
        "functionName": "at",
        "ranges": [
          {
            "startOffset": 45947,
            "endOffset": 46560,
            "count": 0
          }
        ],
        "isBlockCoverage": false
      },
      {
        "functionName": "",
        "ranges": [
          {
            "startOffset": 46568,
            "endOffset": 46640,
            "count": 1
          }
        ],
        "isBlockCoverage": true
      },
      {
        "functionName": "st",
        "ranges": [
          {
            "startOffset": 46651,
            "endOffset": 47338,
            "count": 0
          }
        ],
        "isBlockCoverage": false
      },
      {
        "functionName": "ct",
        "ranges": [
          {
            "startOffset": 47338,
            "endOffset": 47470,
            "count": 0
          }
        ],
        "isBlockCoverage": false
      },
      {
        "functionName": "lt",
        "ranges": [
          {
            "startOffset": 47470,
            "endOffset": 47649,
            "count": 0
          }
        ],
        "isBlockCoverage": false
      },
      {
        "functionName": "ut",
        "ranges": [
          {
            "startOffset": 47649,
            "endOffset": 47716,
            "count": 0
          }
        ],
        "isBlockCoverage": false
      },
      {
        "functionName": "dt",
        "ranges": [
          {
            "startOffset": 47716,
            "endOffset": 47765,
            "count": 0
          }
        ],
        "isBlockCoverage": false
      },
      {
        "functionName": "ft",
        "ranges": [
          {
            "startOffset": 47765,
            "endOffset": 47873,
            "count": 0
          }
        ],
        "isBlockCoverage": false
      },
      {
        "functionName": "",
        "ranges": [
          {
            "startOffset": 47881,
            "endOffset": 47973,
            "count": 1
          }
        ],
        "isBlockCoverage": true
      },
      {
        "functionName": "",
        "ranges": [
          {
            "startOffset": 47992,
            "endOffset": 48090,
            "count": 1
          }
        ],
        "isBlockCoverage": true
      },
      {
        "functionName": "_t",
        "ranges": [
          {
            "startOffset": 48387,
            "endOffset": 48526,
            "count": 0
          }
        ],
        "isBlockCoverage": false
      },
      {
        "functionName": "vt",
        "ranges": [
          {
            "startOffset": 48526,
            "endOffset": 48587,
            "count": 0
          }
        ],
        "isBlockCoverage": false
      },
      {
        "functionName": "yt",
        "ranges": [
          {
            "startOffset": 48587,
            "endOffset": 48752,
            "count": 0
          }
        ],
        "isBlockCoverage": false
      },
      {
        "functionName": "bt",
        "ranges": [
          {
            "startOffset": 48752,
            "endOffset": 48971,
            "count": 0
          }
        ],
        "isBlockCoverage": false
      },
      {
        "functionName": "xt",
        "ranges": [
          {
            "startOffset": 48971,
            "endOffset": 49003,
            "count": 0
          }
        ],
        "isBlockCoverage": false
      },
      {
        "functionName": "St",
        "ranges": [
          {
            "startOffset": 49003,
            "endOffset": 49156,
            "count": 0
          }
        ],
        "isBlockCoverage": false
      },
      {
        "functionName": "Ct",
        "ranges": [
          {
            "startOffset": 49156,
            "endOffset": 49254,
            "count": 0
          }
        ],
        "isBlockCoverage": false
      },
      {
        "functionName": "wt",
        "ranges": [
          {
            "startOffset": 49254,
            "endOffset": 49523,
            "count": 0
          }
        ],
        "isBlockCoverage": false
      },
      {
        "functionName": "Tt",
        "ranges": [
          {
            "startOffset": 49523,
            "endOffset": 49593,
            "count": 0
          }
        ],
        "isBlockCoverage": false
      },
      {
        "functionName": "Et",
        "ranges": [
          {
            "startOffset": 49593,
            "endOffset": 50010,
            "count": 0
          }
        ],
        "isBlockCoverage": false
      },
      {
        "functionName": "Dt",
        "ranges": [
          {
            "startOffset": 50017,
            "endOffset": 50093,
            "count": 0
          }
        ],
        "isBlockCoverage": false
      },
      {
        "functionName": "Ot",
        "ranges": [
          {
            "startOffset": 50094,
            "endOffset": 50250,
            "count": 0
          }
        ],
        "isBlockCoverage": false
      }
    ]
  },
  {
    "scriptId": "81",
    "url": "http://127.0.0.1:49799/_astro/calculator-receipt.DqIFvBmX.js",
    "functions": [
      {
        "functionName": "",
        "ranges": [
          {
            "startOffset": 0,
            "endOffset": 16370,
            "count": 1
          }
        ],
        "isBlockCoverage": true
      },
      {
        "functionName": "l",
        "ranges": [
          {
            "startOffset": 294,
            "endOffset": 643,
            "count": 0
          }
        ],
        "isBlockCoverage": false
      },
      {
        "functionName": "u",
        "ranges": [
          {
            "startOffset": 643,
            "endOffset": 1047,
            "count": 0
          }
        ],
        "isBlockCoverage": false
      },
      {
        "functionName": "<instance_members_initializer>",
        "ranges": [
          {
            "startOffset": 1391,
            "endOffset": 1395,
            "count": 0
          }
        ],
        "isBlockCoverage": true
      },
      {
        "functionName": "g",
        "ranges": [
          {
            "startOffset": 1396,
            "endOffset": 1541,
            "count": 0
          }
        ],
        "isBlockCoverage": false
      },
      {
        "functionName": "C",
        "ranges": [
          {
            "startOffset": 2450,
            "endOffset": 2479,
            "count": 0
          }
        ],
        "isBlockCoverage": false
      },
      {
        "functionName": "w",
        "ranges": [
          {
            "startOffset": 2479,
            "endOffset": 2534,
            "count": 0
          }
        ],
        "isBlockCoverage": false
      },
      {
        "functionName": "te",
        "ranges": [
          {
            "startOffset": 2534,
            "endOffset": 2612,
            "count": 0
          }
        ],
        "isBlockCoverage": false
      },
      {
        "functionName": "T",
        "ranges": [
          {
            "startOffset": 2612,
            "endOffset": 3938,
            "count": 0
          }
        ],
        "isBlockCoverage": false
      },
      {
        "functionName": "E",
        "ranges": [
          {
            "startOffset": 3938,
            "endOffset": 4042,
            "count": 0
          }
        ],
        "isBlockCoverage": false
      },
      {
        "functionName": "D",
        "ranges": [
          {
            "startOffset": 4042,
            "endOffset": 4172,
            "count": 0
          }
        ],
        "isBlockCoverage": false
      },
      {
        "functionName": "O",
        "ranges": [
          {
            "startOffset": 4172,
            "endOffset": 4253,
            "count": 0
          }
        ],
        "isBlockCoverage": false
      },
      {
        "functionName": "k",
        "ranges": [
          {
            "startOffset": 4253,
            "endOffset": 4365,
            "count": 0
          }
        ],
        "isBlockCoverage": false
      },
      {
        "functionName": "A",
        "ranges": [
          {
            "startOffset": 4365,
            "endOffset": 4428,
            "count": 0
          }
        ],
        "isBlockCoverage": false
      },
      {
        "functionName": "j",
        "ranges": [
          {
            "startOffset": 4428,
            "endOffset": 4564,
            "count": 0
          }
        ],
        "isBlockCoverage": false
      },
      {
        "functionName": "M",
        "ranges": [
          {
            "startOffset": 4564,
            "endOffset": 4687,
            "count": 0
          }
        ],
        "isBlockCoverage": false
      },
      {
        "functionName": "ne",
        "ranges": [
          {
            "startOffset": 4687,
            "endOffset": 4847,
            "count": 0
          }
        ],
        "isBlockCoverage": false
      },
      {
        "functionName": "N",
        "ranges": [
          {
            "startOffset": 4847,
            "endOffset": 5055,
            "count": 0
          }
        ],
        "isBlockCoverage": false
      },
      {
        "functionName": "P",
        "ranges": [
          {
            "startOffset": 5055,
            "endOffset": 5125,
            "count": 0
          }
        ],
        "isBlockCoverage": false
      },
      {
        "functionName": "F",
        "ranges": [
          {
            "startOffset": 5125,
            "endOffset": 5234,
            "count": 0
          }
        ],
        "isBlockCoverage": false
      },
      {
        "functionName": "I",
        "ranges": [
          {
            "startOffset": 5234,
            "endOffset": 5269,
            "count": 0
          }
        ],
        "isBlockCoverage": false
      },
      {
        "functionName": "L",
        "ranges": [
          {
            "startOffset": 5269,
            "endOffset": 5312,
            "count": 0
          }
        ],
        "isBlockCoverage": false
      },
      {
        "functionName": "R",
        "ranges": [
          {
            "startOffset": 5312,
            "endOffset": 5348,
            "count": 0
          }
        ],
        "isBlockCoverage": false
      },
      {
        "functionName": "z",
        "ranges": [
          {
            "startOffset": 5348,
            "endOffset": 5401,
            "count": 0
          }
        ],
        "isBlockCoverage": false
      },
      {
        "functionName": "B",
        "ranges": [
          {
            "startOffset": 5401,
            "endOffset": 7109,
            "count": 0
          }
        ],
        "isBlockCoverage": false
      },
      {
        "functionName": "V",
        "ranges": [
          {
            "startOffset": 7109,
            "endOffset": 8074,
            "count": 0
          }
        ],
        "isBlockCoverage": false
      },
      {
        "functionName": "H",
        "ranges": [
          {
            "startOffset": 8074,
            "endOffset": 8253,
            "count": 0
          }
        ],
        "isBlockCoverage": false
      },
      {
        "functionName": "U",
        "ranges": [
          {
            "startOffset": 8253,
            "endOffset": 8352,
            "count": 0
          }
        ],
        "isBlockCoverage": false
      },
      {
        "functionName": "W",
        "ranges": [
          {
            "startOffset": 8352,
            "endOffset": 9327,
            "count": 0
          }
        ],
        "isBlockCoverage": false
      },
      {
        "functionName": "G",
        "ranges": [
          {
            "startOffset": 9327,
            "endOffset": 11257,
            "count": 0
          }
        ],
        "isBlockCoverage": false
      },
      {
        "functionName": "K",
        "ranges": [
          {
            "startOffset": 11257,
            "endOffset": 11364,
            "count": 0
          }
        ],
        "isBlockCoverage": false
      },
      {
        "functionName": "q",
        "ranges": [
          {
            "startOffset": 11364,
            "endOffset": 11406,
            "count": 0
          }
        ],
        "isBlockCoverage": false
      },
      {
        "functionName": "J",
        "ranges": [
          {
            "startOffset": 11406,
            "endOffset": 12805,
            "count": 0
          }
        ],
        "isBlockCoverage": false
      },
      {
        "functionName": "Y",
        "ranges": [
          {
            "startOffset": 12805,
            "endOffset": 12841,
            "count": 0
          }
        ],
        "isBlockCoverage": false
      },
      {
        "functionName": "X",
        "ranges": [
          {
            "startOffset": 12841,
            "endOffset": 13548,
            "count": 0
          }
        ],
        "isBlockCoverage": false
      },
      {
        "functionName": "ie",
        "ranges": [
          {
            "startOffset": 13611,
            "endOffset": 14234,
            "count": 0
          }
        ],
        "isBlockCoverage": false
      },
      {
        "functionName": "ae",
        "ranges": [
          {
            "startOffset": 14234,
            "endOffset": 14305,
            "count": 0
          }
        ],
        "isBlockCoverage": false
      },
      {
        "functionName": "Z",
        "ranges": [
          {
            "startOffset": 14305,
            "endOffset": 14464,
            "count": 0
          }
        ],
        "isBlockCoverage": false
      },
      {
        "functionName": "oe",
        "ranges": [
          {
            "startOffset": 14464,
            "endOffset": 15001,
            "count": 0
          }
        ],
        "isBlockCoverage": false
      },
      {
        "functionName": "se",
        "ranges": [
          {
            "startOffset": 15001,
            "endOffset": 15077,
            "count": 0
          }
        ],
        "isBlockCoverage": false
      },
      {
        "functionName": "ce",
        "ranges": [
          {
            "startOffset": 15077,
            "endOffset": 15109,
            "count": 0
          }
        ],
        "isBlockCoverage": false
      },
      {
        "functionName": "<instance_members_initializer>",
        "ranges": [
          {
            "startOffset": 15135,
            "endOffset": 15160,
            "count": 0
          }
        ],
        "isBlockCoverage": true
      },
      {
        "functionName": "Q",
        "ranges": [
          {
            "startOffset": 15161,
            "endOffset": 15251,
            "count": 0
          }
        ],
        "isBlockCoverage": false
      },
      {
        "functionName": "$",
        "ranges": [
          {
            "startOffset": 15253,
            "endOffset": 15354,
            "count": 0
          }
        ],
        "isBlockCoverage": false
      },
      {
        "functionName": "le",
        "ranges": [
          {
            "startOffset": 15354,
            "endOffset": 15668,
            "count": 0
          }
        ],
        "isBlockCoverage": false
      },
      {
        "functionName": "ue",
        "ranges": [
          {
            "startOffset": 15668,
            "endOffset": 16331,
            "count": 0
          }
        ],
        "isBlockCoverage": false
      }
    ]
  }
]
