{"name":"download-ordinary","status":"passed"}
{"name":"download-gap-hour","status":"passed"}
{"name":"download-fold-earlier","status":"passed"}
{"name":"download-gap-half-hour","status":"passed"}
{"name":"download-gap-whole-day-unknown","status":"passed"}
{"name":"download-LMT","status":"passed"}
{"name":"download-polar-requested-placidus","status":"passed"}
{"name":"download-unknown-local-noon","status":"passed"}
{"name":"preserve-fixed-offset","status":"passed"}
{"name":"preserve-subminute-gap","status":"passed"}
{"name":"preserve-exact-pole","status":"passed"}
{"name":"stale-DOM-after-edit","status":"passed"}
{"name":"replacement-run","status":"passed"}
{"name":"positions-only-has-no-receipt","status":"passed"}
{"name":"locale-en","status":"passed"}
{"name":"locale-es","status":"passed"}
{"name":"locale-pt","status":"passed"}
{"name":"locale-fr","status":"passed"}
{"name":"locale-it","status":"passed"}
{"name":"locale-ru","status":"passed"}
{"passed":20,"failed":0}
