# Independent saved-natal primitive review

Frozen patch **5d61510dec09e42ad2196c173da5a88f206a85af5809a27562b1daf0cc2f83a5** passed this bounded review. **22 native acceptance groups passed**, no failed or environment-blocked groups. An additional quota-only rerun confirmed that the per-origin override was removed before the disposable browser context closed. It adds cleanup evidence, not two new distinct acceptance cases. No unresolved blocker was found within the callable primitive's declared scope.

This is independent execution on copied, hashed source by `/root/adoption_review`; the author is `/root/portable_calculation` and root remains integrator. Source, tests and application files were not edited by this reviewer. The author reports 74 focused tests and strict TypeScript passing; those are the author's evidence, not another suite run by this reviewer.

## Exact scope and provenance

- Base: `dcc4e437a99f812666cd19dc85e6d781dbb3bedc`; author Freeze 1 contains four new profile files, listed in `freeze.json`.
- Runtime: Node **22.23.2**, actual Chrome **152.0.7977.83**, Playwright from the installed root dependency. Each acceptance case gets an independent disposable browser context and local HTTP origin; no user browser, profile, account or production data is used.
- Synthetic chart: UTC/source spelling `2001-12-21T08:30:00-00:00`, latitude 78.2232, longitude 15.6267, requested placidus, timeKnown false. Owner A is `account:10000000-0000-4000-8000-000000000001`; B is `account:20000000-0000-4000-8000-000000000002`; controlled record ID is `30000000-0000-4000-8000-000000000003`.
- `@zodiacs/engine` **0.1.1-rc.5** is physically copied. Its 23 installed files equal the vendored archive members byte for byte. Archive SHA256: `1809c1686843a6be148eb185535e32059a20c35896e29ccfc7583a6b2738da65`. Astronomy dependency and every bundled input are hashed. The subject bundle SHA256 is `a8e89d71bb205c493a22d33e575849122831b6d02dc20dbd058848805ee4be57`.
- Final integrity check: all four author files still equal Freeze 1; six supporting/package files match root; nine protected legacy profile/account/living-chart files match the author's delivered base. `source-integrity.json` records exact hashes and root HEAD. This is source preservation evidence, not a fresh UI/full-suite run.

## Native results that matter

- Import does not open IndexedDB. No-label create/read/export works; missing is explicit null. Export excludes the local owner/record identity.
- Authority callback and returned-field getter both revoke during authority evaluation: operations fail with no value and **zero database opens**. A→B→A with changed epoch cannot revive the old handle.
- Revocation from an actual add request's success event aborts the native transaction: stale, `mayHaveCommitted:false`, zero stored rows. Revocation from a native transaction complete listener fires after a real commit: stale, **`mayHaveCommitted:true`**, one stored row under the captured owner, and no result value. Closing alone is not accepted as rollback proof.
- A queued open behind a genuinely blocked native deletion settles stale while that deletion remains blocked. Releasing the blocker later does not leave a database connection open. Another case revokes at the actual native open success event and proves that late connection closes.
- Two separate connections racing at 39 records yield one saved and one full, final count 40. Two permitted concurrent creates both remain. Same ID under two account owners stays partitioned, and deleting A does not delete B.
- Future DB v2 and wrong native index schema fail explicitly. Outer v2/v10, invalid inner envelope, future inner version/required feature, and 41-row corruption fail with appropriate unsupported/corrupt outcomes rather than empty data. Explicit owner clear can remove corrupted over-cap rows.
- Native abort rolls back. Successful clear consumes and closes its handle; failed clear also consumes it. Another same-owner handle can save after clear: this **declared limit is verified**, not certified as durable account erasure.
- Native quota: warm schema usage **73,728 bytes**; CDP override sets the disposable origin quota to exactly **73,728 bytes**. One synthetic create returns `quota-exceeded`, `mayHaveCommitted:false`, with zero rows. No device filling or unbounded writes. The initial run's original quota was 1,118,388,155 bytes. A dedicated cleanup rerun started at 950,473,585 bytes, applied the same 73,728-byte limit, reproduced the failure, then confirmed `overrideActive:false` and the original 950,473,585-byte quota restored before closing the context. Browser and server close in finally. Quota-run page errors/external requests are empty; ordinary cases also report none.

## Findings, corrections and qualification

1. Independently reproduced early-draft liveness defect: `revoke()` invalidated the open pointer without settling its Promise. A real open queued behind another tab's blocked delete remained unresolved after 1,000 ms and completed only after the unrelated blocker released. `pre-freeze-open-review` preserves copied source SHA256 `ffd47ff6f699a1e6cdb0fcf872df3290d91febb6ffbf3affa19b93c916a53964`, harness, native result and log. Freeze 1 adds explicit logical-open cancellation; native acceptance verifies prompt stale settlement before release and late cleanup. The early snapshot is not frozen-patch acceptance.
2. Root/author supplied earlier wrong no-label field count, future v10 classification, and consumed-clear connection concerns. This reviewer verified their corrected frozen behavior in the actual browser; initial failure evidence belongs to root/author.
3. Proposed trailing-newline UUID concern was **disproved** by actual Node 22 execution. It is not a product bug or claimed fix. LF/CR controls remain negative tests. `identifier-negative-control.log` retains the direct probe.
4. Initial bundle preparation omitted the transitive `astronomy-engine` package and failed resolution. The raw build failure is retained; the dependency was physically copied and hashed before the successful build. No acceptance ran on the failed bundle.

## Scope limits for delivery

The callback is application policy, not authentication or protection against hostile same-origin code. The new database is opened only by explicit invocation. Existing global account-switch, archive, export, deletion, cross-tab lease and durable-clear integration remains a later dependency and must precede activation. A clear only consumes its own handle; another handle's later transaction may create data. No default singleton, UI, automatic storage discovery, network sync, legacy migration or Astrofolio work is added or certified here.

This record supports integration and broader verification of the bounded primitive. It does **not** claim release-ready status, publication, deployment, account-lifecycle completion, numerical revalidation of the already delivered calculation, or external adoption.

## Reproduction and raw evidence

`native/driver.mjs` requires `freeze.json`, and loads `native/subject.js` built from the physical `frozen-source` copy. `native/entry.ts`, `native/build.mjs`, `native/bundle-inputs.json`, runtime results and the generated bundle are retained. `COMMANDS.md` records executed commands. `native/result-1788844220579.json` is the 22-group acceptance result; `native/quota-cleanup-result-1788844305849.json` is the separate cleanup check. Delivery files carry `.log` suffixes to prevent test/build discovery when archived in repository evidence; `manifest.json` maps each back to its original relative path and SHA256.
