Public archive consumer check of the vendored @zodiacs/engine 0.1.1-rc.7 archive: every check passed on Node 22.22.2 and Node 24.21.0.
{
  "version": "0.1.1-rc.7",
  "sha256": "49b2b03f50fea8a625d443d4fd0f6d03ffc22831e54009fd09c49d07c8698f90",
  "publicExamples": "passed",
  "types": "passed",
  "archive": "vendor/zodiacs-engine-0.1.1-rc.7.tgz",
  "harness": "scripts/verify-packed-consumer.mjs from zodiacs-org/engine at 6e14f3f7c5e3475fefce973a65ce4fc5d846ad85, run as published there",
  "typescript": "5.9.3",
  "checks": [
    "publicExamples",
    "errors",
    "optionalIsolation",
    "geoRetry",
    "geoSchemaRecovery",
    "geoCacheMutationIsolation",
    "natalEnvelope",
    "redactedDiagnostic",
    "typedFlagCompatibility",
    "derivedEchoReplay",
    "suppliedChartMetadata",
    "flagRejections",
    "scalarSnapshots",
    "civilSettingsBeforeIntl",
    "types"
  ],
  "runtimes": [
    "v22.22.2",
    "v24.21.0"
  ],
  "installation": "Each run makes a fresh consumer directory, installs the vendored archive and its public dependencies from npm and TypeScript 5.9.3, and uses only the root, geo and receipt exports and the archive declarations.",
  "attribution": "Automated consumer check run by the integrator on 2026-09-24; not an independent review."
}
