{
  "at": "2026-09-08T06:20:26.624187+00:00",
  "postbuildGroups": [
    {
      "file": "browser-postbuild/native-zoom-result.json",
      "sha256": "0b4104f86d129f225fe1a0fcabfd9d51289df425a75ebd12af356fb7017747c6",
      "passed": 1,
      "failed": 0
    },
    {
      "file": "browser-postbuild/post-natal-result-1788848276855.json",
      "sha256": "3f9a1c6a24f987e2041e1a197ff2e38e4f805213384042adc4f27c08c7efa307",
      "passed": 1,
      "failed": 0
    },
    {
      "file": "browser-postbuild/result-1788848185529.json",
      "sha256": "b27a9635100b06750d63911d620bd3d5504b34c328b8c424ee3e7fb958d234b3",
      "passed": 20,
      "failed": 0
    },
    {
      "file": "browser-postbuild/targeted-result-1788848233960.json",
      "sha256": "e7e02d5a13e7f3ed014a92377eea7b3172660ecfc52f60453013471a306f9726",
      "passed": 9,
      "failed": 0
    }
  ],
  "passed": 31,
  "failed": 0,
  "externalHTTPRequestsInRecordedContextRuns": [],
  "separateNativeDirectiveReorderControls": 2,
  "separateNativeDirectiveReorderStatus": "passed"
}
