{
  "at": "2026-09-08T05:34:42.611Z",
  "node": "v22.23.2",
  "browser": "152.0.7977.83",
  "purpose": "Independent actual Chrome recheck of 16 Node-discovered historical context counterexamples; synthetic baseline helpers, not author patch acceptance",
  "results": [
    {
      "zone": "America/Caracas",
      "date": "1890-01-01",
      "time": "00:00",
      "detailsLinkAccepted": true,
      "instant": "1890-01-01T04:27:44.000Z",
      "offsetMinutes": -267.6666666666667,
      "flags": [
        "lmt"
      ],
      "legacySuccess": true,
      "gapShiftMinutes": 0.06666666666666667,
      "portableWithoutContextSuccess": true,
      "portableContextSuccess": false,
      "failureCode": "calculation_failed"
    },
    {
      "zone": "America/Dawson_Creek",
      "date": "1884-01-01",
      "time": "00:00",
      "detailsLinkAccepted": true,
      "instant": "1884-01-01T08:00:56.000Z",
      "offsetMinutes": -480,
      "flags": [],
      "legacySuccess": true,
      "gapShiftMinutes": 0.9333333333333333,
      "portableWithoutContextSuccess": true,
      "portableContextSuccess": false,
      "failureCode": "calculation_failed"
    },
    {
      "zone": "America/Goose_Bay",
      "date": "1935-03-30",
      "time": "00:00",
      "detailsLinkAccepted": true,
      "instant": "1935-03-30T03:30:52.000Z",
      "offsetMinutes": -210,
      "flags": [],
      "legacySuccess": true,
      "gapShiftMinutes": 0.8666666666666667,
      "portableWithoutContextSuccess": true,
      "portableContextSuccess": false,
      "failureCode": "calculation_failed"
    },
    {
      "zone": "America/Manaus",
      "date": "1914-01-01",
      "time": "00:00",
      "detailsLinkAccepted": true,
      "instant": "1914-01-01T04:00:04.000Z",
      "offsetMinutes": -240,
      "flags": [],
      "legacySuccess": true,
      "gapShiftMinutes": 0.06666666666666667,
      "portableWithoutContextSuccess": true,
      "portableContextSuccess": false,
      "failureCode": "calculation_failed"
    },
    {
      "zone": "America/Paramaribo",
      "date": "1935-01-01",
      "time": "00:00",
      "detailsLinkAccepted": true,
      "instant": "1935-01-01T03:40:52.000Z",
      "offsetMinutes": -220.6,
      "flags": [
        "lmt"
      ],
      "legacySuccess": true,
      "gapShiftMinutes": 0.26666666666666666,
      "portableWithoutContextSuccess": true,
      "portableContextSuccess": false,
      "failureCode": "calculation_failed"
    },
    {
      "zone": "America/Port-au-Prince",
      "date": "1890-01-01",
      "time": "00:00",
      "detailsLinkAccepted": true,
      "instant": "1890-01-01T04:49:20.000Z",
      "offsetMinutes": -289,
      "flags": [],
      "legacySuccess": true,
      "gapShiftMinutes": 0.3333333333333333,
      "portableWithoutContextSuccess": true,
      "portableContextSuccess": false,
      "failureCode": "calculation_failed"
    },
    {
      "zone": "America/Punta_Arenas",
      "date": "1890-01-01",
      "time": "00:00",
      "detailsLinkAccepted": true,
      "instant": "1890-01-01T04:43:40.000Z",
      "offsetMinutes": -282.75,
      "flags": [
        "lmt"
      ],
      "legacySuccess": true,
      "gapShiftMinutes": 0.9166666666666666,
      "portableWithoutContextSuccess": true,
      "portableContextSuccess": false,
      "failureCode": "calculation_failed"
    },
    {
      "zone": "America/St_Johns",
      "date": "1935-03-30",
      "time": "00:00",
      "detailsLinkAccepted": true,
      "instant": "1935-03-30T03:30:52.000Z",
      "offsetMinutes": -210,
      "flags": [],
      "legacySuccess": true,
      "gapShiftMinutes": 0.8666666666666667,
      "portableWithoutContextSuccess": true,
      "portableContextSuccess": false,
      "failureCode": "calculation_failed"
    },
    {
      "zone": "America/Whitehorse",
      "date": "1900-08-20",
      "time": "00:00",
      "detailsLinkAccepted": true,
      "instant": "1900-08-20T09:00:12.000Z",
      "offsetMinutes": -540,
      "flags": [],
      "legacySuccess": true,
      "gapShiftMinutes": 0.2,
      "portableWithoutContextSuccess": true,
      "portableContextSuccess": false,
      "failureCode": "calculation_failed"
    },
    {
      "zone": "Asia/Colombo",
      "date": "1880-01-01",
      "time": "00:00",
      "detailsLinkAccepted": true,
      "instant": "1879-12-31T18:40:36.000Z",
      "offsetMinutes": 319.53333333333336,
      "flags": [
        "lmt"
      ],
      "legacySuccess": true,
      "gapShiftMinutes": 0.13333333333333333,
      "portableWithoutContextSuccess": true,
      "portableContextSuccess": false,
      "failureCode": "calculation_failed"
    },
    {
      "zone": "Asia/Tbilisi",
      "date": "1924-05-02",
      "time": "00:00",
      "detailsLinkAccepted": true,
      "instant": "1924-05-01T21:00:49.000Z",
      "offsetMinutes": 180,
      "flags": [],
      "legacySuccess": true,
      "gapShiftMinutes": 0.8166666666666667,
      "portableWithoutContextSuccess": true,
      "portableContextSuccess": false,
      "failureCode": "calculation_failed"
    },
    {
      "zone": "Brazil/West",
      "date": "1914-01-01",
      "time": "00:00",
      "detailsLinkAccepted": true,
      "instant": "1914-01-01T04:00:04.000Z",
      "offsetMinutes": -240,
      "flags": [],
      "legacySuccess": true,
      "gapShiftMinutes": 0.06666666666666667,
      "portableWithoutContextSuccess": true,
      "portableContextSuccess": false,
      "failureCode": "calculation_failed"
    },
    {
      "zone": "Canada/Newfoundland",
      "date": "1935-03-30",
      "time": "00:00",
      "detailsLinkAccepted": true,
      "instant": "1935-03-30T03:30:52.000Z",
      "offsetMinutes": -210,
      "flags": [],
      "legacySuccess": true,
      "gapShiftMinutes": 0.8666666666666667,
      "portableWithoutContextSuccess": true,
      "portableContextSuccess": false,
      "failureCode": "calculation_failed"
    },
    {
      "zone": "Canada/Yukon",
      "date": "1900-08-20",
      "time": "00:00",
      "detailsLinkAccepted": true,
      "instant": "1900-08-20T09:00:12.000Z",
      "offsetMinutes": -540,
      "flags": [],
      "legacySuccess": true,
      "gapShiftMinutes": 0.2,
      "portableWithoutContextSuccess": true,
      "portableContextSuccess": false,
      "failureCode": "calculation_failed"
    },
    {
      "zone": "Pacific/Norfolk",
      "date": "1901-01-01",
      "time": "00:00",
      "detailsLinkAccepted": true,
      "instant": "1900-12-31T12:48:08.000Z",
      "offsetMinutes": 672,
      "flags": [],
      "legacySuccess": true,
      "gapShiftMinutes": 0.13333333333333333,
      "portableWithoutContextSuccess": true,
      "portableContextSuccess": false,
      "failureCode": "calculation_failed"
    },
    {
      "zone": "Pacific/Tongatapu",
      "date": "1945-09-10",
      "time": "00:00",
      "detailsLinkAccepted": true,
      "instant": "1945-09-09T11:40:48.000Z",
      "offsetMinutes": 740,
      "flags": [],
      "legacySuccess": true,
      "gapShiftMinutes": 0.8,
      "portableWithoutContextSuccess": true,
      "portableContextSuccess": false,
      "failureCode": "calculation_failed"
    }
  ],
  "pageErrors": [],
  "externalRequests": [],
  "contextClosed": true
}
