{
  "source": "time-edge-search/result.json; rechecked independently in historical-edge-browser-result.json",
  "node": "22.23.2",
  "icu": "78.2",
  "tzdb": "2026a",
  "browser": "152.0.7977.83",
  "fixtures": [
    {
      "zone": "America/Caracas",
      "date": "1890-01-01",
      "time": "00:00",
      "instant": "1890-01-01T04:27:44.000Z",
      "offsetMinutes": -267.6666666666667,
      "gapShiftMinutes": 0.06666666666666667,
      "flags": [
        "lmt"
      ]
    },
    {
      "zone": "America/Dawson_Creek",
      "date": "1884-01-01",
      "time": "00:00",
      "instant": "1884-01-01T08:00:56.000Z",
      "offsetMinutes": -480,
      "gapShiftMinutes": 0.9333333333333333,
      "flags": []
    },
    {
      "zone": "America/Goose_Bay",
      "date": "1935-03-30",
      "time": "00:00",
      "instant": "1935-03-30T03:30:52.000Z",
      "offsetMinutes": -210,
      "gapShiftMinutes": 0.8666666666666667,
      "flags": []
    },
    {
      "zone": "America/Manaus",
      "date": "1914-01-01",
      "time": "00:00",
      "instant": "1914-01-01T04:00:04.000Z",
      "offsetMinutes": -240,
      "gapShiftMinutes": 0.06666666666666667,
      "flags": []
    },
    {
      "zone": "America/Paramaribo",
      "date": "1935-01-01",
      "time": "00:00",
      "instant": "1935-01-01T03:40:52.000Z",
      "offsetMinutes": -220.6,
      "gapShiftMinutes": 0.26666666666666666,
      "flags": [
        "lmt"
      ]
    },
    {
      "zone": "America/Port-au-Prince",
      "date": "1890-01-01",
      "time": "00:00",
      "instant": "1890-01-01T04:49:20.000Z",
      "offsetMinutes": -289,
      "gapShiftMinutes": 0.3333333333333333,
      "flags": []
    },
    {
      "zone": "America/Punta_Arenas",
      "date": "1890-01-01",
      "time": "00:00",
      "instant": "1890-01-01T04:43:40.000Z",
      "offsetMinutes": -282.75,
      "gapShiftMinutes": 0.9166666666666666,
      "flags": [
        "lmt"
      ]
    },
    {
      "zone": "America/St_Johns",
      "date": "1935-03-30",
      "time": "00:00",
      "instant": "1935-03-30T03:30:52.000Z",
      "offsetMinutes": -210,
      "gapShiftMinutes": 0.8666666666666667,
      "flags": []
    },
    {
      "zone": "America/Whitehorse",
      "date": "1900-08-20",
      "time": "00:00",
      "instant": "1900-08-20T09:00:12.000Z",
      "offsetMinutes": -540,
      "gapShiftMinutes": 0.2,
      "flags": []
    },
    {
      "zone": "Asia/Colombo",
      "date": "1880-01-01",
      "time": "00:00",
      "instant": "1879-12-31T18:40:36.000Z",
      "offsetMinutes": 319.53333333333336,
      "gapShiftMinutes": 0.13333333333333333,
      "flags": [
        "lmt"
      ]
    },
    {
      "zone": "Asia/Tbilisi",
      "date": "1924-05-02",
      "time": "00:00",
      "instant": "1924-05-01T21:00:49.000Z",
      "offsetMinutes": 180,
      "gapShiftMinutes": 0.8166666666666667,
      "flags": []
    },
    {
      "zone": "Brazil/West",
      "date": "1914-01-01",
      "time": "00:00",
      "instant": "1914-01-01T04:00:04.000Z",
      "offsetMinutes": -240,
      "gapShiftMinutes": 0.06666666666666667,
      "flags": []
    },
    {
      "zone": "Canada/Newfoundland",
      "date": "1935-03-30",
      "time": "00:00",
      "instant": "1935-03-30T03:30:52.000Z",
      "offsetMinutes": -210,
      "gapShiftMinutes": 0.8666666666666667,
      "flags": []
    },
    {
      "zone": "Canada/Yukon",
      "date": "1900-08-20",
      "time": "00:00",
      "instant": "1900-08-20T09:00:12.000Z",
      "offsetMinutes": -540,
      "gapShiftMinutes": 0.2,
      "flags": []
    },
    {
      "zone": "Pacific/Norfolk",
      "date": "1901-01-01",
      "time": "00:00",
      "instant": "1900-12-31T12:48:08.000Z",
      "offsetMinutes": 672,
      "gapShiftMinutes": 0.13333333333333333,
      "flags": []
    },
    {
      "zone": "Pacific/Tongatapu",
      "date": "1945-09-10",
      "time": "00:00",
      "instant": "1945-09-09T11:40:48.000Z",
      "offsetMinutes": 740,
      "gapShiftMinutes": 0.8,
      "flags": []
    }
  ]
}
