{
  "at": "2026-09-08T05:30:08.209Z",
  "node": "v22.23.2",
  "icu": "78.2",
  "tzdb": "2026a",
  "results": [
    {
      "zone": "+01:00",
      "detailsLinkAccepted": true,
      "instant": "1990-06-15T13:30:00.000Z",
      "offsetMinutes": 60,
      "flags": [],
      "legacySuccess": true,
      "portableContextSuccess": false,
      "failureCode": "calculation_failed",
      "failureName": "PortableChartError"
    },
    {
      "zone": "+0100",
      "detailsLinkAccepted": true,
      "instant": "1990-06-15T13:30:00.000Z",
      "offsetMinutes": 60,
      "flags": [],
      "legacySuccess": true,
      "portableContextSuccess": false,
      "failureCode": "calculation_failed",
      "failureName": "PortableChartError"
    },
    {
      "zone": "-02:30",
      "detailsLinkAccepted": true,
      "instant": "1990-06-15T17:00:00.000Z",
      "offsetMinutes": -150,
      "flags": [],
      "legacySuccess": true,
      "portableContextSuccess": false,
      "failureCode": "calculation_failed",
      "failureName": "PortableChartError"
    },
    {
      "zone": "+23:59",
      "detailsLinkAccepted": true,
      "instant": "1990-06-14T14:31:00.000Z",
      "offsetMinutes": 1439,
      "flags": [],
      "legacySuccess": true,
      "portableContextSuccess": false,
      "failureCode": "calculation_failed",
      "failureName": "PortableChartError"
    },
    {
      "zone": "-00:00",
      "detailsLinkAccepted": true,
      "instant": "1990-06-15T14:30:00.000Z",
      "offsetMinutes": 0,
      "flags": [],
      "legacySuccess": true,
      "portableContextSuccess": false,
      "failureCode": "calculation_failed",
      "failureName": "PortableChartError"
    },
    {
      "zone": "UTC",
      "detailsLinkAccepted": true,
      "instant": "1990-06-15T14:30:00.000Z",
      "offsetMinutes": 0,
      "flags": [],
      "legacySuccess": true,
      "portableContextSuccess": true
    },
    {
      "zone": "utc",
      "detailsLinkAccepted": true,
      "instant": "1990-06-15T14:30:00.000Z",
      "offsetMinutes": 0,
      "flags": [],
      "legacySuccess": true,
      "portableContextSuccess": true
    },
    {
      "zone": "US/Eastern",
      "detailsLinkAccepted": true,
      "instant": "1990-06-15T18:30:00.000Z",
      "offsetMinutes": -240,
      "flags": [],
      "legacySuccess": true,
      "portableContextSuccess": true
    },
    {
      "zone": "GMT0",
      "detailsLinkAccepted": true,
      "instant": "1990-06-15T14:30:00.000Z",
      "offsetMinutes": 0,
      "flags": [],
      "legacySuccess": true,
      "portableContextSuccess": true
    },
    {
      "zone": "Etc/GMT+1",
      "detailsLinkAccepted": true,
      "instant": "1990-06-15T15:30:00.000Z",
      "offsetMinutes": -60,
      "flags": [],
      "legacySuccess": true,
      "portableContextSuccess": true
    }
  ],
  "counterexamples": [
    {
      "zone": "+01:00",
      "detailsLinkAccepted": true,
      "instant": "1990-06-15T13:30:00.000Z",
      "offsetMinutes": 60,
      "flags": [],
      "legacySuccess": true,
      "portableContextSuccess": false,
      "failureCode": "calculation_failed",
      "failureName": "PortableChartError"
    },
    {
      "zone": "+0100",
      "detailsLinkAccepted": true,
      "instant": "1990-06-15T13:30:00.000Z",
      "offsetMinutes": 60,
      "flags": [],
      "legacySuccess": true,
      "portableContextSuccess": false,
      "failureCode": "calculation_failed",
      "failureName": "PortableChartError"
    },
    {
      "zone": "-02:30",
      "detailsLinkAccepted": true,
      "instant": "1990-06-15T17:00:00.000Z",
      "offsetMinutes": -150,
      "flags": [],
      "legacySuccess": true,
      "portableContextSuccess": false,
      "failureCode": "calculation_failed",
      "failureName": "PortableChartError"
    },
    {
      "zone": "+23:59",
      "detailsLinkAccepted": true,
      "instant": "1990-06-14T14:31:00.000Z",
      "offsetMinutes": 1439,
      "flags": [],
      "legacySuccess": true,
      "portableContextSuccess": false,
      "failureCode": "calculation_failed",
      "failureName": "PortableChartError"
    },
    {
      "zone": "-00:00",
      "detailsLinkAccepted": true,
      "instant": "1990-06-15T14:30:00.000Z",
      "offsetMinutes": 0,
      "flags": [],
      "legacySuccess": true,
      "portableContextSuccess": false,
      "failureCode": "calculation_failed",
      "failureName": "PortableChartError"
    }
  ]
}
