/private/tmp/zodiacs-platform-rc6-public-consumer-review/node_modules/typescript/lib/lib.es5.d.ts
/private/tmp/zodiacs-platform-rc6-public-consumer-review/node_modules/typescript/lib/lib.es2015.d.ts
/private/tmp/zodiacs-platform-rc6-public-consumer-review/node_modules/typescript/lib/lib.es2016.d.ts
/private/tmp/zodiacs-platform-rc6-public-consumer-review/node_modules/typescript/lib/lib.es2017.d.ts
/private/tmp/zodiacs-platform-rc6-public-consumer-review/node_modules/typescript/lib/lib.es2018.d.ts
/private/tmp/zodiacs-platform-rc6-public-consumer-review/node_modules/typescript/lib/lib.es2019.d.ts
/private/tmp/zodiacs-platform-rc6-public-consumer-review/node_modules/typescript/lib/lib.es2020.d.ts
/private/tmp/zodiacs-platform-rc6-public-consumer-review/node_modules/typescript/lib/lib.es2021.d.ts
/private/tmp/zodiacs-platform-rc6-public-consumer-review/node_modules/typescript/lib/lib.es2022.d.ts
/private/tmp/zodiacs-platform-rc6-public-consumer-review/node_modules/typescript/lib/lib.dom.d.ts
/private/tmp/zodiacs-platform-rc6-public-consumer-review/node_modules/typescript/lib/lib.es2015.core.d.ts
/private/tmp/zodiacs-platform-rc6-public-consumer-review/node_modules/typescript/lib/lib.es2015.collection.d.ts
/private/tmp/zodiacs-platform-rc6-public-consumer-review/node_modules/typescript/lib/lib.es2015.generator.d.ts
/private/tmp/zodiacs-platform-rc6-public-consumer-review/node_modules/typescript/lib/lib.es2015.iterable.d.ts
/private/tmp/zodiacs-platform-rc6-public-consumer-review/node_modules/typescript/lib/lib.es2015.promise.d.ts
/private/tmp/zodiacs-platform-rc6-public-consumer-review/node_modules/typescript/lib/lib.es2015.proxy.d.ts
/private/tmp/zodiacs-platform-rc6-public-consumer-review/node_modules/typescript/lib/lib.es2015.reflect.d.ts
/private/tmp/zodiacs-platform-rc6-public-consumer-review/node_modules/typescript/lib/lib.es2015.symbol.d.ts
/private/tmp/zodiacs-platform-rc6-public-consumer-review/node_modules/typescript/lib/lib.es2015.symbol.wellknown.d.ts
/private/tmp/zodiacs-platform-rc6-public-consumer-review/node_modules/typescript/lib/lib.es2016.array.include.d.ts
/private/tmp/zodiacs-platform-rc6-public-consumer-review/node_modules/typescript/lib/lib.es2016.intl.d.ts
/private/tmp/zodiacs-platform-rc6-public-consumer-review/node_modules/typescript/lib/lib.es2017.arraybuffer.d.ts
/private/tmp/zodiacs-platform-rc6-public-consumer-review/node_modules/typescript/lib/lib.es2017.date.d.ts
/private/tmp/zodiacs-platform-rc6-public-consumer-review/node_modules/typescript/lib/lib.es2017.object.d.ts
/private/tmp/zodiacs-platform-rc6-public-consumer-review/node_modules/typescript/lib/lib.es2017.sharedmemory.d.ts
/private/tmp/zodiacs-platform-rc6-public-consumer-review/node_modules/typescript/lib/lib.es2017.string.d.ts
/private/tmp/zodiacs-platform-rc6-public-consumer-review/node_modules/typescript/lib/lib.es2017.intl.d.ts
/private/tmp/zodiacs-platform-rc6-public-consumer-review/node_modules/typescript/lib/lib.es2017.typedarrays.d.ts
/private/tmp/zodiacs-platform-rc6-public-consumer-review/node_modules/typescript/lib/lib.es2018.asyncgenerator.d.ts
/private/tmp/zodiacs-platform-rc6-public-consumer-review/node_modules/typescript/lib/lib.es2018.asynciterable.d.ts
/private/tmp/zodiacs-platform-rc6-public-consumer-review/node_modules/typescript/lib/lib.es2018.intl.d.ts
/private/tmp/zodiacs-platform-rc6-public-consumer-review/node_modules/typescript/lib/lib.es2018.promise.d.ts
/private/tmp/zodiacs-platform-rc6-public-consumer-review/node_modules/typescript/lib/lib.es2018.regexp.d.ts
/private/tmp/zodiacs-platform-rc6-public-consumer-review/node_modules/typescript/lib/lib.es2019.array.d.ts
/private/tmp/zodiacs-platform-rc6-public-consumer-review/node_modules/typescript/lib/lib.es2019.object.d.ts
/private/tmp/zodiacs-platform-rc6-public-consumer-review/node_modules/typescript/lib/lib.es2019.string.d.ts
/private/tmp/zodiacs-platform-rc6-public-consumer-review/node_modules/typescript/lib/lib.es2019.symbol.d.ts
/private/tmp/zodiacs-platform-rc6-public-consumer-review/node_modules/typescript/lib/lib.es2019.intl.d.ts
/private/tmp/zodiacs-platform-rc6-public-consumer-review/node_modules/typescript/lib/lib.es2020.bigint.d.ts
/private/tmp/zodiacs-platform-rc6-public-consumer-review/node_modules/typescript/lib/lib.es2020.date.d.ts
/private/tmp/zodiacs-platform-rc6-public-consumer-review/node_modules/typescript/lib/lib.es2020.promise.d.ts
/private/tmp/zodiacs-platform-rc6-public-consumer-review/node_modules/typescript/lib/lib.es2020.sharedmemory.d.ts
/private/tmp/zodiacs-platform-rc6-public-consumer-review/node_modules/typescript/lib/lib.es2020.string.d.ts
/private/tmp/zodiacs-platform-rc6-public-consumer-review/node_modules/typescript/lib/lib.es2020.symbol.wellknown.d.ts
/private/tmp/zodiacs-platform-rc6-public-consumer-review/node_modules/typescript/lib/lib.es2020.intl.d.ts
/private/tmp/zodiacs-platform-rc6-public-consumer-review/node_modules/typescript/lib/lib.es2020.number.d.ts
/private/tmp/zodiacs-platform-rc6-public-consumer-review/node_modules/typescript/lib/lib.es2021.promise.d.ts
/private/tmp/zodiacs-platform-rc6-public-consumer-review/node_modules/typescript/lib/lib.es2021.string.d.ts
/private/tmp/zodiacs-platform-rc6-public-consumer-review/node_modules/typescript/lib/lib.es2021.weakref.d.ts
/private/tmp/zodiacs-platform-rc6-public-consumer-review/node_modules/typescript/lib/lib.es2021.intl.d.ts
/private/tmp/zodiacs-platform-rc6-public-consumer-review/node_modules/typescript/lib/lib.es2022.array.d.ts
/private/tmp/zodiacs-platform-rc6-public-consumer-review/node_modules/typescript/lib/lib.es2022.error.d.ts
/private/tmp/zodiacs-platform-rc6-public-consumer-review/node_modules/typescript/lib/lib.es2022.intl.d.ts
/private/tmp/zodiacs-platform-rc6-public-consumer-review/node_modules/typescript/lib/lib.es2022.object.d.ts
/private/tmp/zodiacs-platform-rc6-public-consumer-review/node_modules/typescript/lib/lib.es2022.string.d.ts
/private/tmp/zodiacs-platform-rc6-public-consumer-review/node_modules/typescript/lib/lib.es2022.regexp.d.ts
/private/tmp/zodiacs-platform-rc6-public-consumer-review/node_modules/typescript/lib/lib.decorators.d.ts
/private/tmp/zodiacs-platform-rc6-public-consumer-review/node_modules/typescript/lib/lib.decorators.legacy.d.ts
/private/tmp/zodiacs-platform-rc6-public-consumer-review/node_modules/@zodiacs/engine/dist/types-BQGrRiSd.d.ts
/private/tmp/zodiacs-platform-rc6-public-consumer-review/node_modules/@zodiacs/engine/dist/internal-math-BQEuq8XE.d.ts
/private/tmp/zodiacs-platform-rc6-public-consumer-review/node_modules/@zodiacs/engine/dist/index.d.ts
/private/tmp/zodiacs-platform-rc6-public-consumer-review/node_modules/@zodiacs/engine/dist/geo.d.ts
/private/tmp/zodiacs-platform-rc6-public-consumer-review/node_modules/@zodiacs/engine/dist/receipt.d.ts
/private/tmp/zodiacs-platform-rc6-public-consumer-review/public-types.ts
