import fs from 'node:fs';
import assert from 'node:assert/strict';
import crypto from 'node:crypto';
import {resolveLocalToUtc,resolveLocalDateIntervals} from './subject.mjs';
const hash=b=>crypto.createHash('sha256').update(b).digest('hex');
const zone='Synthetic/SingleForward15Hours',date='2000-01-01',transition=Date.parse('2000-01-01T00:00:00.000Z'),afterOffset=15*3_600_000;
const modelOffset=t=>t<transition?0:afterOffset;
const provider=Object.freeze({
 completeness:'complete-transitions-v1',
 offsetMilliseconds(z,t){assert.equal(z,zone);return modelOffset(t)},
 nextTransitionMilliseconds(z,after){assert.equal(z,zone);return after<transition?transition:null},
});
const original=Intl.DateTimeFormat;
const modelWallFormatter=new original('en-US',{timeZone:'UTC',calendar:'gregory',numberingSystem:'latn',era:'short',year:'numeric',month:'2-digit',day:'2-digit',hour:'2-digit',minute:'2-digit',second:'2-digit',fractionalSecondDigits:3,hourCycle:'h23'});
Intl.DateTimeFormat=new Proxy(original,{
 construct(target,args,newTarget){
  const options=args[1];if(options?.timeZone!==zone)return Reflect.construct(target,args,newTarget);
  return {formatToParts(value){const t=Number(value);if(options.timeZoneName==='longOffset')return[{type:'timeZoneName',value:modelOffset(t)===0?'GMT':'GMT+15:00'}];return modelWallFormatter.formatToParts(t+modelOffset(t))}};
 },
});
try{
 const noon=resolveLocalToUtc(date,'12:00',zone);
 const resolved=resolveLocalDateIntervals(date,zone,provider);
 const modelWall=new Date(noon.utc.getTime()+modelOffset(noon.utc.getTime())).toISOString();
 assert.deepEqual(resolved,{status:'existing',intervals:[{start:transition,endExclusive:transition+9*3_600_000}]});
 assert.equal(noon.utc.toISOString(),'2000-01-01T12:00:00.000Z');
 assert.equal(modelWall,'2000-01-02T03:00:00.000Z');
 assert.deepEqual(noon.flags,['dst-gap']);
 const evidence={runtime:process.version,zone,date,kind:'Synthetic complete timezone model; NOT a real IANA zone or host-history claim',model:{offsetBeforeMilliseconds:0,offsetAfterMilliseconds:afterOffset,transitionUtc:new Date(transition).toISOString(),completenessProof:'The model definition has exactly one offset change over the entire integer-millisecond timeline. nextTransition returns that unique change iff it lies strictly after its argument; otherwise null. Both offsets are stable integer milliseconds strictly within24h.'},representative:{utc:noon.utc.toISOString(),offsetMinutes:noon.offsetMinutes,flags:noon.flags,syntheticLocalWall:modelWall,sameRequestedDate:false},intervalResult:resolved,intervalUtc:resolved.intervals.map(x=>({start:new Date(x.start).toISOString(),endExclusive:new Date(x.endExclusive).toISOString()})),nonemptyDurationHours:9,method:'Execute unchanged copied site resolver with a scoped synthetic Intl.DateTimeFormat adapter; execute unchanged inactive interval primitive with explicit complete provider for the same exactly defined model. Native Intl formats shifted UTC civil fields only. Global adapter restored in finally. No product/source changes, runtime installs or network.',subjectSha256:hash(fs.readFileSync('subject.mjs')),driverSha256:hash(fs.readFileSync(import.meta.filename))};
 fs.writeFileSync('result.json',JSON.stringify(evidence,null,2)+'\n');console.log(JSON.stringify({synthetic:true,nonemptyHours:9,noonLocalWall:modelWall,representativeMismatch:true,status:resolved.status}));
}finally{Intl.DateTimeFormat=original;assert.equal(Intl.DateTimeFormat,original)}
