{
  "timestamp": "2026-09-08T06:35:51.011027+00:00",
  "url": "https://raw.githubusercontent.com/ZodiacsOfficial/sdk/51129a197cd3f2a2a8c966fb797ea4da1e147b3d/artifacts/zodiacs-engine-0.1.1-rc.6.tgz",
  "credentials": "none supplied",
  "status": 200,
  "sha256": "09c3e63432f8ba2e9df05af137c42f65ab039740a207a89418d9e6470ea3db3e",
  "bytes": 36591,
  "headers": {
    "Connection": "close",
    "Content-Length": "36591",
    "Cache-Control": "max-age=300",
    "Content-Security-Policy": "default-src 'none'; style-src 'unsafe-inline'; sandbox",
    "Content-Type": "application/octet-stream",
    "ETag": "\"7408a287ca445ce1434a910214168970a3299024ab9b23638d9a7f9b80e5b5da\"",
    "Strict-Transport-Security": "max-age=31536000",
    "X-Content-Type-Options": "nosniff",
    "X-Frame-Options": "deny",
    "X-XSS-Protection": "1; mode=block",
    "X-GitHub-Request-Id": "3C70:393888:868BEC:10239E4:6A9FA712",
    "x-github-edge-region": "southeastasia",
    "Accept-Ranges": "bytes",
    "Date": "Tue, 08 Sep 2026 06:35:51 GMT",
    "Via": "1.1 varnish",
    "X-Served-By": "cache-bkk2280031-BKK",
    "X-Cache": "HIT",
    "X-Cache-Hits": "0",
    "X-Timer": "S1788849351.701493,VS0,VE368",
    "Vary": "Authorization,Accept-Encoding",
    "Access-Control-Allow-Origin": "*",
    "Cross-Origin-Resource-Policy": "cross-origin",
    "X-Fastly-Request-ID": "d199367c6c99eced539399bee10243f1e88f7ae6",
    "Expires": "Tue, 08 Sep 2026 06:40:51 GMT",
    "Source-Age": "0"
  }
}
