{
  "sha256": "09c3e63432f8ba2e9df05af137c42f65ab039740a207a89418d9e6470ea3db3e",
  "packedBytes": 36591,
  "members": [
    [
      "package/LICENSE",
      1068,
      "0"
    ],
    [
      "package/NOTICE",
      1378,
      "0"
    ],
    [
      "package/dist/chunk-CPALRSPC.js",
      1459,
      "0"
    ],
    [
      "package/dist/chunk-GBH7JIYF.js",
      4644,
      "0"
    ],
    [
      "package/dist/chunk-H7RJKCBO.js",
      4213,
      "0"
    ],
    [
      "package/dist/chunk-INI453VG.js",
      4693,
      "0"
    ],
    [
      "package/dist/chunk-K5MRTCWE.js",
      2593,
      "0"
    ],
    [
      "package/dist/geo.js",
      11785,
      "0"
    ],
    [
      "package/dist/index.js",
      13163,
      "0"
    ],
    [
      "package/dist/internal-math.js",
      591,
      "0"
    ],
    [
      "package/dist/internal.js",
      245,
      "0"
    ],
    [
      "package/dist/receipt.js",
      24948,
      "0"
    ],
    [
      "package/package.json",
      2154,
      "0"
    ],
    [
      "package/CHANGELOG.md",
      6727,
      "0"
    ],
    [
      "package/LICENSING.md",
      2591,
      "0"
    ],
    [
      "package/README.md",
      15856,
      "0"
    ],
    [
      "package/dist/geo.d.ts",
      2172,
      "0"
    ],
    [
      "package/dist/index.d.ts",
      4010,
      "0"
    ],
    [
      "package/dist/internal-math-BQEuq8XE.d.ts",
      5630,
      "0"
    ],
    [
      "package/dist/internal-math.d.ts",
      595,
      "0"
    ],
    [
      "package/dist/internal.d.ts",
      502,
      "0"
    ],
    [
      "package/dist/receipt.d.ts",
      6522,
      "0"
    ],
    [
      "package/dist/types-BQGrRiSd.d.ts",
      5013,
      "0"
    ]
  ]
}
