
 RUN  v3.2.6 /private/tmp/zodiacs-platform-site-seconds-adoption

 ❯ src/lib/time/localToUtc-precision.test.ts (27 tests | 23 failed) 25ms
   × second-precise site timezone adoption > preserves the actual seconds-sized gap in America/Caracas on 1890-01-01 through the SDK receipt 14ms
     → expected { utc: 1890-01-01T04:27:44.000Z, …(2) } to deeply equal { utc: 1890-01-01T04:27:44.000Z, …(2) }
   × second-precise site timezone adoption > preserves the actual seconds-sized gap in America/Dawson_Creek on 1884-01-01 through the SDK receipt 1ms
     → expected { utc: 1884-01-01T08:00:56.000Z, …(2) } to deeply equal { utc: 1884-01-01T08:00:56.000Z, …(2) }
   × second-precise site timezone adoption > preserves the actual seconds-sized gap in America/Goose_Bay on 1935-03-30 through the SDK receipt 1ms
     → expected { utc: 1935-03-30T03:30:52.000Z, …(2) } to deeply equal { utc: 1935-03-30T03:30:52.000Z, …(2) }
   × second-precise site timezone adoption > preserves the actual seconds-sized gap in America/Manaus on 1914-01-01 through the SDK receipt 1ms
     → expected { utc: 1914-01-01T04:00:04.000Z, …(2) } to deeply equal { utc: 1914-01-01T04:00:04.000Z, …(2) }
   × second-precise site timezone adoption > preserves the actual seconds-sized gap in America/Paramaribo on 1935-01-01 through the SDK receipt 1ms
     → expected { utc: 1935-01-01T03:40:52.000Z, …(2) } to deeply equal { utc: 1935-01-01T03:40:52.000Z, …(2) }
   × second-precise site timezone adoption > preserves the actual seconds-sized gap in America/Port-au-Prince on 1890-01-01 through the SDK receipt 0ms
     → expected { utc: 1890-01-01T04:49:20.000Z, …(2) } to deeply equal { utc: 1890-01-01T04:49:20.000Z, …(2) }
   × second-precise site timezone adoption > preserves the actual seconds-sized gap in America/Punta_Arenas on 1890-01-01 through the SDK receipt 0ms
     → expected { utc: 1890-01-01T04:43:40.000Z, …(2) } to deeply equal { utc: 1890-01-01T04:43:40.000Z, …(2) }
   × second-precise site timezone adoption > preserves the actual seconds-sized gap in America/St_Johns on 1935-03-30 through the SDK receipt 0ms
     → expected { utc: 1935-03-30T03:30:52.000Z, …(2) } to deeply equal { utc: 1935-03-30T03:30:52.000Z, …(2) }
   × second-precise site timezone adoption > preserves the actual seconds-sized gap in America/Whitehorse on 1900-08-20 through the SDK receipt 1ms
     → expected { utc: 1900-08-20T09:00:12.000Z, …(2) } to deeply equal { utc: 1900-08-20T09:00:12.000Z, …(2) }
   × second-precise site timezone adoption > preserves the actual seconds-sized gap in Asia/Colombo on 1880-01-01 through the SDK receipt 0ms
     → expected { utc: 1879-12-31T18:40:36.000Z, …(2) } to deeply equal { utc: 1879-12-31T18:40:36.000Z, …(2) }
   × second-precise site timezone adoption > preserves the actual seconds-sized gap in Asia/Tbilisi on 1924-05-02 through the SDK receipt 0ms
     → expected { utc: 1924-05-01T21:00:49.000Z, …(2) } to deeply equal { utc: 1924-05-01T21:00:49.000Z, …(2) }
   × second-precise site timezone adoption > preserves the actual seconds-sized gap in Brazil/West on 1914-01-01 through the SDK receipt 0ms
     → expected { utc: 1914-01-01T04:00:04.000Z, …(2) } to deeply equal { utc: 1914-01-01T04:00:04.000Z, …(2) }
   × second-precise site timezone adoption > preserves the actual seconds-sized gap in Canada/Newfoundland on 1935-03-30 through the SDK receipt 0ms
     → expected { utc: 1935-03-30T03:30:52.000Z, …(2) } to deeply equal { utc: 1935-03-30T03:30:52.000Z, …(2) }
   × second-precise site timezone adoption > preserves the actual seconds-sized gap in Canada/Yukon on 1900-08-20 through the SDK receipt 0ms
     → expected { utc: 1900-08-20T09:00:12.000Z, …(2) } to deeply equal { utc: 1900-08-20T09:00:12.000Z, …(2) }
   × second-precise site timezone adoption > preserves the actual seconds-sized gap in Pacific/Norfolk on 1901-01-01 through the SDK receipt 0ms
     → expected { utc: 1900-12-31T12:48:08.000Z, …(2) } to deeply equal { utc: 1900-12-31T12:48:08.000Z, …(2) }
   × second-precise site timezone adoption > preserves the actual seconds-sized gap in Pacific/Tongatapu on 1945-09-10 through the SDK receipt 1ms
     → expected { utc: 1945-09-09T11:40:48.000Z, …(2) } to deeply equal { utc: 1945-09-09T11:40:48.000Z, …(2) }
   ✓ second-precise site timezone adoption > keeps 1913-12-31 23:59 in America/Manaus precise without false folds 0ms
   × second-precise site timezone adoption > keeps 1914-01-01 00:01 in America/Manaus precise without false folds 1ms
     → expected { utc: 1914-01-01T04:01:00.000Z, …(2) } to deeply equal { utc: 1914-01-01T04:01:00.000Z, …(2) }
   × second-precise site timezone adoption > keeps 1914-01-01 12:00 in America/Manaus precise without false folds 0ms
     → expected { utc: 1914-01-01T16:00:00.000Z, …(2) } to deeply equal { utc: 1914-01-01T16:00:00.000Z, …(2) }
   × second-precise site timezone adoption > keeps 1884-01-01 00:01 in America/Dawson_Creek precise without false folds 0ms
     → expected { utc: 1884-01-01T08:01:00.000Z, …(2) } to deeply equal { utc: 1884-01-01T08:01:00.000Z, …(2) }
   × second-precise site timezone adoption > keeps 1890-01-01 00:01 in America/Caracas precise without false folds 0ms
     → expected { utc: 1890-01-01T04:28:40.000Z, …(2) } to deeply equal { utc: 1890-01-01T04:28:40.000Z, …(2) }
   × second-precise site timezone adoption > keeps 1883-11-18 11:59 in America/Denver precise without false folds 0ms
     → expected { utc: 1883-11-18T18:58:56.000Z, …(2) } to deeply equal { utc: 1883-11-18T18:58:56.000Z, …(2) }
   ✓ second-precise site timezone adoption > keeps 1883-11-18 12:00 in America/Denver precise without false folds 0ms
   ✓ second-precise site timezone adoption > keeps 1883-11-18 12:01 in America/Denver precise without false folds 0ms
   × second-precise site timezone adoption > keeps 1911-12-31 23:59 in Africa/Ndjamena precise without false folds 0ms
     → expected { utc: 1911-12-31T22:58:48.000Z, …(2) } to deeply equal { utc: 1911-12-31T22:58:48.000Z, …(2) }
   ✓ second-precise site timezone adoption > keeps 1912-01-01 00:00 in Africa/Ndjamena precise without false folds 0ms
   × second-precise site timezone adoption > preserves the existing unknown-time local-noon reference immediately after the gap 0ms
     → expected [ 'dst-fold' ] to deeply equal []

⎯⎯⎯⎯⎯⎯ Failed Tests 23 ⎯⎯⎯⎯⎯⎯⎯

 FAIL  src/lib/time/localToUtc-precision.test.ts > second-precise site timezone adoption > preserves the actual seconds-sized gap in America/Caracas on 1890-01-01 through the SDK receipt
AssertionError: expected { utc: 1890-01-01T04:27:44.000Z, …(2) } to deeply equal { utc: 1890-01-01T04:27:44.000Z, …(2) }

- Expected
+ Received

  {
    "flags": [
-     "dst-gap",
      "lmt",
    ],
    "offsetMinutes": -267.6666666666667,
    "utc": 1890-01-01T04:27:44.000Z,
  }

 ❯ src/lib/time/localToUtc-precision.test.ts:44:22
     42|   it.each(historicalGaps)('preserves the actual seconds-sized gap in %…
     43|     const resolved = resolveLocalToUtc(date, '00:00', timeZone);
     44|     expect(resolved).toEqual(packageResolveLocalToUtc(date, '00:00', t…
       |                      ^
     45|     expect(resolved.utc.toISOString()).toBe(instant);
     46|     expect(resolved.utc.getUTCMilliseconds()).toBe(0);

⎯⎯⎯⎯⎯⎯⎯⎯⎯⎯⎯⎯⎯⎯⎯⎯⎯⎯⎯⎯⎯⎯⎯[1/23]⎯

 FAIL  src/lib/time/localToUtc-precision.test.ts > second-precise site timezone adoption > preserves the actual seconds-sized gap in America/Dawson_Creek on 1884-01-01 through the SDK receipt
AssertionError: expected { utc: 1884-01-01T08:00:56.000Z, …(2) } to deeply equal { utc: 1884-01-01T08:00:56.000Z, …(2) }

- Expected
+ Received

  {
-   "flags": [
-     "dst-gap",
-   ],
+   "flags": [],
    "offsetMinutes": -480,
    "utc": 1884-01-01T08:00:56.000Z,
  }

 ❯ src/lib/time/localToUtc-precision.test.ts:44:22
     42|   it.each(historicalGaps)('preserves the actual seconds-sized gap in %…
     43|     const resolved = resolveLocalToUtc(date, '00:00', timeZone);
     44|     expect(resolved).toEqual(packageResolveLocalToUtc(date, '00:00', t…
       |                      ^
     45|     expect(resolved.utc.toISOString()).toBe(instant);
     46|     expect(resolved.utc.getUTCMilliseconds()).toBe(0);

⎯⎯⎯⎯⎯⎯⎯⎯⎯⎯⎯⎯⎯⎯⎯⎯⎯⎯⎯⎯⎯⎯⎯[2/23]⎯

 FAIL  src/lib/time/localToUtc-precision.test.ts > second-precise site timezone adoption > preserves the actual seconds-sized gap in America/Goose_Bay on 1935-03-30 through the SDK receipt
 FAIL  src/lib/time/localToUtc-precision.test.ts > second-precise site timezone adoption > preserves the actual seconds-sized gap in America/St_Johns on 1935-03-30 through the SDK receipt
 FAIL  src/lib/time/localToUtc-precision.test.ts > second-precise site timezone adoption > preserves the actual seconds-sized gap in Canada/Newfoundland on 1935-03-30 through the SDK receipt
AssertionError: expected { utc: 1935-03-30T03:30:52.000Z, …(2) } to deeply equal { utc: 1935-03-30T03:30:52.000Z, …(2) }

- Expected
+ Received

  {
-   "flags": [
-     "dst-gap",
-   ],
+   "flags": [],
    "offsetMinutes": -210,
    "utc": 1935-03-30T03:30:52.000Z,
  }

 ❯ src/lib/time/localToUtc-precision.test.ts:44:22
     42|   it.each(historicalGaps)('preserves the actual seconds-sized gap in %…
     43|     const resolved = resolveLocalToUtc(date, '00:00', timeZone);
     44|     expect(resolved).toEqual(packageResolveLocalToUtc(date, '00:00', t…
       |                      ^
     45|     expect(resolved.utc.toISOString()).toBe(instant);
     46|     expect(resolved.utc.getUTCMilliseconds()).toBe(0);

⎯⎯⎯⎯⎯⎯⎯⎯⎯⎯⎯⎯⎯⎯⎯⎯⎯⎯⎯⎯⎯⎯⎯[3/23]⎯

 FAIL  src/lib/time/localToUtc-precision.test.ts > second-precise site timezone adoption > preserves the actual seconds-sized gap in America/Manaus on 1914-01-01 through the SDK receipt
 FAIL  src/lib/time/localToUtc-precision.test.ts > second-precise site timezone adoption > preserves the actual seconds-sized gap in Brazil/West on 1914-01-01 through the SDK receipt
AssertionError: expected { utc: 1914-01-01T04:00:04.000Z, …(2) } to deeply equal { utc: 1914-01-01T04:00:04.000Z, …(2) }

- Expected
+ Received

  {
-   "flags": [
-     "dst-gap",
-   ],
+   "flags": [],
    "offsetMinutes": -240,
    "utc": 1914-01-01T04:00:04.000Z,
  }

 ❯ src/lib/time/localToUtc-precision.test.ts:44:22
     42|   it.each(historicalGaps)('preserves the actual seconds-sized gap in %…
     43|     const resolved = resolveLocalToUtc(date, '00:00', timeZone);
     44|     expect(resolved).toEqual(packageResolveLocalToUtc(date, '00:00', t…
       |                      ^
     45|     expect(resolved.utc.toISOString()).toBe(instant);
     46|     expect(resolved.utc.getUTCMilliseconds()).toBe(0);

⎯⎯⎯⎯⎯⎯⎯⎯⎯⎯⎯⎯⎯⎯⎯⎯⎯⎯⎯⎯⎯⎯⎯[4/23]⎯

 FAIL  src/lib/time/localToUtc-precision.test.ts > second-precise site timezone adoption > preserves the actual seconds-sized gap in America/Paramaribo on 1935-01-01 through the SDK receipt
AssertionError: expected { utc: 1935-01-01T03:40:52.000Z, …(2) } to deeply equal { utc: 1935-01-01T03:40:52.000Z, …(2) }

- Expected
+ Received

  {
    "flags": [
-     "dst-gap",
      "lmt",
    ],
    "offsetMinutes": -220.6,
    "utc": 1935-01-01T03:40:52.000Z,
  }

 ❯ src/lib/time/localToUtc-precision.test.ts:44:22
     42|   it.each(historicalGaps)('preserves the actual seconds-sized gap in %…
     43|     const resolved = resolveLocalToUtc(date, '00:00', timeZone);
     44|     expect(resolved).toEqual(packageResolveLocalToUtc(date, '00:00', t…
       |                      ^
     45|     expect(resolved.utc.toISOString()).toBe(instant);
     46|     expect(resolved.utc.getUTCMilliseconds()).toBe(0);

⎯⎯⎯⎯⎯⎯⎯⎯⎯⎯⎯⎯⎯⎯⎯⎯⎯⎯⎯⎯⎯⎯⎯[5/23]⎯

 FAIL  src/lib/time/localToUtc-precision.test.ts > second-precise site timezone adoption > preserves the actual seconds-sized gap in America/Port-au-Prince on 1890-01-01 through the SDK receipt
AssertionError: expected { utc: 1890-01-01T04:49:20.000Z, …(2) } to deeply equal { utc: 1890-01-01T04:49:20.000Z, …(2) }

- Expected
+ Received

  {
-   "flags": [
-     "dst-gap",
-   ],
+   "flags": [],
    "offsetMinutes": -289,
    "utc": 1890-01-01T04:49:20.000Z,
  }

 ❯ src/lib/time/localToUtc-precision.test.ts:44:22
     42|   it.each(historicalGaps)('preserves the actual seconds-sized gap in %…
     43|     const resolved = resolveLocalToUtc(date, '00:00', timeZone);
     44|     expect(resolved).toEqual(packageResolveLocalToUtc(date, '00:00', t…
       |                      ^
     45|     expect(resolved.utc.toISOString()).toBe(instant);
     46|     expect(resolved.utc.getUTCMilliseconds()).toBe(0);

⎯⎯⎯⎯⎯⎯⎯⎯⎯⎯⎯⎯⎯⎯⎯⎯⎯⎯⎯⎯⎯⎯⎯[6/23]⎯

 FAIL  src/lib/time/localToUtc-precision.test.ts > second-precise site timezone adoption > preserves the actual seconds-sized gap in America/Punta_Arenas on 1890-01-01 through the SDK receipt
AssertionError: expected { utc: 1890-01-01T04:43:40.000Z, …(2) } to deeply equal { utc: 1890-01-01T04:43:40.000Z, …(2) }

- Expected
+ Received

  {
    "flags": [
-     "dst-gap",
      "lmt",
    ],
    "offsetMinutes": -282.75,
    "utc": 1890-01-01T04:43:40.000Z,
  }

 ❯ src/lib/time/localToUtc-precision.test.ts:44:22
     42|   it.each(historicalGaps)('preserves the actual seconds-sized gap in %…
     43|     const resolved = resolveLocalToUtc(date, '00:00', timeZone);
     44|     expect(resolved).toEqual(packageResolveLocalToUtc(date, '00:00', t…
       |                      ^
     45|     expect(resolved.utc.toISOString()).toBe(instant);
     46|     expect(resolved.utc.getUTCMilliseconds()).toBe(0);

⎯⎯⎯⎯⎯⎯⎯⎯⎯⎯⎯⎯⎯⎯⎯⎯⎯⎯⎯⎯⎯⎯⎯[7/23]⎯

 FAIL  src/lib/time/localToUtc-precision.test.ts > second-precise site timezone adoption > preserves the actual seconds-sized gap in America/Whitehorse on 1900-08-20 through the SDK receipt
 FAIL  src/lib/time/localToUtc-precision.test.ts > second-precise site timezone adoption > preserves the actual seconds-sized gap in Canada/Yukon on 1900-08-20 through the SDK receipt
AssertionError: expected { utc: 1900-08-20T09:00:12.000Z, …(2) } to deeply equal { utc: 1900-08-20T09:00:12.000Z, …(2) }

- Expected
+ Received

  {
-   "flags": [
-     "dst-gap",
-   ],
+   "flags": [],
    "offsetMinutes": -540,
    "utc": 1900-08-20T09:00:12.000Z,
  }

 ❯ src/lib/time/localToUtc-precision.test.ts:44:22
     42|   it.each(historicalGaps)('preserves the actual seconds-sized gap in %…
     43|     const resolved = resolveLocalToUtc(date, '00:00', timeZone);
     44|     expect(resolved).toEqual(packageResolveLocalToUtc(date, '00:00', t…
       |                      ^
     45|     expect(resolved.utc.toISOString()).toBe(instant);
     46|     expect(resolved.utc.getUTCMilliseconds()).toBe(0);

⎯⎯⎯⎯⎯⎯⎯⎯⎯⎯⎯⎯⎯⎯⎯⎯⎯⎯⎯⎯⎯⎯⎯[8/23]⎯

 FAIL  src/lib/time/localToUtc-precision.test.ts > second-precise site timezone adoption > preserves the actual seconds-sized gap in Asia/Colombo on 1880-01-01 through the SDK receipt
AssertionError: expected { utc: 1879-12-31T18:40:36.000Z, …(2) } to deeply equal { utc: 1879-12-31T18:40:36.000Z, …(2) }

- Expected
+ Received

  {
    "flags": [
-     "dst-gap",
      "lmt",
    ],
    "offsetMinutes": 319.53333333333336,
    "utc": 1879-12-31T18:40:36.000Z,
  }

 ❯ src/lib/time/localToUtc-precision.test.ts:44:22
     42|   it.each(historicalGaps)('preserves the actual seconds-sized gap in %…
     43|     const resolved = resolveLocalToUtc(date, '00:00', timeZone);
     44|     expect(resolved).toEqual(packageResolveLocalToUtc(date, '00:00', t…
       |                      ^
     45|     expect(resolved.utc.toISOString()).toBe(instant);
     46|     expect(resolved.utc.getUTCMilliseconds()).toBe(0);

⎯⎯⎯⎯⎯⎯⎯⎯⎯⎯⎯⎯⎯⎯⎯⎯⎯⎯⎯⎯⎯⎯⎯[9/23]⎯

 FAIL  src/lib/time/localToUtc-precision.test.ts > second-precise site timezone adoption > preserves the actual seconds-sized gap in Asia/Tbilisi on 1924-05-02 through the SDK receipt
AssertionError: expected { utc: 1924-05-01T21:00:49.000Z, …(2) } to deeply equal { utc: 1924-05-01T21:00:49.000Z, …(2) }

- Expected
+ Received

  {
-   "flags": [
-     "dst-gap",
-   ],
+   "flags": [],
    "offsetMinutes": 180,
    "utc": 1924-05-01T21:00:49.000Z,
  }

 ❯ src/lib/time/localToUtc-precision.test.ts:44:22
     42|   it.each(historicalGaps)('preserves the actual seconds-sized gap in %…
     43|     const resolved = resolveLocalToUtc(date, '00:00', timeZone);
     44|     expect(resolved).toEqual(packageResolveLocalToUtc(date, '00:00', t…
       |                      ^
     45|     expect(resolved.utc.toISOString()).toBe(instant);
     46|     expect(resolved.utc.getUTCMilliseconds()).toBe(0);

⎯⎯⎯⎯⎯⎯⎯⎯⎯⎯⎯⎯⎯⎯⎯⎯⎯⎯⎯⎯⎯⎯[10/23]⎯

 FAIL  src/lib/time/localToUtc-precision.test.ts > second-precise site timezone adoption > preserves the actual seconds-sized gap in Pacific/Norfolk on 1901-01-01 through the SDK receipt
AssertionError: expected { utc: 1900-12-31T12:48:08.000Z, …(2) } to deeply equal { utc: 1900-12-31T12:48:08.000Z, …(2) }

- Expected
+ Received

  {
-   "flags": [
-     "dst-gap",
-   ],
+   "flags": [],
    "offsetMinutes": 672,
    "utc": 1900-12-31T12:48:08.000Z,
  }

 ❯ src/lib/time/localToUtc-precision.test.ts:44:22
     42|   it.each(historicalGaps)('preserves the actual seconds-sized gap in %…
     43|     const resolved = resolveLocalToUtc(date, '00:00', timeZone);
     44|     expect(resolved).toEqual(packageResolveLocalToUtc(date, '00:00', t…
       |                      ^
     45|     expect(resolved.utc.toISOString()).toBe(instant);
     46|     expect(resolved.utc.getUTCMilliseconds()).toBe(0);

⎯⎯⎯⎯⎯⎯⎯⎯⎯⎯⎯⎯⎯⎯⎯⎯⎯⎯⎯⎯⎯⎯[11/23]⎯

 FAIL  src/lib/time/localToUtc-precision.test.ts > second-precise site timezone adoption > preserves the actual seconds-sized gap in Pacific/Tongatapu on 1945-09-10 through the SDK receipt
AssertionError: expected { utc: 1945-09-09T11:40:48.000Z, …(2) } to deeply equal { utc: 1945-09-09T11:40:48.000Z, …(2) }

- Expected
+ Received

  {
-   "flags": [
-     "dst-gap",
-   ],
+   "flags": [],
    "offsetMinutes": 740,
    "utc": 1945-09-09T11:40:48.000Z,
  }

 ❯ src/lib/time/localToUtc-precision.test.ts:44:22
     42|   it.each(historicalGaps)('preserves the actual seconds-sized gap in %…
     43|     const resolved = resolveLocalToUtc(date, '00:00', timeZone);
     44|     expect(resolved).toEqual(packageResolveLocalToUtc(date, '00:00', t…
       |                      ^
     45|     expect(resolved.utc.toISOString()).toBe(instant);
     46|     expect(resolved.utc.getUTCMilliseconds()).toBe(0);

⎯⎯⎯⎯⎯⎯⎯⎯⎯⎯⎯⎯⎯⎯⎯⎯⎯⎯⎯⎯⎯⎯[12/23]⎯

 FAIL  src/lib/time/localToUtc-precision.test.ts > second-precise site timezone adoption > keeps 1914-01-01 00:01 in America/Manaus precise without false folds
AssertionError: expected { utc: 1914-01-01T04:01:00.000Z, …(2) } to deeply equal { utc: 1914-01-01T04:01:00.000Z, …(2) }

- Expected
+ Received

  {
-   "flags": [],
+   "flags": [
+     "dst-fold",
+   ],
    "offsetMinutes": -240,
    "utc": 1914-01-01T04:01:00.000Z,
  }

 ❯ src/lib/time/localToUtc-precision.test.ts:64:22
     62|   it.each(adjacentCases)('keeps %s %s in %s precise without false fold…
     63|     const resolved = resolveLocalToUtc(date, time, zone);
     64|     expect(resolved).toEqual(packageResolveLocalToUtc(date, time, zone…
       |                      ^
     65|     expect(resolved.utc.toISOString()).toBe(instant);
     66|     expect(resolved.utc.getUTCMilliseconds()).toBe(0);

⎯⎯⎯⎯⎯⎯⎯⎯⎯⎯⎯⎯⎯⎯⎯⎯⎯⎯⎯⎯⎯⎯[13/23]⎯

 FAIL  src/lib/time/localToUtc-precision.test.ts > second-precise site timezone adoption > keeps 1914-01-01 12:00 in America/Manaus precise without false folds
AssertionError: expected { utc: 1914-01-01T16:00:00.000Z, …(2) } to deeply equal { utc: 1914-01-01T16:00:00.000Z, …(2) }

- Expected
+ Received

  {
-   "flags": [],
+   "flags": [
+     "dst-fold",
+   ],
    "offsetMinutes": -240,
    "utc": 1914-01-01T16:00:00.000Z,
  }

 ❯ src/lib/time/localToUtc-precision.test.ts:64:22
     62|   it.each(adjacentCases)('keeps %s %s in %s precise without false fold…
     63|     const resolved = resolveLocalToUtc(date, time, zone);
     64|     expect(resolved).toEqual(packageResolveLocalToUtc(date, time, zone…
       |                      ^
     65|     expect(resolved.utc.toISOString()).toBe(instant);
     66|     expect(resolved.utc.getUTCMilliseconds()).toBe(0);

⎯⎯⎯⎯⎯⎯⎯⎯⎯⎯⎯⎯⎯⎯⎯⎯⎯⎯⎯⎯⎯⎯[14/23]⎯

 FAIL  src/lib/time/localToUtc-precision.test.ts > second-precise site timezone adoption > keeps 1884-01-01 00:01 in America/Dawson_Creek precise without false folds
AssertionError: expected { utc: 1884-01-01T08:01:00.000Z, …(2) } to deeply equal { utc: 1884-01-01T08:01:00.000Z, …(2) }

- Expected
+ Received

  {
-   "flags": [],
+   "flags": [
+     "dst-fold",
+   ],
    "offsetMinutes": -480,
    "utc": 1884-01-01T08:01:00.000Z,
  }

 ❯ src/lib/time/localToUtc-precision.test.ts:64:22
     62|   it.each(adjacentCases)('keeps %s %s in %s precise without false fold…
     63|     const resolved = resolveLocalToUtc(date, time, zone);
     64|     expect(resolved).toEqual(packageResolveLocalToUtc(date, time, zone…
       |                      ^
     65|     expect(resolved.utc.toISOString()).toBe(instant);
     66|     expect(resolved.utc.getUTCMilliseconds()).toBe(0);

⎯⎯⎯⎯⎯⎯⎯⎯⎯⎯⎯⎯⎯⎯⎯⎯⎯⎯⎯⎯⎯⎯[15/23]⎯

 FAIL  src/lib/time/localToUtc-precision.test.ts > second-precise site timezone adoption > keeps 1890-01-01 00:01 in America/Caracas precise without false folds
AssertionError: expected { utc: 1890-01-01T04:28:40.000Z, …(2) } to deeply equal { utc: 1890-01-01T04:28:40.000Z, …(2) }

- Expected
+ Received

  {
    "flags": [
+     "dst-fold",
      "lmt",
    ],
    "offsetMinutes": -267.6666666666667,
    "utc": 1890-01-01T04:28:40.000Z,
  }

 ❯ src/lib/time/localToUtc-precision.test.ts:64:22
     62|   it.each(adjacentCases)('keeps %s %s in %s precise without false fold…
     63|     const resolved = resolveLocalToUtc(date, time, zone);
     64|     expect(resolved).toEqual(packageResolveLocalToUtc(date, time, zone…
       |                      ^
     65|     expect(resolved.utc.toISOString()).toBe(instant);
     66|     expect(resolved.utc.getUTCMilliseconds()).toBe(0);

⎯⎯⎯⎯⎯⎯⎯⎯⎯⎯⎯⎯⎯⎯⎯⎯⎯⎯⎯⎯⎯⎯[16/23]⎯

 FAIL  src/lib/time/localToUtc-precision.test.ts > second-precise site timezone adoption > keeps 1883-11-18 11:59 in America/Denver precise without false folds
AssertionError: expected { utc: 1883-11-18T18:58:56.000Z, …(2) } to deeply equal { utc: 1883-11-18T18:58:56.000Z, …(2) }

- Expected
+ Received

  {
    "flags": [
+     "dst-fold",
      "lmt",
    ],
    "offsetMinutes": -419.93333333333334,
    "utc": 1883-11-18T18:58:56.000Z,
  }

 ❯ src/lib/time/localToUtc-precision.test.ts:64:22
     62|   it.each(adjacentCases)('keeps %s %s in %s precise without false fold…
     63|     const resolved = resolveLocalToUtc(date, time, zone);
     64|     expect(resolved).toEqual(packageResolveLocalToUtc(date, time, zone…
       |                      ^
     65|     expect(resolved.utc.toISOString()).toBe(instant);
     66|     expect(resolved.utc.getUTCMilliseconds()).toBe(0);

⎯⎯⎯⎯⎯⎯⎯⎯⎯⎯⎯⎯⎯⎯⎯⎯⎯⎯⎯⎯⎯⎯[17/23]⎯

 FAIL  src/lib/time/localToUtc-precision.test.ts > second-precise site timezone adoption > keeps 1911-12-31 23:59 in Africa/Ndjamena precise without false folds
AssertionError: expected { utc: 1911-12-31T22:58:48.000Z, …(2) } to deeply equal { utc: 1911-12-31T22:58:48.000Z, …(2) }

- Expected
+ Received

  {
    "flags": [
+     "dst-fold",
      "lmt",
    ],
    "offsetMinutes": 60.2,
    "utc": 1911-12-31T22:58:48.000Z,
  }

 ❯ src/lib/time/localToUtc-precision.test.ts:64:22
     62|   it.each(adjacentCases)('keeps %s %s in %s precise without false fold…
     63|     const resolved = resolveLocalToUtc(date, time, zone);
     64|     expect(resolved).toEqual(packageResolveLocalToUtc(date, time, zone…
       |                      ^
     65|     expect(resolved.utc.toISOString()).toBe(instant);
     66|     expect(resolved.utc.getUTCMilliseconds()).toBe(0);

⎯⎯⎯⎯⎯⎯⎯⎯⎯⎯⎯⎯⎯⎯⎯⎯⎯⎯⎯⎯⎯⎯[18/23]⎯

 FAIL  src/lib/time/localToUtc-precision.test.ts > second-precise site timezone adoption > preserves the existing unknown-time local-noon reference immediately after the gap
AssertionError: expected [ 'dst-fold' ] to deeply equal []

- Expected
+ Received

- []
+ [
+   "dst-fold",
+ ]

 ❯ src/lib/time/localToUtc-precision.test.ts:73:28
     71|     const resolved = resolveLocalToUtc('1914-01-01', '12:00', 'America…
     72|     expect(resolved.utc.toISOString()).toBe('1914-01-01T16:00:00.000Z'…
     73|     expect(resolved.flags).toEqual([]);
       |                            ^
     74|     const envelope = createNatalEnvelope(natalChart({ utc: resolved.ut…
     75|       longitude: -60.02, houseSystem: 'placidus', timeKnown: false, fl…

⎯⎯⎯⎯⎯⎯⎯⎯⎯⎯⎯⎯⎯⎯⎯⎯⎯⎯⎯⎯⎯⎯[19/23]⎯


 Test Files  1 failed (1)
      Tests  23 failed | 4 passed (27)
   Start at  13:38:58
   Duration  301ms (transform 60ms, setup 0ms, collect 71ms, tests 25ms, environment 0ms, prepare 32ms)

