{
  "startedAt": "2026-09-08T05:46:05.585Z",
  "completedAt": "2026-09-08T05:46:41.955Z",
  "node": "v22.23.2",
  "browser": "Chrome152",
  "identity": {
    "freeze": 2,
    "timestamp": "2026-09-08T05:41:09.965065+00:00",
    "baseCommit": "c761a49c55d125bca48ff38d81b0a9ff6fd5adcf",
    "sourceCheckout": "/private/tmp/zodiacs-platform-site-receipt-export",
    "files": {
      "src/islands/ChartCalculator.actions.test.ts": "a5291e6c274afb02c462de68e22df45f4598e5aea36dfb7ca2499f870af1a902",
      "src/islands/ChartCalculator.tsx": "a55cbae08d115c32f3cecb4f95b141fa6480f63cf75fa2f8e35345a233d39d11",
      "src/lib/engine/calculator-receipt.test.ts": "58b4a803c2f579e2d1c72ca27334270e4dc726620b369a2f280e40218fc50fe6",
      "src/lib/engine/calculator-receipt.ts": "21c1a94b6aadc77b28bfc1081de526f22e2514dbf4f30224049adb76564ca410",
      "src/lib/i18n/index.test.ts": "5d5435b23bdc12d9a35ae23af75f41b47c1d40a2d0d9534fed74f78051b171c4",
      "src/lib/i18n/ui/en.ts": "0d9d6be58d1e9c9de2093e754866ec8219267266140278478cded09e3313a890",
      "src/lib/i18n/ui/es.ts": "a7765491183cb21cc94f18e50f7de7f7749ce84e4a841726eb537a645483af7f",
      "src/lib/i18n/ui/fr.ts": "39d594d153d8d86190a7210a24e3f4e5fc863764310619f8cc1239a26375712f",
      "src/lib/i18n/ui/it.ts": "5db6cc6f90d31fa4f053addaff09de38d1b724d6f1ca22eb9af258976ef4f4f5",
      "src/lib/i18n/ui/pt.ts": "53534df49cd4a8dcd7245e806c696b5f521ecea8bdf6a9bf4cf16415c24019b3",
      "src/lib/i18n/ui/ru.test.ts": "30e63d628acb48176abf238ed41b661bb37b662d781cbd9f7f18bdcd97e63809",
      "src/lib/i18n/ui/ru.ts": "7658f2fffbc1de4541db893e969528ea041bfab0dee2e8e3428d4aa3c454673e",
      "src/lib/receipt-download.test.ts": "a3f039e77b4a234f7ab6dc46afa9819f7dd1c5de10a97a330654fb727b973ac6",
      "src/lib/receipt-download.ts": "6b11d3c850a5669eae98684cac629a150d3645854f657df4c5fc5f95cee33d6d"
    },
    "patchSha256": "d6639f7bd46ed9adce30c1d1f374394356350593234dacdcc82baa20086fa425",
    "focusedTestCount": 126,
    "astroCheck": {
      "errors": 0,
      "warnings": 0,
      "hints": 11
    },
    "extremeCompatibilityCases": 2136,
    "browserStatus": "pending",
    "rootEdited": false
  },
  "origin": "http://127.0.0.1:62396",
  "run": "/private/tmp/zodiacs-platform-site-receipt-export-evidence/browser-1788846365339",
  "results": [
    {
      "name": "harness",
      "status": "failed",
      "error": "locator.click: Timeout 30000ms exceeded.\nCall log:\n\u001b[2m  - waiting for getByRole('option').first()\u001b[22m\n\u001b[2m    - locator resolved to <option selected value=\"whole\">Whole sign (default)</option>\u001b[22m\n\u001b[2m  - attempting click action\u001b[22m\n\u001b[2m    2 × waiting for element to be visible, enabled and stable\u001b[22m\n\u001b[2m      - element is not visible\u001b[22m\n\u001b[2m    - retrying click action\u001b[22m\n\u001b[2m    - waiting 20ms\u001b[22m\n\u001b[2m    2 × waiting for element to be visible, enabled and stable\u001b[22m\n\u001b[2m      - element is not visible\u001b[22m\n\u001b[2m    - retrying click action\u001b[22m\n\u001b[2m      - waiting 100ms\u001b[22m\n\u001b[2m    58 × waiting for element to be visible, enabled and stable\u001b[22m\n\u001b[2m       - element is not visible\u001b[22m\n\u001b[2m     - retrying click action\u001b[22m\n\u001b[2m       - waiting 500ms\u001b[22m\n\n    at /private/tmp/zodiacs-platform-site-receipt-export-evidence/browser-drive.mjs:51:200"
    }
  ],
  "passed": 0,
  "failed": 1,
  "requestLog": [
    {
      "method": "GET",
      "path": "/birth-chart/",
      "status": 200
    },
    {
      "method": "GET",
      "path": "/fonts/instrument-sans-latin-wght-normal.woff2",
      "status": 200
    },
    {
      "method": "GET",
      "path": "/_astro/Base.Bryss0yT.css",
      "status": 200
    },
    {
      "method": "GET",
      "path": "/_astro/calculator.MBHg3tIV.css",
      "status": 200
    },
    {
      "method": "GET",
      "path": "/fonts/eb-garamond-latin-400-normal.woff2",
      "status": 200
    },
    {
      "method": "GET",
      "path": "/_astro/explorer.ijMRUwvv.css",
      "status": 200
    },
    {
      "method": "GET",
      "path": "/_astro/ChartActionDock.Cc8zzTbx.css",
      "status": 200
    },
    {
      "method": "GET",
      "path": "/fonts/eb-garamond-latin-500-normal.woff2",
      "status": 200
    },
    {
      "method": "GET",
      "path": "/_astro/AstroTerm.astro_astro_type_script_index_0_lang.DB1iYTmP.js",
      "status": 200
    },
    {
      "method": "GET",
      "path": "/fonts/jetbrains-mono-latin-wght-normal.woff2",
      "status": 200
    },
    {
      "method": "GET",
      "path": "/_astro/preload-helper.L5lOfJxi.js",
      "status": 200
    },
    {
      "method": "GET",
      "path": "/_astro/context-help-client.BqVrBbz0.js",
      "status": 200
    },
    {
      "method": "GET",
      "path": "/_astro/analytics.CH5T6e-b.js",
      "status": 200
    },
    {
      "method": "GET",
      "path": "/assets/app-icons/v3/favicon.svg",
      "status": 200
    },
    {
      "method": "GET",
      "path": "/_astro/client.DPkn9Lbl.js",
      "status": 200
    },
    {
      "method": "GET",
      "path": "/_astro/ChartCalculator.ChqyFlxy.js",
      "status": 200
    },
    {
      "method": "GET",
      "path": "/_astro/preact.module.Bjq9tLsx.js",
      "status": 200
    },
    {
      "method": "GET",
      "path": "/_astro/hooks.module.C0_8FjiD.js",
      "status": 200
    },
    {
      "method": "GET",
      "path": "/_astro/profile-access-reader.DoQqlSjt.js",
      "status": 200
    },
    {
      "method": "GET",
      "path": "/_astro/jsxRuntime.module.BG9KJlGc.js",
      "status": 200
    },
    {
      "method": "GET",
      "path": "/_astro/chunk-PD4H342X.BYuLx_KT.js",
      "status": 200
    },
    {
      "method": "GET",
      "path": "/_astro/PlanetGlyph.BhITbtcc.js",
      "status": 200
    },
    {
      "method": "GET",
      "path": "/_astro/signs.BMXPKoMF.js",
      "status": 200
    },
    {
      "method": "GET",
      "path": "/_astro/astrology.BHib5efU.js",
      "status": 200
    },
    {
      "method": "GET",
      "path": "/_astro/CalculationReload.DXyGkRsn.js",
      "status": 200
    },
    {
      "method": "GET",
      "path": "/_astro/i18n.Cg_lCJuc.js",
      "status": 200
    },
    {
      "method": "GET",
      "path": "/_astro/share.BRlg0eGS.js",
      "status": 200
    },
    {
      "method": "GET",
      "path": "/_astro/chart-handoff.Dvz2AAcL.js",
      "status": 200
    },
    {
      "method": "GET",
      "path": "/_astro/useProfileAccessGeneration.w2JLb1F6.js",
      "status": 200
    },
    {
      "method": "GET",
      "path": "/_astro/localToUtc.lkZcCpbL.js",
      "status": 200
    },
    {
      "method": "GET",
      "path": "/_astro/useEngine.BxQZzCQs.js",
      "status": 200
    },
    {
      "method": "GET",
      "path": "/_astro/BirthFields.VmY_J4-2.js",
      "status": 200
    },
    {
      "method": "GET",
      "path": "/_astro/interpretations.BaZkYN67.js",
      "status": 200
    },
    {
      "method": "GET",
      "path": "/_astro/AstroTerm.7K8SAipO.js",
      "status": 200
    },
    {
      "method": "GET",
      "path": "/_astro/SignChip.Dx3tQVZl.js",
      "status": 200
    },
    {
      "method": "GET",
      "path": "/_astro/AspectGlyph.DMIAGIQV.js",
      "status": 200
    },
    {
      "method": "GET",
      "path": "/_astro/Wheel.RNRSqGob.js",
      "status": 200
    },
    {
      "method": "GET",
      "path": "/_astro/dignities.BycBkP8Y.js",
      "status": 200
    },
    {
      "method": "GET",
      "path": "/_astro/houses.DhEjqPPf.js",
      "status": 200
    },
    {
      "method": "GET",
      "path": "/_astro/technical-layout.DQIjXHHb.js",
      "status": 200
    },
    {
      "method": "GET",
      "path": "/_astro/lite.DKWHZC5_.js",
      "status": 200
    },
    {
      "method": "GET",
      "path": "/_astro/learning-input-identity.C-WLv51I.js",
      "status": 200
    },
    {
      "method": "GET",
      "path": "/_astro/post-chart-context.BZ1tHGpl.js",
      "status": 200
    },
    {
      "method": "GET",
      "path": "/_astro/chunk-INI453VG.BxjMUPBs.js",
      "status": 200
    },
    {
      "method": "GET",
      "path": "/_astro/paths.DYbAuceH.js",
      "status": 200
    },
    {
      "method": "GET",
      "path": "/_astro/rolldown-runtime.DK3Fl9T5.js",
      "status": 200
    },
    {
      "method": "GET",
      "path": "/_astro/civil-date.CpOZUt7Z.js",
      "status": 200
    },
    {
      "method": "GET",
      "path": "/_astro/PlaceSearch.D1WsU_jW.js",
      "status": 200
    },
    {
      "method": "GET",
      "path": "/_astro/technical-locales.DDKucXXd.js",
      "status": 200
    },
    {
      "method": "GET",
      "path": "/assets/site-footer.css",
      "status": 200
    },
    {
      "method": "GET",
      "path": "/assets/assistant-ui.js",
      "status": 200
    },
    {
      "method": "GET",
      "path": "/assets/assistant-ui.css",
      "status": 200
    },
    {
      "method": "GET",
      "path": "/assets/guide-avatar.webp",
      "status": 200
    },
    {
      "method": "GET",
      "path": "/_astro/full.DXD_oWB0.js",
      "status": 200
    },
    {
      "method": "GET",
      "path": "/_astro/chart-adapter.DdfW9XjH.js",
      "status": 200
    },
    {
      "method": "GET",
      "path": "/_astro/search.BXcwbrsc.js",
      "status": 200
    },
    {
      "method": "GET",
      "path": "/data/cities/index.json",
      "status": 200
    },
    {
      "method": "GET",
      "path": "/data/cities/l.json",
      "status": 200
    },
    {
      "method": "GET",
      "path": "/sw.js",
      "status": 200
    },
    {
      "method": "GET",
      "path": "/birth-chart/",
      "status": 200
    },
    {
      "method": "GET",
      "path": "/",
      "status": 200
    },
    {
      "method": "GET",
      "path": "/tools/",
      "status": 200
    },
    {
      "method": "GET",
      "path": "/compatibility/",
      "status": 200
    },
    {
      "method": "GET",
      "path": "/transits/",
      "status": 200
    },
    {
      "method": "GET",
      "path": "/moon-sign/",
      "status": 200
    },
    {
      "method": "GET",
      "path": "/moon-phase/",
      "status": 200
    },
    {
      "method": "GET",
      "path": "/saturn-return/",
      "status": 200
    },
    {
      "method": "GET",
      "path": "/rising-sign/",
      "status": 200
    },
    {
      "method": "GET",
      "path": "/eclipses/",
      "status": 200
    },
    {
      "method": "GET",
      "path": "/birthday/",
      "status": 200
    },
    {
      "method": "GET",
      "path": "/retrogrades/",
      "status": 200
    },
    {
      "method": "GET",
      "path": "/today/",
      "status": 200
    },
    {
      "method": "GET",
      "path": "/profile/",
      "status": 200
    },
    {
      "method": "GET",
      "path": "/horoscopes/",
      "status": 200
    },
    {
      "method": "GET",
      "path": "/site.webmanifest",
      "status": 200
    }
  ],
  "served": {
    "birth-chart/index.html": {
      "bytes": 108508,
      "sha256": "9710a99b1309f994402859c6e75e11b9a510a6a7c0f9f352bfc51802069b3065"
    },
    "fonts/instrument-sans-latin-wght-normal.woff2": {
      "bytes": 30092,
      "sha256": "2ee17598a98d8a59e4df8152d015bec9ab8e4d5672cc0ab42bef806b568e3971"
    },
    "_astro/Base.Bryss0yT.css": {
      "bytes": 46112,
      "sha256": "4877c6226e887495ac2c87605485f8011cbd605ab9c0ab4a5400310591712486"
    },
    "_astro/calculator.MBHg3tIV.css": {
      "bytes": 62573,
      "sha256": "e4606bd37837f898c7b5e0a5e2da987c1de2bcfe97130a72beb2e5c22d154004"
    },
    "fonts/eb-garamond-latin-400-normal.woff2": {
      "bytes": 21704,
      "sha256": "b63448e2680a0dbde70ebb2f3de78f6c515122835491f938e8a8595b46f29210"
    },
    "_astro/explorer.ijMRUwvv.css": {
      "bytes": 19962,
      "sha256": "741806551de3bf6e2ff210ea3c7e76f9361ed2e26894f23f8ad0870faed312a5"
    },
    "_astro/ChartActionDock.Cc8zzTbx.css": {
      "bytes": 14972,
      "sha256": "cab0ce96a6285f99bbfbcea67006a99a09d7f345bb1459d03ddf9ae7a71eeffc"
    },
    "fonts/eb-garamond-latin-500-normal.woff2": {
      "bytes": 23012,
      "sha256": "d2bb3f624516d0233ef8a03bd7b2be47489c36809a02e83ac1bc859e85f4874a"
    },
    "_astro/AstroTerm.astro_astro_type_script_index_0_lang.DB1iYTmP.js": {
      "bytes": 773,
      "sha256": "e5e0beef4df10d80ce52048ae4dde287d85081dc1ef43a7ae1d2b7cd0d9c57ca"
    },
    "fonts/jetbrains-mono-latin-wght-normal.woff2": {
      "bytes": 40404,
      "sha256": "18be452724bfdc236c074ca94a249a7f41a86752c7d04ab258ce9ed5651f6a7e"
    },
    "_astro/preload-helper.L5lOfJxi.js": {
      "bytes": 1402,
      "sha256": "8bf772fcf734da4b451168642b9e1e058d1b50662c2a7d3898e381a93821e927"
    },
    "_astro/context-help-client.BqVrBbz0.js": {
      "bytes": 2472,
      "sha256": "52898761ddcbdc056db7ca336cd74278a03e2295fe1bb45bbaa08ce2c8df37ce"
    },
    "_astro/analytics.CH5T6e-b.js": {
      "bytes": 4190,
      "sha256": "56e90fb699bd1011541cdb4d08db91eddd597aed43c60b230334be26a2034252"
    },
    "assets/app-icons/v3/favicon.svg": {
      "bytes": 791,
      "sha256": "7905102c09c8c80f73cca1f2b23d3921fd8a18f8666cbe7d1436e7acabca1f9b"
    },
    "_astro/client.DPkn9Lbl.js": {
      "bytes": 1447,
      "sha256": "d3be63c8d0105f6032306ace6829ffea98abed0096ddeb191582c25b21406999"
    },
    "_astro/ChartCalculator.ChqyFlxy.js": {
      "bytes": 57973,
      "sha256": "f9c5dbf47f13dae1b0f64200382a91cc42a8710f07fca690ae2c4503d4488b7d"
    },
    "_astro/preact.module.Bjq9tLsx.js": {
      "bytes": 10499,
      "sha256": "796cb24cfe472a03b823ebf5cfbded9e8a72d0b2ca7e9b664ac86f00a4ae5635"
    },
    "_astro/hooks.module.C0_8FjiD.js": {
      "bytes": 2875,
      "sha256": "70a0edc427ea0e3966f512ed162307b8a5afb48573954980940e3192514f706d"
    },
    "_astro/profile-access-reader.DoQqlSjt.js": {
      "bytes": 438,
      "sha256": "ac2ba400a524418b089be2106d34a11f9bb7643fefc6b64037c1e70817c95390"
    },
    "_astro/jsxRuntime.module.BG9KJlGc.js": {
      "bytes": 430,
      "sha256": "7ddcbbccf1cc5b5de237799db0cae97c8f7fdd5d9165217bdb6589e1784c4daa"
    },
    "_astro/chunk-PD4H342X.BYuLx_KT.js": {
      "bytes": 1763,
      "sha256": "468213d118f571a9fdeececc20be4fafe5390666c258aee0dcca44860ea12cbd"
    },
    "_astro/PlanetGlyph.BhITbtcc.js": {
      "bytes": 575,
      "sha256": "57a8ba42fb26d5c455b964998d5fbc23fc0585de59f9c0137374ddba12b2bf04"
    },
    "_astro/signs.BMXPKoMF.js": {
      "bytes": 11693,
      "sha256": "21b146a22aa299589f659504f61ab2104f8ad9b0e1ed7e157225846e1380b2bc"
    },
    "_astro/astrology.BHib5efU.js": {
      "bytes": 3245,
      "sha256": "e94055469669e92e81c0dd91a9abfd798f3117b043722af9d00bed9862ea375d"
    },
    "_astro/CalculationReload.DXyGkRsn.js": {
      "bytes": 763,
      "sha256": "7e2446346104d1763f368f626e5985841253b06c69d963d70b805d9c97b4f0ef"
    },
    "_astro/i18n.Cg_lCJuc.js": {
      "bytes": 6936,
      "sha256": "70a9b92ff3baa35ed2be7696d32de5c76cae626de229e50c6487c25c2e18715d"
    },
    "_astro/share.BRlg0eGS.js": {
      "bytes": 2132,
      "sha256": "f3a348fb12040c31c28f228429082eef8c165dab93c24c85d23fabc246819308"
    },
    "_astro/chart-handoff.Dvz2AAcL.js": {
      "bytes": 2042,
      "sha256": "6cbebae5f3208b46424ee9b969e574d566f8195bef4f717ed4f16bcacbd61de8"
    },
    "_astro/useProfileAccessGeneration.w2JLb1F6.js": {
      "bytes": 340,
      "sha256": "8ccce5b321237b4d1cecd2c69650d62e2860db72ce71fdd43e9ddc2310ede47f"
    },
    "_astro/localToUtc.lkZcCpbL.js": {
      "bytes": 2119,
      "sha256": "eed244467ad95ea62901b2996c1ec8d204ee9b4ef49f08fc5101111429e207df"
    },
    "_astro/useEngine.BxQZzCQs.js": {
      "bytes": 504,
      "sha256": "c3af18772d3d57456f5968dba3d71c5791abb1a881e23556ba03a491c6e3f9d9"
    },
    "_astro/BirthFields.VmY_J4-2.js": {
      "bytes": 1752,
      "sha256": "19e06f8315f7c93b377f7409a4720365386a7299105cc996abb511eac88c583d"
    },
    "_astro/interpretations.BaZkYN67.js": {
      "bytes": 8979,
      "sha256": "5aa7453429b2bf749187d7cc798ee5b36ca2aae705d087c333664101e5198dae"
    },
    "_astro/AstroTerm.7K8SAipO.js": {
      "bytes": 9025,
      "sha256": "17af4a5e86f3270f2aa6364ab24d0de9f444c2839b4018a181de22448a581cbe"
    },
    "_astro/SignChip.Dx3tQVZl.js": {
      "bytes": 550,
      "sha256": "646a0460f7a067c5fb3a73900214c973dabf4876a2f86148e236d6c2d424a324"
    },
    "_astro/AspectGlyph.DMIAGIQV.js": {
      "bytes": 488,
      "sha256": "ecdefca57e6790a7adb230908af5aac6eb308e0cbcc80097871c54297124c10a"
    },
    "_astro/Wheel.RNRSqGob.js": {
      "bytes": 12355,
      "sha256": "d7da588ac840dfd90aba737f3b6d01e4e70c09c9ec00ccfbc7916377751b2f0e"
    },
    "_astro/dignities.BycBkP8Y.js": {
      "bytes": 1822,
      "sha256": "a925e7ba2284ebe5efc85bcd0e3e6aac10249c09ce84d50c5190c1d2c7460d17"
    },
    "_astro/houses.DhEjqPPf.js": {
      "bytes": 213,
      "sha256": "6bef6329bd817cfe2ce9d709c02c5b3acd57d355eaeda8a5ef40279b0face74b"
    },
    "_astro/technical-layout.DQIjXHHb.js": {
      "bytes": 860,
      "sha256": "68a00271f2f7ca0a13b4ebb91a551621055cb4ba300f129a7f51e6f37e8d5f3a"
    },
    "_astro/lite.DKWHZC5_.js": {
      "bytes": 831,
      "sha256": "476fab7cec6bcb6af7fef8a37f86632f70def966fc429b9f9aba7e79e5bc191a"
    },
    "_astro/learning-input-identity.C-WLv51I.js": {
      "bytes": 146,
      "sha256": "5106f2126175d7ff8e312ba0cbc6eb0147633260d0a22efae31e75a2de1d5eb9"
    },
    "_astro/post-chart-context.BZ1tHGpl.js": {
      "bytes": 663,
      "sha256": "1ba31290b285532f103921d8d443ba806f1726a7929b603134dbcee278f55ecc"
    },
    "_astro/chunk-INI453VG.BxjMUPBs.js": {
      "bytes": 2569,
      "sha256": "efa084e2eae5485eccfaad870772aec3ac07d92c962418d8cc609a54ebbc287b"
    },
    "_astro/paths.DYbAuceH.js": {
      "bytes": 1629,
      "sha256": "77317e53ca4be342c789290b02f93192d52a7623db0b9c4bf871df17082a8720"
    },
    "_astro/rolldown-runtime.DK3Fl9T5.js": {
      "bytes": 158,
      "sha256": "a526d1bb3288ef04d001028843220a24b0867a4edf8c685b69506d6525af36ff"
    },
    "_astro/civil-date.CpOZUt7Z.js": {
      "bytes": 533,
      "sha256": "74a94adc5da6547b114096c562cc0f2490d057a3b599d90578ea0972d2044df9"
    },
    "_astro/PlaceSearch.D1WsU_jW.js": {
      "bytes": 3472,
      "sha256": "9f384108f99e4e65ac31f34e627d405a5fad82aee9ff840d149be58183f380c9"
    },
    "_astro/technical-locales.DDKucXXd.js": {
      "bytes": 46,
      "sha256": "69bc1979f1929b7cb2ce9131fe3d21dd6ea7462b6442d503d883d6aa64d1a5b6"
    },
    "assets/site-footer.css": {
      "bytes": 10397,
      "sha256": "d6088ed5422a2ec37639adb906b1c6ed81ff93df7f36d3d50de1d23ab94e0700"
    },
    "assets/assistant-ui.js": {
      "bytes": 4088,
      "sha256": "238a125c27cb9d23f5267524a6e2a30f38b357d6d54f4b396b776617b56563eb"
    },
    "assets/assistant-ui.css": {
      "bytes": 1396,
      "sha256": "eaf7e9531749d921c0947df7894e2fd447dcd800da620b3a14ba673af1cb7e0d"
    },
    "assets/guide-avatar.webp": {
      "bytes": 11384,
      "sha256": "9970c7c5d7d20343e20a7f59422f3647c2ff3bf38a0565ac145d5bed0f96bb11"
    },
    "_astro/full.DXD_oWB0.js": {
      "bytes": 392,
      "sha256": "02aa86bc56ca2f36c3368974dd6ef38b9be112c0339386e2cd294e12fa86dece"
    },
    "_astro/chart-adapter.DdfW9XjH.js": {
      "bytes": 50306,
      "sha256": "99570f67d9d48b397774ac7cb648a61dd512024beb6e11f3a97bd229a6fe30ea"
    },
    "_astro/search.BXcwbrsc.js": {
      "bytes": 1096,
      "sha256": "eaf4da24fcbeb817ac868f6ac023797a7dc5419743251d58f650d58b009dd00b"
    },
    "data/cities/index.json": {
      "bytes": 47087,
      "sha256": "3efa920843be21788d47ed236109127a270025b1fc81aa2e3f6dae835c429dd6"
    },
    "data/cities/l.json": {
      "bytes": 72040,
      "sha256": "03716f92fee2c31131bd9bf7dfb990b4961f6d59f546cf4bdb044ed045b36606"
    },
    "sw.js": {
      "bytes": 7971,
      "sha256": "75c3f24c1b4de3570403363d7cf44016e012a8434023e3e1a20eba818bbe0a3b"
    },
    "index.html": {
      "bytes": 198310,
      "sha256": "9c6a8d3da32c61fc280eecf61ea0c28d84056684a7e94da738fd6a5c4b9b193b"
    },
    "tools/index.html": {
      "bytes": 74473,
      "sha256": "7a8c3266455b869f53e3db8c4548cada4a491b594fe341cae3c1cb1febd6ed30"
    },
    "compatibility/index.html": {
      "bytes": 117183,
      "sha256": "dc5ac9fcbc3201758161364c2c1ec90175363bedb24cfbaee31931e844ddb1c4"
    },
    "transits/index.html": {
      "bytes": 109518,
      "sha256": "da1d74f6455b78898f35be8b4f476aac61e4d2cee8803290533515a410c4fc7b"
    },
    "moon-sign/index.html": {
      "bytes": 95690,
      "sha256": "33e343e1ddc3a5b8caaf3c92dc4a1aa3fa20e23a45a4413281fb40a0003e28df"
    },
    "moon-phase/index.html": {
      "bytes": 89478,
      "sha256": "711013fc762968bd4ed4b485ea2c1b2aa49535935e804e963ebd105ab0206b90"
    },
    "saturn-return/index.html": {
      "bytes": 85156,
      "sha256": "84039c31b93a1d1542e63236b75c7ca34b0e87a39bf1f936a7ca8875eedb08b6"
    },
    "rising-sign/index.html": {
      "bytes": 101392,
      "sha256": "5aeee776fe85d19f1c6336bebeb6d726e5e248277ec63a16cb8496e5d9de931d"
    },
    "eclipses/index.html": {
      "bytes": 75958,
      "sha256": "5d56cd84a909801d3c37cc1df04ec513e9134243f8beebf020a523b5bc59890a"
    },
    "birthday/index.html": {
      "bytes": 151415,
      "sha256": "a1514b4e317c3ac989a4f4fbfbc8612f91167b98a9bb62d3de35b7ca20a1b6ba"
    },
    "retrogrades/index.html": {
      "bytes": 94760,
      "sha256": "2d0c17eda63d6ce6f60573d4574e2b37a668212a1a00297203dfdde14f0e1010"
    },
    "today/index.html": {
      "bytes": 109622,
      "sha256": "e8b23cb6dc70c8188ab380f4f5582716c2834d72e0784ed8bf0c66a78374f8af"
    },
    "profile/index.html": {
      "bytes": 81254,
      "sha256": "ca8aa0b5c063bed5a41fd875959428a8949eeef94aa521efc36ecdde3c33da7f"
    },
    "horoscopes/index.html": {
      "bytes": 83462,
      "sha256": "b10f9b74fd39247b63a750b676f2578452a702552f73b3582713ad4e6e708dd2"
    },
    "site.webmanifest": {
      "bytes": 775,
      "sha256": "63e4f47ebeef82fb33bb13221bbf4dcebf52dc07607486ab1468687f64104f82"
    }
  },
  "cleanup": {
    "contextsClosed": true,
    "browserClosed": true,
    "serverClosed": true
  },
  "finalSource": {
    "src/islands/ChartCalculator.actions.test.ts": "a5291e6c274afb02c462de68e22df45f4598e5aea36dfb7ca2499f870af1a902",
    "src/islands/ChartCalculator.tsx": "a55cbae08d115c32f3cecb4f95b141fa6480f63cf75fa2f8e35345a233d39d11",
    "src/lib/engine/calculator-receipt.test.ts": "58b4a803c2f579e2d1c72ca27334270e4dc726620b369a2f280e40218fc50fe6",
    "src/lib/engine/calculator-receipt.ts": "21c1a94b6aadc77b28bfc1081de526f22e2514dbf4f30224049adb76564ca410",
    "src/lib/i18n/index.test.ts": "5d5435b23bdc12d9a35ae23af75f41b47c1d40a2d0d9534fed74f78051b171c4",
    "src/lib/i18n/ui/en.ts": "0d9d6be58d1e9c9de2093e754866ec8219267266140278478cded09e3313a890",
    "src/lib/i18n/ui/es.ts": "a7765491183cb21cc94f18e50f7de7f7749ce84e4a841726eb537a645483af7f",
    "src/lib/i18n/ui/fr.ts": "39d594d153d8d86190a7210a24e3f4e5fc863764310619f8cc1239a26375712f",
    "src/lib/i18n/ui/it.ts": "5db6cc6f90d31fa4f053addaff09de38d1b724d6f1ca22eb9af258976ef4f4f5",
    "src/lib/i18n/ui/pt.ts": "53534df49cd4a8dcd7245e806c696b5f521ecea8bdf6a9bf4cf16415c24019b3",
    "src/lib/i18n/ui/ru.test.ts": "30e63d628acb48176abf238ed41b661bb37b662d781cbd9f7f18bdcd97e63809",
    "src/lib/i18n/ui/ru.ts": "7658f2fffbc1de4541db893e969528ea041bfab0dee2e8e3428d4aa3c454673e",
    "src/lib/receipt-download.test.ts": "a3f039e77b4a234f7ab6dc46afa9819f7dd1c5de10a97a330654fb727b973ac6",
    "src/lib/receipt-download.ts": "6b11d3c850a5669eae98684cac629a150d3645854f657df4c5fc5f95cee33d6d"
  }
}
