[
  {
    "name": "home-desktop.actual.png",
    "maximumRawChannelDelta": 20,
    "perPixelMaximumChannelDeltaHistogram": {
      "1": 248446,
      "2": 17,
      "3": 32,
      "4": 7,
      "6": 4,
      "7": 7,
      "9": 1,
      "10": 2,
      "11": 9,
      "12": 14,
      "13": 3,
      "15": 4,
      "16": 11,
      "17": 7,
      "18": 2,
      "19": 1,
      "20": 3
    },
    "bounds": {
      "minX": 0,
      "minY": 3,
      "maxX": 1439,
      "maxY": 5728
    }
  },
  {
    "name": "home-desktop-reduced-motion.actual.png",
    "maximumRawChannelDelta": 20,
    "perPixelMaximumChannelDeltaHistogram": {
      "1": 251888,
      "2": 17,
      "3": 32,
      "4": 7,
      "6": 4,
      "7": 7,
      "9": 1,
      "10": 2,
      "11": 9,
      "12": 14,
      "13": 3,
      "15": 4,
      "16": 11,
      "17": 7,
      "18": 2,
      "19": 1,
      "20": 3
    },
    "bounds": {
      "minX": 0,
      "minY": 3,
      "maxX": 1439,
      "maxY": 5728
    }
  }
]
