{"name":"en-chart-1280","passed":false}
{"name":"en-chart-390","passed":false}
{"name":"en-moon-1280","passed":true}
{"name":"en-moon-390","passed":true}
{"name":"es-chart-1280","passed":false}
{"name":"es-chart-390","passed":false}
{"name":"es-moon-1280","passed":true}
{"name":"es-moon-390","passed":true}
{"name":"fr-chart-1280","passed":false}
{"name":"fr-chart-390","passed":false}
{"name":"fr-moon-1280","passed":true}
{"name":"fr-moon-390","passed":true}
{"name":"it-chart-1280","passed":false}
{"name":"it-chart-390","passed":false}
{"name":"it-moon-1280","passed":true}
{"name":"it-moon-390","passed":true}
{"name":"pt-chart-1280","passed":false}
{"name":"pt-chart-390","passed":false}
{"name":"pt-moon-1280","passed":true}
{"name":"pt-moon-390","passed":true}
{"name":"ru-chart-1280","passed":false}
{"name":"ru-chart-390","passed":false}
{"name":"ru-moon-1280","passed":true}
{"name":"ru-moon-390","passed":true}
{"passed":12,"failed":12,"outcome":"failed"}
